*** Using Compiler 'V5.06 update 7 (build 960)', folder: 'D:\Keil5\ARM\ARMCC\Bin'
Build target 'LCD'
assembling startup_stm32h750xx.s...
compiling system_stm32h7xx.c...
compiling stm32h7xx_hal_pwr.c...
compiling stm32h7xx_hal_usart_ex.c...
compiling stm32h7xx_hal.c...
compiling stm32h7xx_it.c...
compiling stm32h7xx_hal_rcc.c...
compiling stm32h7xx_hal_uart_ex.c...
compiling delay.c...
compiling main.c...
compiling stm32h7xx_hal_mdma.c...
compiling stm32h7xx_hal_rcc_ex.c...
compiling usart.c...
compiling stm32h7xx_hal_dma.c...
compiling sys.c...
compiling stm32h7xx_hal_usart.c...
compiling stm32h7xx_hal_gpio.c...
compiling stm32h7xx_hal_pwr_ex.c...
compiling stm32h7xx_hal_cortex.c...
compiling stm32h7xx_hal_uart.c...
compiling led.c...
compiling mpu.c...
compiling stm32h7xx_hal_sram.c...
compiling stm32h7xx_ll_fmc.c...
compiling lcd.c...
linking...
Program Size: Code=37218 RO-data=19014 RW-data=40 ZI-data=3088  
FromELF: creating hex file...
"..\..\Output\atk_h750.axf" - 0 Error(s), 0 Warning(s).
Build Time Elapsed:  00:00:09
