*** Using Compiler 'V5.06 update 7 (build 960)', folder: 'C:\Keil_v5\ARM\ARMCC\Bin'
Rebuild target 'START'
assembling startup_stm32h743xx.s...
compiling sai.c...
compiling stm32h7xx_it.c...
compiling stm32h7xx_hal_msp.c...
compiling gpio.c...
compiling usart.c...
compiling stm32h7xx_hal_cortex.c...
compiling stm32h7xx_hal_tim_ex.c...
compiling main.c...
compiling stm32h7xx_hal_flash_ex.c...
compiling stm32h7xx_hal_timebase_tim.c...
compiling freertos.c...
compiling stm32h7xx_hal_flash.c...
compiling stm32h7xx_hal_rcc.c...
compiling stm32h7xx_hal_tim.c...
compiling stm32h7xx_hal_rcc_ex.c...
compiling stm32h7xx_hal_gpio.c...
compiling stm32h7xx_hal_hsem.c...
compiling croutine.c...
compiling stm32h7xx_hal_i2c_ex.c...
compiling stm32h7xx_hal_exti.c...
compiling event_groups.c...
compiling stm32h7xx_hal_sai.c...
compiling list.c...
compiling stm32h7xx_hal_uart_ex.c...
compiling stream_buffer.c...
compiling queue.c...
compiling timers.c...
compiling tasks.c...
compiling stm32h7xx_hal_mdma.c...
compiling heap_4.c...
compiling stm32h7xx_hal_uart.c...
compiling port.c...
compiling stm32h7xx_hal_sai_ex.c...
compiling stm32h7xx_hal_i2c.c...
compiling stm32h7xx_hal_pwr_ex.c...
compiling stm32h7xx_hal.c...
compiling stm32h7xx_hal_pwr.c...
compiling stm32h7xx_hal_dma_ex.c...
compiling stm32h7xx_hal_dma.c...
compiling system_stm32h7xx.c...
compiling pcmd3180.c...
compiling soft_i2c.c...
compiling cmsis_os2.c...
linking...
Program Size: Code=24660 RO-data=812 RW-data=184 ZI-data=71080  
FromELF: creating hex file...
"START\START.axf" - 0 Error(s), 0 Warning(s).
Build Time Elapsed:  00:00:59
