Component: ARM Compiler 5.06 update 7 (build 960) Tool: armlink [4d3601]

==============================================================================

Section Cross References

    startup_stm32h743xx.o(RESET) refers to startup_stm32h743xx.o(STACK) for __initial_sp
    startup_stm32h743xx.o(RESET) refers to startup_stm32h743xx.o(.text) for Reset_Handler
    startup_stm32h743xx.o(RESET) refers to stm32h7xx_it.o(i.NMI_Handler) for NMI_Handler
    startup_stm32h743xx.o(RESET) refers to stm32h7xx_it.o(i.HardFault_Handler) for HardFault_Handler
    startup_stm32h743xx.o(RESET) refers to stm32h7xx_it.o(i.MemManage_Handler) for MemManage_Handler
    startup_stm32h743xx.o(RESET) refers to stm32h7xx_it.o(i.BusFault_Handler) for BusFault_Handler
    startup_stm32h743xx.o(RESET) refers to stm32h7xx_it.o(i.UsageFault_Handler) for UsageFault_Handler
    startup_stm32h743xx.o(RESET) refers to port.o(.emb_text) for SVC_Handler
    startup_stm32h743xx.o(RESET) refers to stm32h7xx_it.o(i.DebugMon_Handler) for DebugMon_Handler
    startup_stm32h743xx.o(RESET) refers to cmsis_os2.o(i.SysTick_Handler) for SysTick_Handler
    startup_stm32h743xx.o(RESET) refers to stm32h7xx_it.o(i.DMA1_Stream0_IRQHandler) for DMA1_Stream0_IRQHandler
    startup_stm32h743xx.o(RESET) refers to stm32h7xx_it.o(i.TIM6_DAC_IRQHandler) for TIM6_DAC_IRQHandler
    startup_stm32h743xx.o(RESET) refers to stm32h7xx_it.o(i.SAI1_IRQHandler) for SAI1_IRQHandler
    startup_stm32h743xx.o(.text) refers to system_stm32h7xx.o(i.ExitRun0Mode) for ExitRun0Mode
    startup_stm32h743xx.o(.text) refers to system_stm32h7xx.o(i.SystemInit) for SystemInit
    startup_stm32h743xx.o(.text) refers to entry.o(.ARM.Collect$$$$00000000) for __main
    main.o(i.HAL_SAI_RxCpltCallback) refers to tasks.o(i.xTaskGenericNotifyFromISR) for xTaskGenericNotifyFromISR
    main.o(i.HAL_SAI_RxCpltCallback) refers to app_main_task.o(.data) for xAudioPreTaskHandle
    main.o(i.HAL_SAI_RxHalfCpltCallback) refers to tasks.o(i.xTaskGenericNotifyFromISR) for xTaskGenericNotifyFromISR
    main.o(i.HAL_SAI_RxHalfCpltCallback) refers to app_main_task.o(.data) for xAudioPreTaskHandle
    main.o(i.HAL_TIM_PeriodElapsedCallback) refers to stm32h7xx_hal.o(i.HAL_IncTick) for HAL_IncTick
    main.o(i.SystemClock_Config) refers to memseta.o(.text) for __aeabi_memclr4
    main.o(i.SystemClock_Config) refers to stm32h7xx_hal_pwr_ex.o(i.HAL_PWREx_ConfigSupply) for HAL_PWREx_ConfigSupply
    main.o(i.SystemClock_Config) refers to stm32h7xx_hal_rcc.o(i.HAL_RCC_OscConfig) for HAL_RCC_OscConfig
    main.o(i.SystemClock_Config) refers to stm32h7xx_hal_rcc.o(i.HAL_RCC_ClockConfig) for HAL_RCC_ClockConfig
    main.o(i.main) refers to stm32h7xx_hal_cortex.o(i.HAL_MPU_Disable) for HAL_MPU_Disable
    main.o(i.main) refers to stm32h7xx_hal_cortex.o(i.HAL_MPU_ConfigRegion) for HAL_MPU_ConfigRegion
    main.o(i.main) refers to stm32h7xx_hal_cortex.o(i.HAL_MPU_Enable) for HAL_MPU_Enable
    main.o(i.main) refers to stm32h7xx_hal.o(i.HAL_Init) for HAL_Init
    main.o(i.main) refers to mpu.o(i.App_MPU_Config) for App_MPU_Config
    main.o(i.main) refers to soft_i2c.o(i.Soft_I2C_Init) for Soft_I2C_Init
    main.o(i.main) refers to main.o(i.SystemClock_Config) for SystemClock_Config
    main.o(i.main) refers to gpio.o(i.MX_GPIO_Init) for MX_GPIO_Init
    main.o(i.main) refers to dma.o(i.MX_DMA_Init) for MX_DMA_Init
    main.o(i.main) refers to usart.o(i.MX_USART1_UART_Init) for MX_USART1_UART_Init
    main.o(i.main) refers to sai.o(i.MX_SAI1_Init) for MX_SAI1_Init
    main.o(i.main) refers to cmsis_os2.o(i.osKernelInitialize) for osKernelInitialize
    main.o(i.main) refers to freertos.o(i.MX_FREERTOS_Init) for MX_FREERTOS_Init
    main.o(i.main) refers to cmsis_os2.o(i.osKernelStart) for osKernelStart
    gpio.o(i.MX_GPIO_Init) refers to memseta.o(.text) for __aeabi_memclr4
    gpio.o(i.MX_GPIO_Init) refers to stm32h7xx_hal_gpio.o(i.HAL_GPIO_WritePin) for HAL_GPIO_WritePin
    gpio.o(i.MX_GPIO_Init) refers to stm32h7xx_hal_gpio.o(i.HAL_GPIO_Init) for HAL_GPIO_Init
    freertos.o(i.MX_FREERTOS_Init) refers to cmsis_os2.o(i.osThreadNew) for osThreadNew
    freertos.o(i.MX_FREERTOS_Init) refers to tasks.o(i.xTaskCreate) for xTaskCreate
    freertos.o(i.MX_FREERTOS_Init) refers to freertos.o(.constdata) for .constdata
    freertos.o(i.MX_FREERTOS_Init) refers to freertos.o(i.StartDefaultTask) for StartDefaultTask
    freertos.o(i.MX_FREERTOS_Init) refers to freertos.o(.data) for .data
    freertos.o(i.MX_FREERTOS_Init) refers to freertos.o(i.PCMD3180InitTask) for PCMD3180InitTask
    freertos.o(i.MX_FREERTOS_Init) refers to freertos.o(i.StartTask) for StartTask
    freertos.o(i.MyTask) refers to cmsis_os2.o(i.osDelay) for osDelay
    freertos.o(i.MyTask) refers to stm32h7xx_hal_gpio.o(i.HAL_GPIO_TogglePin) for HAL_GPIO_TogglePin
    freertos.o(i.MyTask2) refers to cmsis_os2.o(i.osDelay) for osDelay
    freertos.o(i.MyTask3) refers to cmsis_os2.o(i.osDelay) for osDelay
[...]
    _printf_g                                0x00000000   Number         0  stubs.o ABSOLUTE
    _printf_i                                0x00000000   Number         0  stubs.o ABSOLUTE
    _printf_int_dec                          0x00000000   Number         0  stubs.o ABSOLUTE
    _printf_l                                0x00000000   Number         0  stubs.o ABSOLUTE
    _printf_lc                               0x00000000   Number         0  stubs.o ABSOLUTE
    _printf_ll                               0x00000000   Number         0  stubs.o ABSOLUTE
    _printf_lld                              0x00000000   Number         0  stubs.o ABSOLUTE
    _printf_lli                              0x00000000   Number         0  stubs.o ABSOLUTE
    _printf_llo                              0x00000000   Number         0  stubs.o ABSOLUTE
    _printf_llu                              0x00000000   Number         0  stubs.o ABSOLUTE
    _printf_llx                              0x00000000   Number         0  stubs.o ABSOLUTE
    _printf_longlong_dec                     0x00000000   Number         0  stubs.o ABSOLUTE
    _printf_longlong_hex                     0x00000000   Number         0  stubs.o ABSOLUTE
    _printf_longlong_oct                     0x00000000   Number         0  stubs.o ABSOLUTE
    _printf_ls                               0x00000000   Number         0  stubs.o ABSOLUTE
    _printf_mbtowc                           0x00000000   Number         0  stubs.o ABSOLUTE
    _printf_n                                0x00000000   Number         0  stubs.o ABSOLUTE
    _printf_o                                0x00000000   Number         0  stubs.o ABSOLUTE
    _printf_p                                0x00000000   Number         0  stubs.o ABSOLUTE
    _printf_percent                          0x00000000   Number         0  stubs.o ABSOLUTE
    _printf_pre_padding                      0x00000000   Number         0  stubs.o ABSOLUTE
    _printf_return_value                     0x00000000   Number         0  stubs.o ABSOLUTE
    _printf_s                                0x00000000   Number         0  stubs.o ABSOLUTE
    _printf_sizespec                         0x00000000   Number         0  stubs.o ABSOLUTE
    _printf_str                              0x00000000   Number         0  stubs.o ABSOLUTE
    _printf_truncate_signed                  0x00000000   Number         0  stubs.o ABSOLUTE
    _printf_truncate_unsigned                0x00000000   Number         0  stubs.o ABSOLUTE
    _printf_u                                0x00000000   Number         0  stubs.o ABSOLUTE
    _printf_wc                               0x00000000   Number         0  stubs.o ABSOLUTE
    _printf_wctomb                           0x00000000   Number         0  stubs.o ABSOLUTE
    _printf_widthprec                        0x00000000   Number         0  stubs.o ABSOLUTE
    _printf_x                                0x00000000   Number         0  stubs.o ABSOLUTE
    __arm_fini_                               - Undefined Weak Reference
    __cpp_initialize__aeabi_                  - Undefined Weak Reference
    __cxa_finalize                            - Undefined Weak Reference
    _clock_init                               - Undefined Weak Reference
    _microlib_exit                            - Undefined Weak Reference
    __Vectors_Size                           0x00000298   Number         0  startup_stm32h743xx.o ABSOLUTE
    __Vectors                                0x08000000   Data           4  startup_stm32h743xx.o(RESET)
    __Vectors_End                            0x08000298   Data           0  startup_stm32h743xx.o(RESET)
    __main                                   0x08000299   Thumb Code     0  entry.o(.ARM.Collect$$$$00000000)
    _main_stk                                0x08000299   Thumb Code     0  entry2.o(.ARM.Collect$$$$00000001)
    _main_scatterload                        0x0800029d   Thumb Code     0  entry5.o(.ARM.Collect$$$$00000004)
    __main_after_scatterload                 0x080002a1   Thumb Code     0  entry5.o(.ARM.Collect$$$$00000004)
    _main_clock                              0x080002a1   Thumb Code     0  entry7b.o(.ARM.Collect$$$$00000008)
    _main_cpp_init                           0x080002a1   Thumb Code     0  entry8b.o(.ARM.Collect$$$$0000000A)
    _main_init                               0x080002a1   Thumb Code     0  entry9a.o(.ARM.Collect$$$$0000000B)
    __rt_lib_shutdown_fini                   0x080002a9   Thumb Code     0  entry12b.o(.ARM.Collect$$$$0000000E)
    __rt_final_cpp                           0x080002ad   Thumb Code     0  entry10a.o(.ARM.Collect$$$$0000000F)
    __rt_final_exit                          0x080002ad   Thumb Code     0  entry11a.o(.ARM.Collect$$$$00000011)
    SVC_Handler                              0x080002b1   Thumb Code    28  port.o(.emb_text)
    __asm___6_port_c_39a90d8d__prvStartFirstTask 0x080002d1   Thumb Code    36  port.o(.emb_text)
    __asm___6_port_c_39a90d8d__prvEnableVFP  0x080002f9   Thumb Code    16  port.o(.emb_text)
    PendSV_Handler                           0x0800030d   Thumb Code    88  port.o(.emb_text)
    vPortGetIPSR                             0x08000369   Thumb Code     6  port.o(.emb_text)
    Reset_Handler                            0x08000371   Thumb Code    12  startup_stm32h743xx.o(.text)
    ADC3_IRQHandler                          0x0800038f   Thumb Code     0  startup_stm32h743xx.o(.text)
    ADC_IRQHandler                           0x0800038f   Thumb Code     0  startup_stm32h743xx.o(.text)
    BDMA_Channel0_IRQHandler                 0x0800038f   Thumb Code     0  startup_stm32h743xx.o(.text)
    BDMA_Channel1_IRQHandler                 0x0800038f   Thumb Code     0  startup_stm32h743xx.o(.text)
    BDMA_Channel2_IRQHandler                 0x0800038f   Thumb Code     0  startup_stm32h743xx.o(.text)
    BDMA_Channel3_IRQHandler                 0x0800038f   Thumb Code     0  startup_stm32h743xx.o(.text)
    BDMA_Channel4_IRQHandler                 0x0800038f   Thumb Code     0  startup_stm32h743xx.o(.text)
    BDMA_Channel5_IRQHandler                 0x0800038f   Thumb Code     0  startup_stm32h743xx.o(.text)
    BDMA_Channel6_IRQHandler                 0x0800038f   Thumb Code     0  startup_stm32h743xx.o(.text)
    BDMA_Channel7_IRQHandler                 0x0800038f   Thumb Code     0  startup_stm32h743xx.o(.text)
    CEC_IRQHandler                           0x0800038f   Thumb Code     0  startup_stm32h743xx.o(.text)
    COMP1_IRQHandler                         0x0800038f   Thumb Code     0  startup_stm32h743xx.o(.text)
    CRS_IRQHandler                           0x0800038f   Thumb Code     0  startup_stm32h743xx.o(.text)
    DCMI_IRQHandler                          0x0800038f   Thumb Code     0  startup_stm32h743xx.o(.text)
    DFSDM1_FLT0_IRQHandler                   0x0800038f   Thumb Code     0  startup_stm32h743xx.o(.text)
    DFSDM1_FLT1_IRQHandler                   0x0800038f   Thumb Code     0  startup_stm32h743xx.o(.text)
    DFSDM1_FLT2_IRQHandler                   0x0800038f   Thumb Code     0  startup_stm32h743xx.o(.text)
    DFSDM1_FLT3_IRQHandler                   0x0800038f   Thumb Code     0  startup_stm32h743xx.o(.text)
    DMA1_Stream1_IRQHandler                  0x0800038f   Thumb Code     0  startup_stm32h743xx.o(.text)
    DMA1_Stream2_IRQHandler                  0x0800038f   Thumb Code     0  startup_stm32h743xx.o(.text)
    DMA1_Stream3_IRQHandler                  0x0800038f   Thumb Code     0  startup_stm32h743xx.o(.text)
    DMA1_Stream4_IRQHandler                  0x0800038f   Thumb Code     0  startup_stm32h743xx.o(.text)
    DMA1_Stream5_IRQHandler                  0x0800038f   Thumb Code     0  startup_stm32h743xx.o(.text)
    DMA1_Stream6_IRQHandler                  0x0800038f   Thumb Code     0  startup_stm32h743xx.o(.text)
    DMA1_Stream7_IRQHandler                  0x0800038f   Thumb Code     0  startup_stm32h743xx.o(.text)
    DMA2D_IRQHandler                         0x0800038f   Thumb Code     0  startup_stm32h743xx.o(.text)
    DMA2_Stream0_IRQHandler                  0x0800038f   Thumb Code     0  startup_stm32h743xx.o(.text)
    DMA2_Stream1_IRQHandler                  0x0800038f   Thumb Code     0  startup_stm32h743xx.o(.text)
    DMA2_Stream2_IRQHandler                  0x0800038f   Thumb Code     0  startup_stm32h743xx.o(.text)
    DMA2_Stream3_IRQHandler                  0x0800038f   Thumb Code     0  startup_stm32h743xx.o(.text)
    DMA2_Stream4_IRQHandler                  0x0800038f   Thumb Code     0  startup_stm32h743xx.o(.text)
    DMA2_Stream5_IRQHandler                  0x0800038f   Thumb Code     0  startup_stm32h743xx.o(.text)
    DMA2_Stream6_IRQHandler                  0x0800038f   Thumb Code     0  startup_stm32h743xx.o(.text)
    DMA2_Stream7_IRQHandler                  0x0800038f   Thumb Code     0  startup_stm32h743xx.o(.text)
    DMAMUX1_OVR_IRQHandler                   0x0800038f   Thumb Code     0  startup_stm32h743xx.o(.text)
    DMAMUX2_OVR_IRQHandler                   0x0800038f   Thumb Code     0  startup_stm32h743xx.o(.text)
    ECC_IRQHandler                           0x0800038f   Thumb Code     0  startup_stm32h743xx.o(.text)
    ETH_IRQHandler                           0x0800038f   Thumb Code     0  startup_stm32h743xx.o(.text)
    ETH_WKUP_IRQHandler                      0x0800038f   Thumb Code     0  startup_stm32h743xx.o(.text)
    EXTI0_IRQHandler                         0x0800038f   Thumb Code     0  startup_stm32h743xx.o(.text)
    EXTI15_10_IRQHandler                     0x0800038f   Thumb Code     0  startup_stm32h743xx.o(.text)
    EXTI1_IRQHandler                         0x0800038f   Thumb Code     0  startup_stm32h743xx.o(.text)
    EXTI2_IRQHandler                         0x0800038f   Thumb Code     0  startup_stm32h743xx.o(.text)
    EXTI3_IRQHandler                         0x0800038f   Thumb Code     0  startup_stm32h743xx.o(.text)
    EXTI4_IRQHandler                         0x0800038f   Thumb Code     0  startup_stm32h743xx.o(.text)
    EXTI9_5_IRQHandler                       0x0800038f   Thumb Code     0  startup_stm32h743xx.o(.text)
    FDCAN1_IT0_IRQHandler                    0x0800038f   Thumb Code     0  startup_stm32h743xx.o(.text)
    FDCAN1_IT1_IRQHandler                    0x0800038f   Thumb Code     0  startup_stm32h743xx.o(.text)
    FDCAN2_IT0_IRQHandler                    0x0800038f   Thumb Code     0  startup_stm32h743xx.o(.text)
    FDCAN2_IT1_IRQHandler                    0x0800038f   Thumb Code     0  startup_stm32h743xx.o(.text)
    FDCAN_CAL_IRQHandler                     0x0800038f   Thumb Code     0  startup_stm32h743xx.o(.text)
    FLASH_IRQHandler                         0x0800038f   Thumb Code     0  startup_stm32h743xx.o(.text)
    FMC_IRQHandler                           0x0800038f   Thumb Code     0  startup_stm32h743xx.o(.text)
    FPU_IRQHandler                           0x0800038f   Thumb Code     0  startup_stm32h743xx.o(.text)
    HRTIM1_FLT_IRQHandler                    0x0800038f   Thumb Code     0  startup_stm32h743xx.o(.text)
    HRTIM1_Master_IRQHandler                 0x0800038f   Thumb Code     0  startup_stm32h743xx.o(.text)
    HRTIM1_TIMA_IRQHandler                   0x0800038f   Thumb Code     0  startup_stm32h743xx.o(.text)
    HRTIM1_TIMB_IRQHandler                   0x0800038f   Thumb Code     0  startup_stm32h743xx.o(.text)
    HRTIM1_TIMC_IRQHandler                   0x0800038f   Thumb Code     0  startup_stm32h743xx.o(.text)
    HRTIM1_TIMD_IRQHandler                   0x0800038f   Thumb Code     0  startup_stm32h743xx.o(.text)
    HRTIM1_TIME_IRQHandler                   0x0800038f   Thumb Code     0  startup_stm32h743xx.o(.text)
    HSEM1_IRQHandler                         0x0800038f   Thumb Code     0  startup_stm32h743xx.o(.text)
    I2C1_ER_IRQHandler                       0x0800038f   Thumb Code     0  startup_stm32h743xx.o(.text)
    I2C1_EV_IRQHandler                       0x0800038f   Thumb Code     0  startup_stm32h743xx.o(.text)
    I2C2_ER_IRQHandler                       0x0800038f   Thumb Code     0  startup_stm32h743xx.o(.text)
    I2C2_EV_IRQHandler                       0x0800038f   Thumb Code     0  startup_stm32h743xx.o(.text)
    I2C3_ER_IRQHandler                       0x0800038f   Thumb Code     0  startup_stm32h743xx.o(.text)
    I2C3_EV_IRQHandler                       0x0800038f   Thumb Code     0  startup_stm32h743xx.o(.text)
    I2C4_ER_IRQHandler                       0x0800038f   Thumb Code     0  startup_stm32h743xx.o(.text)
    I2C4_EV_IRQHandler                       0x0800038f   Thumb Code     0  startup_stm32h743xx.o(.text)
    JPEG_IRQHandler                          0x0800038f   Thumb Code     0  startup_stm32h743xx.o(.text)
    LPTIM1_IRQHandler                        0x0800038f   Thumb Code     0  startup_stm32h743xx.o(.text)
    LPTIM2_IRQHandler                        0x0800038f   Thumb Code     0  startup_stm32h743xx.o(.text)
    LPTIM3_IRQHandler                        0x0800038f   Thumb Code     0  startup_stm32h743xx.o(.text)
    LPTIM4_IRQHandler                        0x0800038f   Thumb Code     0  startup_stm32h743xx.o(.text)
    LPTIM5_IRQHandler                        0x0800038f   Thumb Code     0  startup_stm32h743xx.o(.text)
    LPUART1_IRQHandler                       0x0800038f   Thumb Code     0  startup_stm32h743xx.o(.text)
    LTDC_ER_IRQHandler                       0x0800038f   Thumb Code     0  startup_stm32h743xx.o(.text)
    LTDC_IRQHandler                          0x0800038f   Thumb Code     0  startup_stm32h743xx.o(.text)
    MDIOS_IRQHandler                         0x0800038f   Thumb Code     0  startup_stm32h743xx.o(.text)
    MDIOS_WKUP_IRQHandler                    0x0800038f   Thumb Code     0  startup_stm32h743xx.o(.text)
    MDMA_IRQHandler                          0x0800038f   Thumb Code     0  startup_stm32h743xx.o(.text)
    OTG_FS_EP1_IN_IRQHandler                 0x0800038f   Thumb Code     0  startup_stm32h743xx.o(.text)
    OTG_FS_EP1_OUT_IRQHandler                0x0800038f   Thumb Code     0  startup_stm32h743xx.o(.text)
    OTG_FS_IRQHandler                        0x0800038f   Thumb Code     0  startup_stm32h743xx.o(.text)
    OTG_FS_WKUP_IRQHandler                   0x0800038f   Thumb Code     0  startup_stm32h743xx.o(.text)
    OTG_HS_EP1_IN_IRQHandler                 0x0800038f   Thumb Code     0  startup_stm32h743xx.o(.text)
    OTG_HS_EP1_OUT_IRQHandler                0x0800038f   Thumb Code     0  startup_stm32h743xx.o(.text)
    OTG_HS_IRQHandler                        0x0800038f   Thumb Code     0  startup_stm32h743xx.o(.text)
    OTG_HS_WKUP_IRQHandler                   0x0800038f   Thumb Code     0  startup_stm32h743xx.o(.text)
    PVD_AVD_IRQHandler                       0x0800038f   Thumb Code     0  startup_stm32h743xx.o(.text)
    QUADSPI_IRQHandler                       0x0800038f   Thumb Code     0  startup_stm32h743xx.o(.text)
    RCC_IRQHandler                           0x0800038f   Thumb Code     0  startup_stm32h743xx.o(.text)
    RNG_IRQHandler                           0x0800038f   Thumb Code     0  startup_stm32h743xx.o(.text)
    RTC_Alarm_IRQHandler                     0x0800038f   Thumb Code     0  startup_stm32h743xx.o(.text)
    RTC_WKUP_IRQHandler                      0x0800038f   Thumb Code     0  startup_stm32h743xx.o(.text)
    SAI2_IRQHandler                          0x0800038f   Thumb Code     0  startup_stm32h743xx.o(.text)
    SAI3_IRQHandler                          0x0800038f   Thumb Code     0  startup_stm32h743xx.o(.text)
    SAI4_IRQHandler                          0x0800038f   Thumb Code     0  startup_stm32h743xx.o(.text)
    SDMMC1_IRQHandler                        0x0800038f   Thumb Code     0  startup_stm32h743xx.o(.text)
    SDMMC2_IRQHandler                        0x0800038f   Thumb Code     0  startup_stm32h743xx.o(.text)
    SPDIF_RX_IRQHandler                      0x0800038f   Thumb Code     0  startup_stm32h743xx.o(.text)
    SPI1_IRQHandler                          0x0800038f   Thumb Code     0  startup_stm32h743xx.o(.text)
    SPI2_IRQHandler                          0x0800038f   Thumb Code     0  startup_stm32h743xx.o(.text)
    SPI3_IRQHandler                          0x0800038f   Thumb Code     0  startup_stm32h743xx.o(.text)
    SPI4_IRQHandler                          0x0800038f   Thumb Code     0  startup_stm32h743xx.o(.text)
    SPI5_IRQHandler                          0x0800038f   Thumb Code     0  startup_stm32h743xx.o(.text)
    SPI6_IRQHandler                          0x0800038f   Thumb Code     0  startup_stm32h743xx.o(.text)
    SWPMI1_IRQHandler                        0x0800038f   Thumb Code     0  startup_stm32h743xx.o(.text)
    TAMP_STAMP_IRQHandler                    0x0800038f   Thumb Code     0  startup_stm32h743xx.o(.text)
    TIM15_IRQHandler                         0x0800038f   Thumb Code     0  startup_stm32h743xx.o(.text)
    TIM16_IRQHandler                         0x0800038f   Thumb Code     0  startup_stm32h743xx.o(.text)
    TIM17_IRQHandler                         0x0800038f   Thumb Code     0  startup_stm32h743xx.o(.text)
    TIM1_BRK_IRQHandler                      0x0800038f   Thumb Code     0  startup_stm32h743xx.o(.text)
    TIM1_CC_IRQHandler                       0x0800038f   Thumb Code     0  startup_stm32h743xx.o(.text)
    TIM1_TRG_COM_IRQHandler                  0x0800038f   Thumb Code     0  startup_stm32h743xx.o(.text)
    TIM1_UP_IRQHandler                       0x0800038f   Thumb Code     0  startup_stm32h743xx.o(.text)
    TIM2_IRQHandler                          0x0800038f   Thumb Code     0  startup_stm32h743xx.o(.text)
    TIM3_IRQHandler                          0x0800038f   Thumb Code     0  startup_stm32h743xx.o(.text)
    TIM4_IRQHandler                          0x0800038f   Thumb Code     0  startup_stm32h743xx.o(.text)
    TIM5_IRQHandler                          0x0800038f   Thumb Code     0  startup_stm32h743xx.o(.text)
    TIM7_IRQHandler                          0x0800038f   Thumb Code     0  startup_stm32h743xx.o(.text)
    TIM8_BRK_TIM12_IRQHandler                0x0800038f   Thumb Code     0  startup_stm32h743xx.o(.text)
    TIM8_CC_IRQHandler                       0x0800038f   Thumb Code     0  startup_stm32h743xx.o(.text)
    TIM8_TRG_COM_TIM14_IRQHandler            0x0800038f   Thumb Code     0  startup_stm32h743xx.o(.text)
    TIM8_UP_TIM13_IRQHandler                 0x0800038f   Thumb Code     0  startup_stm32h743xx.o(.text)
    UART4_IRQHandler                         0x0800038f   Thumb Code     0  startup_stm32h743xx.o(.text)
    UART5_IRQHandler                         0x0800038f   Thumb Code     0  startup_stm32h743xx.o(.text)
    UART7_IRQHandler                         0x0800038f   Thumb Code     0  startup_stm32h743xx.o(.text)
    UART8_IRQHandler                         0x0800038f   Thumb Code     0  startup_stm32h743xx.o(.text)
    USART1_IRQHandler                        0x0800038f   Thumb Code     0  startup_stm32h743xx.o(.text)
    USART2_IRQHandler                        0x0800038f   Thumb Code     0  startup_stm32h743xx.o(.text)
    USART3_IRQHandler                        0x0800038f   Thumb Code     0  startup_stm32h743xx.o(.text)
    USART6_IRQHandler                        0x0800038f   Thumb Code     0  startup_stm32h743xx.o(.text)
    WAKEUP_PIN_IRQHandler                    0x0800038f   Thumb Code     0  startup_stm32h743xx.o(.text)
    WWDG_IRQHandler                          0x0800038f   Thumb Code     0  startup_stm32h743xx.o(.text)
    __aeabi_uldivmod                         0x0800039d   Thumb Code    98  uldiv.o(.text)
    __aeabi_llsl                             0x080003ff   Thumb Code    30  llshl.o(.text)
    _ll_shift_l                              0x080003ff   Thumb Code     0  llshl.o(.text)
    __aeabi_memcpy                           0x0800041d   Thumb Code    36  memcpya.o(.text)
    __aeabi_memcpy4                          0x0800041d   Thumb Code     0  memcpya.o(.text)
    __aeabi_memcpy8                          0x0800041d   Thumb Code     0  memcpya.o(.text)
    __aeabi_memset                           0x08000441   Thumb Code    14  memseta.o(.text)
    __aeabi_memset4                          0x08000441   Thumb Code     0  memseta.o(.text)
    __aeabi_memset8                          0x08000441   Thumb Code     0  memseta.o(.text)
    __aeabi_memclr                           0x0800044f   Thumb Code     4  memseta.o(.text)
    __aeabi_memclr4                          0x0800044f   Thumb Code     0  memseta.o(.text)
    __aeabi_memclr8                          0x0800044f   Thumb Code     0  memseta.o(.text)
    memset                                   0x08000453   Thumb Code    18  memseta.o(.text)
    __aeabi_llsr                             0x08000465   Thumb Code    32  llushr.o(.text)
    _ll_ushift_r                             0x08000465   Thumb Code     0  llushr.o(.text)
    __scatterload                            0x08000485   Thumb Code    28  init.o(.text)
    __scatterload_rt2                        0x08000485   Thumb Code     0  init.o(.text)
    __decompress                             0x080004a9   Thumb Code     0  __dczerorl2.o(.text)
    __decompress1                            0x080004a9   Thumb Code    86  __dczerorl2.o(.text)
    AI_Algorithm_Task                        0x08000501   Thumb Code    62  app_main_task.o(i.AI_Algorithm_Task)
    App_MPU_Config                           0x0800054d   Thumb Code    82  mpu.o(i.App_MPU_Config)
    App_Stream_Init                          0x080005a1   Thumb Code    10  app_data_stream.o(i.App_Stream_Init)
    App_Task_Init                            0x080005b1   Thumb Code    94  app_main_task.o(i.App_Task_Init)
    Audio_Preprocess_Task                    0x0800063d   Thumb Code   100  app_main_task.o(i.Audio_Preprocess_Task)
    BusFault_Handler                         0x080006b9   Thumb Code     2  stm32h7xx_it.o(i.BusFault_Handler)
    DMA1_Stream0_IRQHandler                  0x080006bd   Thumb Code     6  stm32h7xx_it.o(i.DMA1_Stream0_IRQHandler)
    DebugMon_Handler                         0x08000b11   Thumb Code     2  stm32h7xx_it.o(i.DebugMon_Handler)
    Deinterleave_Using_Matrix                0x08000b13   Thumb Code    60  ai_preprocess.o(i.Deinterleave_Using_Matrix)
    Error_Handler                            0x08000b4f   Thumb Code     4  main.o(i.Error_Handler)
    ExitRun0Mode                             0x08000b55   Thumb Code    22  system_stm32h7xx.o(i.ExitRun0Mode)
    HAL_DMA_Abort                            0x08000b71   Thumb Code   850  stm32h7xx_hal_dma.o(i.HAL_DMA_Abort)
    HAL_DMA_Abort_IT                         0x08000ed1   Thumb Code   606  stm32h7xx_hal_dma.o(i.HAL_DMA_Abort_IT)
    HAL_DMA_GetError                         0x0800113d   Thumb Code     4  stm32h7xx_hal_dma.o(i.HAL_DMA_GetError)
    HAL_DMA_IRQHandler                       0x08001141   Thumb Code  1766  stm32h7xx_hal_dma.o(i.HAL_DMA_IRQHandler)
    HAL_DMA_Init                             0x08001835   Thumb Code   920  stm32h7xx_hal_dma.o(i.HAL_DMA_Init)
    HAL_DMA_Start_IT                         0x08001be5   Thumb Code   680  stm32h7xx_hal_dma.o(i.HAL_DMA_Start_IT)
    HAL_GPIO_Init                            0x08001e99   Thumb Code   426  stm32h7xx_hal_gpio.o(i.HAL_GPIO_Init)
    HAL_GPIO_ReadPin                         0x08002075   Thumb Code    10  stm32h7xx_hal_gpio.o(i.HAL_GPIO_ReadPin)
    HAL_GPIO_TogglePin                       0x0800207f   Thumb Code    16  stm32h7xx_hal_gpio.o(i.HAL_GPIO_TogglePin)
    HAL_GPIO_WritePin                        0x0800208f   Thumb Code    10  stm32h7xx_hal_gpio.o(i.HAL_GPIO_WritePin)
    HAL_GetREVID                             0x08002099   Thumb Code     8  stm32h7xx_hal.o(i.HAL_GetREVID)
    HAL_GetTick                              0x080020a5   Thumb Code     6  stm32h7xx_hal.o(i.HAL_GetTick)
    HAL_IncTick                              0x080020b1   Thumb Code    12  stm32h7xx_hal.o(i.HAL_IncTick)
    HAL_Init                                 0x080020c1   Thumb Code    74  stm32h7xx_hal.o(i.HAL_Init)
    HAL_InitTick                             0x0800211d   Thumb Code   120  stm32h7xx_hal_timebase_tim.o(i.HAL_InitTick)
    HAL_MPU_ConfigRegion                     0x080021a9   Thumb Code    78  stm32h7xx_hal_cortex.o(i.HAL_MPU_ConfigRegion)
    HAL_MPU_Disable                          0x080021fd   Thumb Code    24  stm32h7xx_hal_cortex.o(i.HAL_MPU_Disable)
    HAL_MPU_Enable                           0x08002219   Thumb Code    30  stm32h7xx_hal_cortex.o(i.HAL_MPU_Enable)
    HAL_MspInit                              0x0800223d   Thumb Code    32  stm32h7xx_hal_msp.o(i.HAL_MspInit)
    HAL_NVIC_EnableIRQ                       0x08002261   Thumb Code    26  stm32h7xx_hal_cortex.o(i.HAL_NVIC_EnableIRQ)
    HAL_NVIC_SetPriority                     0x0800227d   Thumb Code    60  stm32h7xx_hal_cortex.o(i.HAL_NVIC_SetPriority)
    HAL_NVIC_SetPriorityGrouping             0x080022bd   Thumb Code    26  stm32h7xx_hal_cortex.o(i.HAL_NVIC_SetPriorityGrouping)
    HAL_PWREx_ConfigSupply                   0x080022e1   Thumb Code    76  stm32h7xx_hal_pwr_ex.o(i.HAL_PWREx_ConfigSupply)
    HAL_RCCEx_GetD3PCLK1Freq                 0x08002331   Thumb Code    26  stm32h7xx_hal_rcc_ex.o(i.HAL_RCCEx_GetD3PCLK1Freq)
    HAL_RCCEx_GetPLL1ClockFreq               0x08002355   Thumb Code   318  stm32h7xx_hal_rcc_ex.o(i.HAL_RCCEx_GetPLL1ClockFreq)
    HAL_RCCEx_GetPLL2ClockFreq               0x080024ad   Thumb Code   290  stm32h7xx_hal_rcc_ex.o(i.HAL_RCCEx_GetPLL2ClockFreq)
    HAL_RCCEx_GetPLL3ClockFreq               0x080025e9   Thumb Code   290  stm32h7xx_hal_rcc_ex.o(i.HAL_RCCEx_GetPLL3ClockFreq)
    HAL_RCCEx_GetPeriphCLKFreq               0x08002725   Thumb Code   714  stm32h7xx_hal_rcc_ex.o(i.HAL_RCCEx_GetPeriphCLKFreq)
    HAL_RCCEx_PeriphCLKConfig                0x08002a01   Thumb Code  2468  stm32h7xx_hal_rcc_ex.o(i.HAL_RCCEx_PeriphCLKConfig)
    HAL_RCC_ClockConfig                      0x080033a9   Thumb Code   590  stm32h7xx_hal_rcc.o(i.HAL_RCC_ClockConfig)
    HAL_RCC_GetClockConfig                   0x08003619   Thumb Code    86  stm32h7xx_hal_rcc.o(i.HAL_RCC_GetClockConfig)
    HAL_RCC_GetHCLKFreq                      0x08003679   Thumb Code    52  stm32h7xx_hal_rcc.o(i.HAL_RCC_GetHCLKFreq)
    HAL_RCC_GetPCLK1Freq                     0x080036bd   Thumb Code    26  stm32h7xx_hal_rcc.o(i.HAL_RCC_GetPCLK1Freq)
    HAL_RCC_GetPCLK2Freq                     0x080036e1   Thumb Code    26  stm32h7xx_hal_rcc.o(i.HAL_RCC_GetPCLK2Freq)
    HAL_RCC_GetSysClockFreq                  0x08003705   Thumb Code   270  stm32h7xx_hal_rcc.o(i.HAL_RCC_GetSysClockFreq)
    HAL_RCC_OscConfig                        0x08003835   Thumb Code  1390  stm32h7xx_hal_rcc.o(i.HAL_RCC_OscConfig)
    HAL_SAI_Abort                            0x08003da3   Thumb Code   174  stm32h7xx_hal_sai.o(i.HAL_SAI_Abort)
    HAL_SAI_ErrorCallback                    0x08003e51   Thumb Code     2  stm32h7xx_hal_sai.o(i.HAL_SAI_ErrorCallback)
    HAL_SAI_IRQHandler                       0x08003e55   Thumb Code   324  stm32h7xx_hal_sai.o(i.HAL_SAI_IRQHandler)
    HAL_SAI_Init                             0x08003f9d   Thumb Code   802  stm32h7xx_hal_sai.o(i.HAL_SAI_Init)
    HAL_SAI_MspInit                          0x080042dd   Thumb Code   224  sai.o(i.HAL_SAI_MspInit)
    HAL_SAI_Receive_DMA                      0x080043d9   Thumb Code   170  stm32h7xx_hal_sai.o(i.HAL_SAI_Receive_DMA)
    HAL_SAI_RxCpltCallback                   0x08004491   Thumb Code    48  main.o(i.HAL_SAI_RxCpltCallback)
    HAL_SAI_RxHalfCpltCallback               0x080044c9   Thumb Code    48  main.o(i.HAL_SAI_RxHalfCpltCallback)
    HAL_TIMEx_Break2Callback                 0x08004501   Thumb Code     2  stm32h7xx_hal_tim_ex.o(i.HAL_TIMEx_Break2Callback)
    HAL_TIMEx_BreakCallback                  0x08004503   Thumb Code     2  stm32h7xx_hal_tim_ex.o(i.HAL_TIMEx_BreakCallback)
    HAL_TIMEx_CommutCallback                 0x08004505   Thumb Code     2  stm32h7xx_hal_tim_ex.o(i.HAL_TIMEx_CommutCallback)
    HAL_TIM_Base_Init                        0x08004507   Thumb Code    98  stm32h7xx_hal_tim.o(i.HAL_TIM_Base_Init)
    HAL_TIM_Base_MspInit                     0x08004569   Thumb Code     2  stm32h7xx_hal_tim.o(i.HAL_TIM_Base_MspInit)
    HAL_TIM_Base_Start_IT                    0x0800456d   Thumb Code   106  stm32h7xx_hal_tim.o(i.HAL_TIM_Base_Start_IT)
    HAL_TIM_IC_CaptureCallback               0x080045f9   Thumb Code     2  stm32h7xx_hal_tim.o(i.HAL_TIM_IC_CaptureCallback)
    HAL_TIM_IRQHandler                       0x080045fb   Thumb Code   330  stm32h7xx_hal_tim.o(i.HAL_TIM_IRQHandler)
    HAL_TIM_OC_DelayElapsedCallback          0x08004745   Thumb Code     2  stm32h7xx_hal_tim.o(i.HAL_TIM_OC_DelayElapsedCallback)
    HAL_TIM_PWM_PulseFinishedCallback        0x08004747   Thumb Code     2  stm32h7xx_hal_tim.o(i.HAL_TIM_PWM_PulseFinishedCallback)
    HAL_TIM_PeriodElapsedCallback            0x08004749   Thumb Code    14  main.o(i.HAL_TIM_PeriodElapsedCallback)
    HAL_TIM_TriggerCallback                  0x0800475d   Thumb Code     2  stm32h7xx_hal_tim.o(i.HAL_TIM_TriggerCallback)
    HAL_UARTEx_DisableFifoMode               0x0800475f   Thumb Code    62  stm32h7xx_hal_uart_ex.o(i.HAL_UARTEx_DisableFifoMode)
    HAL_UARTEx_SetRxFifoThreshold            0x0800479d   Thumb Code    76  stm32h7xx_hal_uart_ex.o(i.HAL_UARTEx_SetRxFifoThreshold)
    HAL_UARTEx_SetTxFifoThreshold            0x080047e9   Thumb Code    76  stm32h7xx_hal_uart_ex.o(i.HAL_UARTEx_SetTxFifoThreshold)
    HAL_UART_Init                            0x08004835   Thumb Code   106  stm32h7xx_hal_uart.o(i.HAL_UART_Init)
    HAL_UART_MspInit                         0x080048a1   Thumb Code   122  usart.o(i.HAL_UART_MspInit)
    HAL_UART_Transmit                        0x08004929   Thumb Code   174  stm32h7xx_hal_uart.o(i.HAL_UART_Transmit)
    HardFault_Handler                        0x080049d7   Thumb Code     2  stm32h7xx_it.o(i.HardFault_Handler)
    MX_DMA_Init                              0x08004bbd   Thumb Code    40  dma.o(i.MX_DMA_Init)
    MX_FREERTOS_Init                         0x08004be9   Thumb Code    62  freertos.o(i.MX_FREERTOS_Init)
    MX_GPIO_Init                             0x08004c5d   Thumb Code   200  gpio.o(i.MX_GPIO_Init)
    MX_SAI1_Init                             0x08004d39   Thumb Code   102  sai.o(i.MX_SAI1_Init)
    MX_USART1_UART_Init                      0x08004da9   Thumb Code    94  usart.o(i.MX_USART1_UART_Init)
    MemManage_Handler                        0x08004e11   Thumb Code     2  stm32h7xx_it.o(i.MemManage_Handler)
    MyTask                                   0x08004e15   Thumb Code    22  freertos.o(i.MyTask)
    MyTask2                                  0x08004e31   Thumb Code    12  freertos.o(i.MyTask2)
    MyTask3                                  0x08004e3d   Thumb Code    52  freertos.o(i.MyTask3)
    NMI_Handler                              0x08004e7d   Thumb Code     2  stm32h7xx_it.o(i.NMI_Handler)
    PCMD3180InitTask                         0x08004e81   Thumb Code    62  freertos.o(i.PCMD3180InitTask)
    PCMD3180_Init_Device                     0x08004ec9   Thumb Code    78  pcmd3180.o(i.PCMD3180_Init_Device)
    PCMD_Config_ASI_Format                   0x08004f17   Thumb Code    36  pcmd3180.o(i.PCMD_Config_ASI_Format)
    PCMD_Config_Channels                     0x08004f3b   Thumb Code    38  pcmd3180.o(i.PCMD_Config_Channels)
    PCMD_Config_Clock_Mode                   0x08004f61   Thumb Code    36  pcmd3180.o(i.PCMD_Config_Clock_Mode)
    PCMD_Config_DSP                          0x08004f85   Thumb Code    26  pcmd3180.o(i.PCMD_Config_DSP)
    PCMD_Config_PDM_IO                       0x08004f9f   Thumb Code    96  pcmd3180.o(i.PCMD_Config_PDM_IO)
    PCMD_Config_TDM_Slots                    0x08004fff   Thumb Code    34  pcmd3180.o(i.PCMD_Config_TDM_Slots)
    PCMD_Ctrl_Reset                          0x08005021   Thumb Code     8  pcmd3180.o(i.PCMD_Ctrl_Reset)
    PCMD_Ctrl_Sleep                          0x08005029   Thumb Code    16  pcmd3180.o(i.PCMD_Ctrl_Sleep)
    PCMD_Dump_Registers                      0x08005039   Thumb Code   392  pcmd3180.o(i.PCMD_Dump_Registers)
    PCMD_Enable_Blocks                       0x08005589   Thumb Code    36  pcmd3180.o(i.PCMD_Enable_Blocks)
    PCMD_ReadReg                             0x080055ad   Thumb Code   114  soft_i2c.o(i.PCMD_ReadReg)
    PCMD_WriteReg                            0x08005625   Thumb Code    96  soft_i2c.o(i.PCMD_WriteReg)
    SAI1_IRQHandler                          0x080058b1   Thumb Code     6  stm32h7xx_it.o(i.SAI1_IRQHandler)
    Soft_I2C_Init                            0x080059f5   Thumb Code    68  soft_i2c.o(i.Soft_I2C_Init)
    StartDefaultTask                         0x08005a4d   Thumb Code    30  freertos.o(i.StartDefaultTask)
    StartTask                                0x08005a9d   Thumb Code    88  freertos.o(i.StartTask)
    SysTick_Handler                          0x08005b1d   Thumb Code    26  cmsis_os2.o(i.SysTick_Handler)
    SystemClock_Config                       0x08005b39   Thumb Code   156  main.o(i.SystemClock_Config)
    SystemInit                               0x08005bdd   Thumb Code   206  system_stm32h7xx.o(i.SystemInit)
    TIM6_DAC_IRQHandler                      0x08005cd5   Thumb Code     6  stm32h7xx_it.o(i.TIM6_DAC_IRQHandler)
    TIM_Base_SetConfig                       0x08005ce1   Thumb Code   168  stm32h7xx_hal_tim.o(i.TIM_Base_SetConfig)
    UART_AdvFeatureConfig                    0x08005ded   Thumb Code   200  stm32h7xx_hal_uart.o(i.UART_AdvFeatureConfig)
    UART_CheckIdleState                      0x08005eb5   Thumb Code   172  stm32h7xx_hal_uart.o(i.UART_CheckIdleState)
    UART_SetConfig                           0x08005fb5   Thumb Code   862  stm32h7xx_hal_uart.o(i.UART_SetConfig)
    UART_WaitOnFlagUntilTimeout              0x08006351   Thumb Code   146  stm32h7xx_hal_uart.o(i.UART_WaitOnFlagUntilTimeout)
    UI_Display_Task                          0x080063e5   Thumb Code    22  app_main_task.o(i.UI_Display_Task)
    UsageFault_Handler                       0x08006401   Thumb Code     2  stm32h7xx_it.o(i.UsageFault_Handler)
    __0printf$8                              0x08006409   Thumb Code    22  printf8.o(i.__0printf$8)
    __1printf$8                              0x08006409   Thumb Code     0  printf8.o(i.__0printf$8)
    __2printf                                0x08006409   Thumb Code     0  printf8.o(i.__0printf$8)
    __scatterload_copy                       0x08006449   Thumb Code    14  handlers.o(i.__scatterload_copy)
    __scatterload_null                       0x08006457   Thumb Code     2  handlers.o(i.__scatterload_null)
    __scatterload_zeroinit                   0x08006459   Thumb Code    14  handlers.o(i.__scatterload_zeroinit)
    arm_cfft_init_f32                        0x080068c1   Thumb Code   112  transformfunctions.o(i.arm_cfft_init_f32)
    arm_mat_init_q15                         0x08006955   Thumb Code     8  matrixfunctions.o(i.arm_mat_init_q15)
    arm_mat_trans_q15                        0x0800695d   Thumb Code    50  matrixfunctions.o(i.arm_mat_trans_q15)
    arm_q15_to_float                         0x08006991   Thumb Code    34  supportfunctions.o(i.arm_q15_to_float)
    arm_rfft_fast_init_f32                   0x08006b09   Thumb Code    88  transformfunctions.o(i.arm_rfft_fast_init_f32)
    fputc                                    0x08006b81   Thumb Code    66  usart.o(i.fputc)
    main                                     0x08006bcd   Thumb Code   122  main.o(i.main)
    osDelay                                  0x08006c47   Thumb Code    26  cmsis_os2.o(i.osDelay)
    osKernelInitialize                       0x08006c61   Thumb Code    32  cmsis_os2.o(i.osKernelInitialize)
    osKernelStart                            0x08006c85   Thumb Code    48  cmsis_os2.o(i.osKernelStart)
    osMutexAcquire                           0x08006cbd   Thumb Code    82  cmsis_os2.o(i.osMutexAcquire)
    osMutexNew                               0x08006d0f   Thumb Code   104  cmsis_os2.o(i.osMutexNew)
    osMutexRelease                           0x08006d77   Thumb Code    66  cmsis_os2.o(i.osMutexRelease)
    osThreadNew                              0x08006db9   Thumb Code   136  cmsis_os2.o(i.osThreadNew)
    pvPortMalloc                             0x08007611   Thumb Code   216  heap_4.o(i.pvPortMalloc)
    pvTaskIncrementMutexHeldCount            0x080076ed   Thumb Code    18  tasks.o(i.pvTaskIncrementMutexHeldCount)
    pxPortInitialiseStack                    0x08007705   Thumb Code    40  port.o(i.pxPortInitialiseStack)
    uxListRemove                             0x08007731   Thumb Code    38  list.o(i.uxListRemove)
    vApplicationGetIdleTaskMemory            0x08007759   Thumb Code    16  cmsis_os2.o(i.vApplicationGetIdleTaskMemory)
    vApplicationGetTimerTaskMemory           0x0800776d   Thumb Code    18  cmsis_os2.o(i.vApplicationGetTimerTaskMemory)
    vListInitialise                          0x08007785   Thumb Code    22  list.o(i.vListInitialise)
    vListInitialiseItem                      0x0800779b   Thumb Code     6  list.o(i.vListInitialiseItem)
    vListInsert                              0x080077a1   Thumb Code    48  list.o(i.vListInsert)
    vListInsertEnd                           0x080077d1   Thumb Code    24  list.o(i.vListInsertEnd)
    vPortEnterCritical                       0x080077e9   Thumb Code    54  port.o(i.vPortEnterCritical)
    vPortExitCritical                        0x08007829   Thumb Code    34  port.o(i.vPortExitCritical)
    vPortFree                                0x08007851   Thumb Code    94  heap_4.o(i.vPortFree)
    vPortSetupTimerInterrupt                 0x080078b5   Thumb Code    32  port.o(i.vPortSetupTimerInterrupt)
    vPortValidateInterruptPriority           0x080078d9   Thumb Code    74  port.o(i.vPortValidateInterruptPriority)
    vQueueAddToRegistry                      0x0800792d   Thumb Code    32  queue.o(i.vQueueAddToRegistry)
    vQueueWaitForMessageRestricted           0x08007951   Thumb Code    68  queue.o(i.vQueueWaitForMessageRestricted)
    vTaskDelay                               0x08007995   Thumb Code    66  tasks.o(i.vTaskDelay)
    vTaskDelete                              0x080079e1   Thumb Code   130  tasks.o(i.vTaskDelete)
    vTaskInternalSetTimeOutState             0x08007a71   Thumb Code    12  tasks.o(i.vTaskInternalSetTimeOutState)
    vTaskMissedYield                         0x08007a81   Thumb Code     8  tasks.o(i.vTaskMissedYield)
    vTaskPlaceOnEventList                    0x08007a8d   Thumb Code    44  tasks.o(i.vTaskPlaceOnEventList)
    vTaskPlaceOnEventListRestricted          0x08007abd   Thumb Code    52  tasks.o(i.vTaskPlaceOnEventListRestricted)
    vTaskPriorityDisinheritAfterTimeout      0x08007af5   Thumb Code   136  tasks.o(i.vTaskPriorityDisinheritAfterTimeout)
    vTaskResume                              0x08007b85   Thumb Code   110  tasks.o(i.vTaskResume)
    vTaskStartScheduler                      0x08007c01   Thumb Code   116  tasks.o(i.vTaskStartScheduler)
    vTaskSuspend                             0x08007c85   Thumb Code   144  tasks.o(i.vTaskSuspend)
    vTaskSuspendAll                          0x08007d21   Thumb Code    10  tasks.o(i.vTaskSuspendAll)
    vTaskSwitchContext                       0x08007d31   Thumb Code    90  tasks.o(i.vTaskSwitchContext)
    xPortStartScheduler                      0x08007d95   Thumb Code   224  port.o(i.xPortStartScheduler)
    xPortSysTickHandler                      0x08007e89   Thumb Code    38  port.o(i.xPortSysTickHandler)
    xQueueCreateMutex                        0x08007eb5   Thumb Code    22  queue.o(i.xQueueCreateMutex)
    xQueueCreateMutexStatic                  0x08007ecb   Thumb Code    26  queue.o(i.xQueueCreateMutexStatic)
    xQueueGenericCreate                      0x08007ee5   Thumb Code    66  queue.o(i.xQueueGenericCreate)
    xQueueGenericCreateStatic                0x08007f27   Thumb Code   102  queue.o(i.xQueueGenericCreateStatic)
    xQueueGenericReset                       0x08007f8d   Thumb Code   132  queue.o(i.xQueueGenericReset)
    xQueueGenericSend                        0x08008015   Thumb Code   350  queue.o(i.xQueueGenericSend)
    xQueueGenericSendFromISR                 0x08008179   Thumb Code   190  queue.o(i.xQueueGenericSendFromISR)
    xQueueGiveMutexRecursive                 0x08008237   Thumb Code    62  queue.o(i.xQueueGiveMutexRecursive)
    xQueueReceive                            0x08008275   Thumb Code   308  queue.o(i.xQueueReceive)
    xQueueSemaphoreTake                      0x080083ad   Thumb Code   372  queue.o(i.xQueueSemaphoreTake)
    xQueueTakeMutexRecursive                 0x08008525   Thumb Code    64  queue.o(i.xQueueTakeMutexRecursive)
    xTaskCheckForTimeOut                     0x08008565   Thumb Code   112  tasks.o(i.xTaskCheckForTimeOut)
    xTaskCreate                              0x080085d9   Thumb Code    90  tasks.o(i.xTaskCreate)
    xTaskCreateStatic                        0x08008633   Thumb Code    90  tasks.o(i.xTaskCreateStatic)
    xTaskGenericNotifyFromISR                0x0800868d   Thumb Code   246  tasks.o(i.xTaskGenericNotifyFromISR)
    xTaskGetCurrentTaskHandle                0x08008791   Thumb Code     6  tasks.o(i.xTaskGetCurrentTaskHandle)
    xTaskGetSchedulerState                   0x0800879d   Thumb Code    22  tasks.o(i.xTaskGetSchedulerState)
    xTaskGetTickCount                        0x080087b9   Thumb Code     6  tasks.o(i.xTaskGetTickCount)
    xTaskIncrementTick                       0x080087c5   Thumb Code   192  tasks.o(i.xTaskIncrementTick)
    xTaskNotifyWait                          0x0800888d   Thumb Code   130  tasks.o(i.xTaskNotifyWait)
    xTaskPriorityDisinherit                  0x08008919   Thumb Code   116  tasks.o(i.xTaskPriorityDisinherit)
    xTaskPriorityInherit                     0x08008995   Thumb Code   114  tasks.o(i.xTaskPriorityInherit)
    xTaskRemoveFromEventList                 0x08008a11   Thumb Code    98  tasks.o(i.xTaskRemoveFromEventList)
    xTaskResumeAll                           0x08008a81   Thumb Code   180  tasks.o(i.xTaskResumeAll)
    xTimerCreateTimerTask                    0x08008b41   Thumb Code    78  timers.o(i.xTimerCreateTimerTask)
    xTimerGenericCommand                     0x08008ba1   Thumb Code    94  timers.o(i.xTimerGenericCommand)
    defaultTask_attributes                   0x08008c04   Data          36  freertos.o(.constdata)
    UARTPrescTable                           0x08008c30   Data          24  stm32h7xx_hal_uart.o(.constdata)
    D1CorePrescTable                         0x08008c58   Data          16  system_stm32h7xx.o(.constdata)
    twiddleCoef_16                           0x08008c78   Data         128  commontables.o(.constdata)
    twiddleCoef_32                           0x08008cf8   Data         256  commontables.o(.constdata)
    twiddleCoef_64                           0x08008df8   Data         512  commontables.o(.constdata)
    twiddleCoef_128                          0x08008ff8   Data        1024  commontables.o(.constdata)
    twiddleCoef_256                          0x080093f8   Data        2048  commontables.o(.constdata)
    twiddleCoef_512                          0x08009bf8   Data        4096  commontables.o(.constdata)
    twiddleCoef_1024                         0x0800abf8   Data        8192  commontables.o(.constdata)
    twiddleCoef_2048                         0x0800cbf8   Data       16384  commontables.o(.constdata)
    twiddleCoef_4096                         0x08010bf8   Data       32768  commontables.o(.constdata)
    armBitRevIndexTable16                    0x08018bf8   Data          40  commontables.o(.constdata)
    armBitRevIndexTable32                    0x08018c20   Data          96  commontables.o(.constdata)
    armBitRevIndexTable64                    0x08018c80   Data         112  commontables.o(.constdata)
    armBitRevIndexTable128                   0x08018cf0   Data         416  commontables.o(.constdata)
    armBitRevIndexTable256                   0x08018e90   Data         880  commontables.o(.constdata)
    armBitRevIndexTable512                   0x08019200   Data         896  commontables.o(.constdata)
    armBitRevIndexTable1024                  0x08019580   Data        3600  commontables.o(.constdata)
    armBitRevIndexTable2048                  0x0801a390   Data        7616  commontables.o(.constdata)
    armBitRevIndexTable4096                  0x0801c150   Data        8064  commontables.o(.constdata)
    twiddleCoef_rfft_32                      0x0801e0d0   Data         128  commontables.o(.constdata)
    twiddleCoef_rfft_64                      0x0801e150   Data         256  commontables.o(.constdata)
    twiddleCoef_rfft_128                     0x0801e250   Data         512  commontables.o(.constdata)
    twiddleCoef_rfft_256                     0x0801e450   Data        1024  commontables.o(.constdata)
    twiddleCoef_rfft_512                     0x0801e850   Data        2048  commontables.o(.constdata)
    twiddleCoef_rfft_1024                    0x0801f050   Data        4096  commontables.o(.constdata)
    twiddleCoef_rfft_2048                    0x08020050   Data        8192  commontables.o(.constdata)
    twiddleCoef_rfft_4096                    0x08022050   Data       16384  commontables.o(.constdata)
    arm_cfft_sR_f32_len16                    0x08026050   Data          16  commontables.o(.constdata)
    arm_cfft_sR_f32_len32                    0x08026060   Data          16  commontables.o(.constdata)
    arm_cfft_sR_f32_len64                    0x08026070   Data          16  commontables.o(.constdata)
    arm_cfft_sR_f32_len128                   0x08026080   Data          16  commontables.o(.constdata)
    arm_cfft_sR_f32_len256                   0x08026090   Data          16  commontables.o(.constdata)
    arm_cfft_sR_f32_len512                   0x080260a0   Data          16  commontables.o(.constdata)
    arm_cfft_sR_f32_len1024                  0x080260b0   Data          16  commontables.o(.constdata)
    arm_cfft_sR_f32_len2048                  0x080260c0   Data          16  commontables.o(.constdata)
    arm_cfft_sR_f32_len4096                  0x080260d0   Data          16  commontables.o(.constdata)
    Region$$Table$$Base                      0x080260f8   Number         0  anon$$obj.o(Region$$Table)
    Region$$Table$$Limit                     0x08026128   Number         0  anon$$obj.o(Region$$Table)
    found_val                                0x20000000   Data           2  main.o(.data)
    StartTask_Handler                        0x20000004   Data           4  freertos.o(.data)
    MyTask_Handler                           0x20000008   Data           4  freertos.o(.data)
    MyTask2_Handler                          0x2000000c   Data           4  freertos.o(.data)
    MyTask3_Handler                          0x20000010   Data           4  freertos.o(.data)
    defaultTaskHandle                        0x20000014   Data           4  freertos.o(.data)
    txMutex                                  0x2000001c   Data           4  usart.o(.data)
    uwTickFreq                               0x20000020   Data           1  stm32h7xx_hal.o(.data)
    uwTickPrio                               0x20000024   Data           4  stm32h7xx_hal.o(.data)
    uwTick                                   0x20000028   Data           4  stm32h7xx_hal.o(.data)
    SystemCoreClock                          0x2000002c   Data           4  system_stm32h7xx.o(.data)
    SystemD2Clock                            0x20000030   Data           4  system_stm32h7xx.o(.data)
    pxCurrentTCB                             0x20000034   Data           4  tasks.o(.data)
    xAudioPreTaskHandle                      0x200000b4   Data           4  app_main_task.o(.data)
    xAlgoTaskHandle                          0x200000b8   Data           4  app_main_task.o(.data)
    xUITaskHandle                            0x200000bc   Data           4  app_main_task.o(.data)
    xAudioDataReadySem                       0x200000c0   Data           4  app_main_task.o(.data)
    xPositionQueue                           0x200000c4   Data           4  app_main_task.o(.data)
    __stdout                                 0x200000cc   Data           4  stdout.o(.data)
    Mic_Process_Buffer                       0x200000e0   Data       16384  app_data_stream.o(.dtcm_data)
    Mic_Freq_Buffer                          0x200040e0   Data       16384  app_data_stream.o(.dtcm_data)
    S_Rfft                                   0x200080e0   Data          24  app_data_stream.o(.dtcm_data)
    hsai_BlockA1                             0x200080f8   Data         152  sai.o(.bss)
    hdma_sai1_a                              0x20008190   Data         120  sai.o(.bss)
    huart1                                   0x20008208   Data         148  usart.o(.bss)
    htim6                                    0x2000829c   Data          76  stm32h7xx_hal_timebase_tim.o(.bss)
    xQueueRegistry                           0x200082e8   Data          64  queue.o(.bss)
    __initial_sp                             0x200193c0   Data           0  startup_stm32h743xx.o(STACK)
    Mic_Rx_Buffer                            0x30000000   Data       16384  app_data_stream.o(.dma_buffer)



==============================================================================

Memory Map of the image

  Image Entry point : 0x08000299

  Load Region LR_IROM1 (Base: 0x08000000, Size: 0x00032220, Max: 0x00200000, ABSOLUTE, COMPRESSED[0x000262c0])

    Execution Region ER_IROM1 (Exec base: 0x08000000, Load base: 0x08000000, Size: 0x00026128, Max: 0x00200000, ABSOLUTE)

    Exec Addr    Load Addr    Size         Type   Attr      Idx    E Section Name        Object

    0x08000000   0x08000000   0x00000298   Data   RO            3    RESET               startup_stm32h743xx.o
    0x08000298   0x08000298   0x00000000   Code   RO        12126  * .ARM.Collect$$$$00000000  mc_w.l(entry.o)
    0x08000298   0x08000298   0x00000004   Code   RO        12441    .ARM.Collect$$$$00000001  mc_w.l(entry2.o)
    0x0800029c   0x0800029c   0x00000004   Code   RO        12444    .ARM.Collect$$$$00000004  mc_w.l(entry5.o)
    0x080002a0   0x080002a0   0x00000000   Code   RO        12446    .ARM.Collect$$$$00000008  mc_w.l(entry7b.o)
    0x080002a0   0x080002a0   0x00000000   Code   RO        12448    .ARM.Collect$$$$0000000A  mc_w.l(entry8b.o)
    0x080002a0   0x080002a0   0x00000008   Code   RO        12449    .ARM.Collect$$$$0000000B  mc_w.l(entry9a.o)
    0x080002a8   0x080002a8   0x00000004   Code   RO        12456    .ARM.Collect$$$$0000000E  mc_w.l(entry12b.o)
    0x080002ac   0x080002ac   0x00000000   Code   RO        12451    .ARM.Collect$$$$0000000F  mc_w.l(entry10a.o)
    0x080002ac   0x080002ac   0x00000000   Code   RO        12453    .ARM.Collect$$$$00000011  mc_w.l(entry11a.o)
    0x080002ac   0x080002ac   0x00000004   Code   RO        12442    .ARM.Collect$$$$00002712  mc_w.l(entry2.o)
    0x080002b0   0x080002b0   0x000000be   Code   RO         6695    .emb_text           port.o
    0x0800036e   0x0800036e   0x00000002   PAD
    0x08000370   0x08000370   0x0000002c   Code   RO            4    .text               startup_stm32h743xx.o
    0x0800039c   0x0800039c   0x00000062   Code   RO        12129    .text               mc_w.l(uldiv.o)
    0x080003fe   0x080003fe   0x0000001e   Code   RO        12133    .text               mc_w.l(llshl.o)
    0x0800041c   0x0800041c   0x00000024   Code   RO        12137    .text               mc_w.l(memcpya.o)
    0x08000440   0x08000440   0x00000024   Code   RO        12141    .text               mc_w.l(memseta.o)
    0x08000464   0x08000464   0x00000020   Code   RO        12460    .text               mc_w.l(llushr.o)
    0x08000484   0x08000484   0x00000024   Code   RO        12482    .text               mc_w.l(init.o)
    0x080004a8   0x080004a8   0x00000056   Code   RO        12494    .text               mc_w.l(__dczerorl2.o)
    0x080004fe   0x080004fe   0x00000002   PAD
    0x08000500   0x08000500   0x0000004c   Code   RO         6816    i.AI_Algorithm_Task  app_main_task.o
    0x0800054c   0x0800054c   0x00000052   Code   RO          710    i.App_MPU_Config    mpu.o
    0x0800059e   0x0800059e   0x00000002   PAD
    0x080005a0   0x080005a0   0x00000010   Code   RO         6780    i.App_Stream_Init   app_data_stream.o
    0x080005b0   0x080005b0   0x0000008c   Code   RO         6817    i.App_Task_Init     app_main_task.o
    0x0800063c   0x0800063c   0x0000007c   Code   RO         6818    i.Audio_Preprocess_Task  app_main_task.o
    0x080006b8   0x080006b8   0x00000002   Code   RO          571    i.BusFault_Handler  stm32h7xx_it.o
    0x080006ba   0x080006ba   0x00000002   PAD
    0x080006bc   0x080006bc   0x0000000c   Code   RO          572    i.DMA1_Stream0_IRQHandler  stm32h7xx_it.o
    0x080006c8   0x080006c8   0x000000b8   Code   RO         2536    i.DMA_CalcBaseAndBitshift  stm32h7xx_hal_dma.o
    0x08000780   0x08000780   0x000000a0   Code   RO         2537    i.DMA_CalcDMAMUXChannelBaseAndMask  stm32h7xx_hal_dma.o
    0x08000820   0x08000820   0x0000007c   Code   RO         2538    i.DMA_CalcDMAMUXRequestGenBaseAndMask  stm32h7xx_hal_dma.o
    0x0800089c   0x0800089c   0x00000054   Code   RO         2539    i.DMA_CheckFifoParam  stm32h7xx_hal_dma.o
    0x080008f0   0x080008f0   0x00000220   Code   RO         2540    i.DMA_SetConfig     stm32h7xx_hal_dma.o
    0x08000b10   0x08000b10   0x00000002   Code   RO          573    i.DebugMon_Handler  stm32h7xx_it.o
    0x08000b12   0x08000b12   0x0000003c   Code   RO         6880    i.Deinterleave_Using_Matrix  ai_preprocess.o
    0x08000b4e   0x08000b4e   0x00000004   Code   RO           13    i.Error_Handler     main.o
    0x08000b52   0x08000b52   0x00000002   PAD
    0x08000b54   0x08000b54   0x0000001c   Code   RO         4980    i.ExitRun0Mode      system_stm32h7xx.o
    0x08000b70   0x08000b70   0x00000360   Code   RO         2541    i.HAL_DMA_Abort     stm32h7xx_hal_dma.o
    0x08000ed0   0x08000ed0   0x0000026c   Code   RO         2542    i.HAL_DMA_Abort_IT  stm32h7xx_hal_dma.o
    0x0800113c   0x0800113c   0x00000004   Code   RO         2544    i.HAL_DMA_GetError  stm32h7xx_hal_dma.o
    0x08001140   0x08001140   0x000006f4   Code   RO         2546    i.HAL_DMA_IRQHandler  stm32h7xx_hal_dma.o
    0x08001834   0x08001834   0x000003b0   Code   RO         2547    i.HAL_DMA_Init      stm32h7xx_hal_dma.o
    0x08001be4   0x08001be4   0x000002b4   Code   RO         2551    i.HAL_DMA_Start_IT  stm32h7xx_hal_dma.o
    0x08001e98   0x08001e98   0x000001dc   Code   RO         2389    i.HAL_GPIO_Init     stm32h7xx_hal_gpio.o
    0x08002074   0x08002074   0x0000000a   Code   RO         2391    i.HAL_GPIO_ReadPin  stm32h7xx_hal_gpio.o
    0x0800207e   0x0800207e   0x00000010   Code   RO         2392    i.HAL_GPIO_TogglePin  stm32h7xx_hal_gpio.o
    0x0800208e   0x0800208e   0x0000000a   Code   RO         2393    i.HAL_GPIO_WritePin  stm32h7xx_hal_gpio.o
    0x08002098   0x08002098   0x0000000c   Code   RO         3261    i.HAL_GetREVID      stm32h7xx_hal.o
    0x080020a4   0x080020a4   0x0000000c   Code   RO         3262    i.HAL_GetTick       stm32h7xx_hal.o
    0x080020b0   0x080020b0   0x00000010   Code   RO         3268    i.HAL_IncTick       stm32h7xx_hal.o
    0x080020c0   0x080020c0   0x0000005c   Code   RO         3269    i.HAL_Init          stm32h7xx_hal.o
    0x0800211c   0x0800211c   0x0000008c   Code   RO          671    i.HAL_InitTick      stm32h7xx_hal_timebase_tim.o
    0x080021a8   0x080021a8   0x00000054   Code   RO         1742    i.HAL_MPU_ConfigRegion  stm32h7xx_hal_cortex.o
    0x080021fc   0x080021fc   0x0000001c   Code   RO         1743    i.HAL_MPU_Disable   stm32h7xx_hal_cortex.o
    0x08002218   0x08002218   0x00000024   Code   RO         1745    i.HAL_MPU_Enable    stm32h7xx_hal_cortex.o
    0x0800223c   0x0800223c   0x00000024   Code   RO          647    i.HAL_MspInit       stm32h7xx_hal_msp.o
    0x08002260   0x08002260   0x0000001a   Code   RO         1749    i.HAL_NVIC_EnableIRQ  stm32h7xx_hal_cortex.o
    0x0800227a   0x0800227a   0x00000002   PAD
    0x0800227c   0x0800227c   0x00000040   Code   RO         1755    i.HAL_NVIC_SetPriority  stm32h7xx_hal_cortex.o
    0x080022bc   0x080022bc   0x00000024   Code   RO         1756    i.HAL_NVIC_SetPriorityGrouping  stm32h7xx_hal_cortex.o
    0x080022e0   0x080022e0   0x00000050   Code   RO         2990    i.HAL_PWREx_ConfigSupply  stm32h7xx_hal_pwr_ex.o
    0x08002330   0x08002330   0x00000024   Code   RO         2010    i.HAL_RCCEx_GetD3PCLK1Freq  stm32h7xx_hal_rcc_ex.o
    0x08002354   0x08002354   0x00000158   Code   RO         2011    i.HAL_RCCEx_GetPLL1ClockFreq  stm32h7xx_hal_rcc_ex.o
    0x080024ac   0x080024ac   0x0000013c   Code   RO         2012    i.HAL_RCCEx_GetPLL2ClockFreq  stm32h7xx_hal_rcc_ex.o
    0x080025e8   0x080025e8   0x0000013c   Code   RO         2013    i.HAL_RCCEx_GetPLL3ClockFreq  stm32h7xx_hal_rcc_ex.o
    0x08002724   0x08002724   0x000002dc   Code   RO         2015    i.HAL_RCCEx_GetPeriphCLKFreq  stm32h7xx_hal_rcc_ex.o
    0x08002a00   0x08002a00   0x000009a8   Code   RO         2019    i.HAL_RCCEx_PeriphCLKConfig  stm32h7xx_hal_rcc_ex.o
    0x080033a8   0x080033a8   0x00000270   Code   RO         1895    i.HAL_RCC_ClockConfig  stm32h7xx_hal_rcc.o
    0x08003618   0x08003618   0x00000060   Code   RO         1899    i.HAL_RCC_GetClockConfig  stm32h7xx_hal_rcc.o
    0x08003678   0x08003678   0x00000044   Code   RO         1900    i.HAL_RCC_GetHCLKFreq  stm32h7xx_hal_rcc.o
    0x080036bc   0x080036bc   0x00000024   Code   RO         1902    i.HAL_RCC_GetPCLK1Freq  stm32h7xx_hal_rcc.o
    0x080036e0   0x080036e0   0x00000024   Code   RO         1903    i.HAL_RCC_GetPCLK2Freq  stm32h7xx_hal_rcc.o
    0x08003704   0x08003704   0x00000130   Code   RO         1904    i.HAL_RCC_GetSysClockFreq  stm32h7xx_hal_rcc.o
    0x08003834   0x08003834   0x0000056e   Code   RO         1907    i.HAL_RCC_OscConfig  stm32h7xx_hal_rcc.o
    0x08003da2   0x08003da2   0x000000ae   Code   RO         4153    i.HAL_SAI_Abort     stm32h7xx_hal_sai.o
    0x08003e50   0x08003e50   0x00000002   Code   RO         4162    i.HAL_SAI_ErrorCallback  stm32h7xx_hal_sai.o
    0x08003e52   0x08003e52   0x00000002   PAD
    0x08003e54   0x08003e54   0x00000148   Code   RO         4165    i.HAL_SAI_IRQHandler  stm32h7xx_hal_sai.o
    0x08003f9c   0x08003f9c   0x00000340   Code   RO         4166    i.HAL_SAI_Init      stm32h7xx_hal_sai.o
    0x080042dc   0x080042dc   0x000000fc   Code   RO          464    i.HAL_SAI_MspInit   sai.o
    0x080043d8   0x080043d8   0x000000b8   Code   RO         4171    i.HAL_SAI_Receive_DMA  stm32h7xx_hal_sai.o
    0x08004490   0x08004490   0x00000038   Code   RO           14    i.HAL_SAI_RxCpltCallback  main.o
    0x080044c8   0x080044c8   0x00000038   Code   RO           15    i.HAL_SAI_RxHalfCpltCallback  main.o
    0x08004500   0x08004500   0x00000002   Code   RO         1450    i.HAL_TIMEx_Break2Callback  stm32h7xx_hal_tim_ex.o
    0x08004502   0x08004502   0x00000002   Code   RO         1451    i.HAL_TIMEx_BreakCallback  stm32h7xx_hal_tim_ex.o
    0x08004504   0x08004504   0x00000002   Code   RO         1452    i.HAL_TIMEx_CommutCallback  stm32h7xx_hal_tim_ex.o
    0x08004506   0x08004506   0x00000062   Code   RO          736    i.HAL_TIM_Base_Init  stm32h7xx_hal_tim.o
    0x08004568   0x08004568   0x00000002   Code   RO          738    i.HAL_TIM_Base_MspInit  stm32h7xx_hal_tim.o
    0x0800456a   0x0800456a   0x00000002   PAD
    0x0800456c   0x0800456c   0x0000008c   Code   RO          741    i.HAL_TIM_Base_Start_IT  stm32h7xx_hal_tim.o
    0x080045f8   0x080045f8   0x00000002   Code   RO          770    i.HAL_TIM_IC_CaptureCallback  stm32h7xx_hal_tim.o
    0x080045fa   0x080045fa   0x0000014a   Code   RO          784    i.HAL_TIM_IRQHandler  stm32h7xx_hal_tim.o
    0x08004744   0x08004744   0x00000002   Code   RO          787    i.HAL_TIM_OC_DelayElapsedCallback  stm32h7xx_hal_tim.o
    0x08004746   0x08004746   0x00000002   Code   RO          814    i.HAL_TIM_PWM_PulseFinishedCallback  stm32h7xx_hal_tim.o
    0x08004748   0x08004748   0x00000014   Code   RO           16    i.HAL_TIM_PeriodElapsedCallback  main.o
    0x0800475c   0x0800475c   0x00000002   Code   RO          827    i.HAL_TIM_TriggerCallback  stm32h7xx_hal_tim.o
    0x0800475e   0x0800475e   0x0000003e   Code   RO         4862    i.HAL_UARTEx_DisableFifoMode  stm32h7xx_hal_uart_ex.o
    0x0800479c   0x0800479c   0x0000004c   Code   RO         4871    i.HAL_UARTEx_SetRxFifoThreshold  stm32h7xx_hal_uart_ex.o
    0x080047e8   0x080047e8   0x0000004c   Code   RO         4872    i.HAL_UARTEx_SetTxFifoThreshold  stm32h7xx_hal_uart_ex.o
    0x08004834   0x08004834   0x0000006a   Code   RO         4471    i.HAL_UART_Init     stm32h7xx_hal_uart.o
    0x0800489e   0x0800489e   0x00000002   PAD
    0x080048a0   0x080048a0   0x00000088   Code   RO          507    i.HAL_UART_MspInit  usart.o
    0x08004928   0x08004928   0x000000ae   Code   RO         4480    i.HAL_UART_Transmit  stm32h7xx_hal_uart.o
    0x080049d6   0x080049d6   0x00000002   Code   RO          574    i.HardFault_Handler  stm32h7xx_it.o
    0x080049d8   0x080049d8   0x00000030   Code   RO         7011    i.I2C_Delay_us      soft_i2c.o
    0x08004a08   0x08004a08   0x00000094   Code   RO         7012    i.I2C_ReadByte      soft_i2c.o
    0x08004a9c   0x08004a9c   0x00000054   Code   RO         7014    i.I2C_SendByte      soft_i2c.o
    0x08004af0   0x08004af0   0x00000040   Code   RO         7015    i.I2C_Start         soft_i2c.o
    0x08004b30   0x08004b30   0x00000048   Code   RO         7016    i.I2C_Stop          soft_i2c.o
    0x08004b78   0x08004b78   0x00000044   Code   RO         7017    i.I2C_WaitAck       soft_i2c.o
    0x08004bbc   0x08004bbc   0x0000002c   Code   RO          439    i.MX_DMA_Init       dma.o
    0x08004be8   0x08004be8   0x00000074   Code   RO          285    i.MX_FREERTOS_Init  freertos.o
    0x08004c5c   0x08004c5c   0x000000dc   Code   RO          261    i.MX_GPIO_Init      gpio.o
    0x08004d38   0x08004d38   0x00000070   Code   RO          465    i.MX_SAI1_Init      sai.o
    0x08004da8   0x08004da8   0x00000068   Code   RO          508    i.MX_USART1_UART_Init  usart.o
    0x08004e10   0x08004e10   0x00000002   Code   RO          575    i.MemManage_Handler  stm32h7xx_it.o
    0x08004e12   0x08004e12   0x00000002   PAD
    0x08004e14   0x08004e14   0x0000001c   Code   RO          286    i.MyTask            freertos.o
    0x08004e30   0x08004e30   0x0000000c   Code   RO          287    i.MyTask2           freertos.o
    0x08004e3c   0x08004e3c   0x00000040   Code   RO          288    i.MyTask3           freertos.o
    0x08004e7c   0x08004e7c   0x00000002   Code   RO          576    i.NMI_Handler       stm32h7xx_it.o
    0x08004e7e   0x08004e7e   0x00000002   PAD
    0x08004e80   0x08004e80   0x00000048   Code   RO          289    i.PCMD3180InitTask  freertos.o
    0x08004ec8   0x08004ec8   0x0000004e   Code   RO         6908    i.PCMD3180_Init_Device  pcmd3180.o
    0x08004f16   0x08004f16   0x00000024   Code   RO         6910    i.PCMD_Config_ASI_Format  pcmd3180.o
    0x08004f3a   0x08004f3a   0x00000026   Code   RO         6911    i.PCMD_Config_Channels  pcmd3180.o
    0x08004f60   0x08004f60   0x00000024   Code   RO         6912    i.PCMD_Config_Clock_Mode  pcmd3180.o
    0x08004f84   0x08004f84   0x0000001a   Code   RO         6913    i.PCMD_Config_DSP   pcmd3180.o
    0x08004f9e   0x08004f9e   0x00000060   Code   RO         6914    i.PCMD_Config_PDM_IO  pcmd3180.o
    0x08004ffe   0x08004ffe   0x00000022   Code   RO         6915    i.PCMD_Config_TDM_Slots  pcmd3180.o
    0x08005020   0x08005020   0x00000008   Code   RO         6916    i.PCMD_Ctrl_Reset   pcmd3180.o
    0x08005028   0x08005028   0x00000010   Code   RO         6917    i.PCMD_Ctrl_Sleep   pcmd3180.o
    0x08005038   0x08005038   0x00000550   Code   RO         6918    i.PCMD_Dump_Registers  pcmd3180.o
    0x08005588   0x08005588   0x00000024   Code   RO         6919    i.PCMD_Enable_Blocks  pcmd3180.o
    0x080055ac   0x080055ac   0x00000078   Code   RO         7018    i.PCMD_ReadReg      soft_i2c.o
    0x08005624   0x08005624   0x00000064   Code   RO         7019    i.PCMD_WriteReg     soft_i2c.o
    0x08005688   0x08005688   0x00000114   Code   RO         2022    i.RCCEx_PLL2_Config  stm32h7xx_hal_rcc_ex.o
    0x0800579c   0x0800579c   0x00000114   Code   RO         2023    i.RCCEx_PLL3_Config  stm32h7xx_hal_rcc_ex.o
    0x080058b0   0x080058b0   0x0000000c   Code   RO          577    i.SAI1_IRQHandler   stm32h7xx_it.o
    0x080058bc   0x080058bc   0x00000044   Code   RO         4180    i.SAI_DMAAbort      stm32h7xx_hal_sai.o
    0x08005900   0x08005900   0x0000003c   Code   RO         4181    i.SAI_DMAError      stm32h7xx_hal_sai.o
    0x0800593c   0x0800593c   0x0000003c   Code   RO         4182    i.SAI_DMARxCplt     stm32h7xx_hal_sai.o
    0x08005978   0x08005978   0x0000000a   Code   RO         4183    i.SAI_DMARxHalfCplt  stm32h7xx_hal_sai.o
    0x08005982   0x08005982   0x00000002   PAD
    0x08005984   0x08005984   0x00000040   Code   RO         4186    i.SAI_Disable       stm32h7xx_hal_sai.o
    0x080059c4   0x080059c4   0x00000030   Code   RO         4190    i.SAI_InterruptFlag  stm32h7xx_hal_sai.o
    0x080059f4   0x080059f4   0x00000058   Code   RO         7020    i.Soft_I2C_Init     soft_i2c.o
    0x08005a4c   0x08005a4c   0x00000050   Code   RO          290    i.StartDefaultTask  freertos.o
    0x08005a9c   0x08005a9c   0x00000080   Code   RO          291    i.StartTask         freertos.o
    0x08005b1c   0x08005b1c   0x0000001a   Code   RO         6130    i.SysTick_Handler   cmsis_os2.o
    0x08005b36   0x08005b36   0x00000002   PAD
    0x08005b38   0x08005b38   0x000000a4   Code   RO           17    i.SystemClock_Config  main.o
    0x08005bdc   0x08005bdc   0x000000f8   Code   RO         4982    i.SystemInit        system_stm32h7xx.o
    0x08005cd4   0x08005cd4   0x0000000c   Code   RO          578    i.TIM6_DAC_IRQHandler  stm32h7xx_it.o
    0x08005ce0   0x08005ce0   0x000000c8   Code   RO          829    i.TIM_Base_SetConfig  stm32h7xx_hal_tim.o
    0x08005da8   0x08005da8   0x00000044   Code   RO         4876    i.UARTEx_SetNbDataToProcess  stm32h7xx_hal_uart_ex.o
    0x08005dec   0x08005dec   0x000000c8   Code   RO         4485    i.UART_AdvFeatureConfig  stm32h7xx_hal_uart.o
    0x08005eb4   0x08005eb4   0x000000ac   Code   RO         4486    i.UART_CheckIdleState  stm32h7xx_hal_uart.o
    0x08005f60   0x08005f60   0x00000054   Code   RO         4497    i.UART_EndRxTransfer  stm32h7xx_hal_uart.o
    0x08005fb4   0x08005fb4   0x0000039c   Code   RO         4503    i.UART_SetConfig    stm32h7xx_hal_uart.o
    0x08006350   0x08006350   0x00000092   Code   RO         4510    i.UART_WaitOnFlagUntilTimeout  stm32h7xx_hal_uart.o
    0x080063e2   0x080063e2   0x00000002   PAD
    0x080063e4   0x080063e4   0x0000001c   Code   RO         6819    i.UI_Display_Task   app_main_task.o
    0x08006400   0x08006400   0x00000002   Code   RO          579    i.UsageFault_Handler  stm32h7xx_it.o
    0x08006402   0x08006402   0x00000004   Code   RO         6920    i.Write_Reg         pcmd3180.o
    0x08006406   0x08006406   0x00000002   PAD
    0x08006408   0x08006408   0x00000020   Code   RO        12352    i.__0printf$8       mc_w.l(printf8.o)
    0x08006428   0x08006428   0x00000020   Code   RO         1762    i.__NVIC_SetPriority  stm32h7xx_hal_cortex.o
    0x08006448   0x08006448   0x0000000e   Code   RO        12488    i.__scatterload_copy  mc_w.l(handlers.o)
    0x08006456   0x08006456   0x00000002   Code   RO        12489    i.__scatterload_null  mc_w.l(handlers.o)
    0x08006458   0x08006458   0x0000000e   Code   RO        12490    i.__scatterload_zeroinit  mc_w.l(handlers.o)
    0x08006466   0x08006466   0x00000002   PAD
    0x08006468   0x08006468   0x00000404   Code   RO        12359    i._printf_core      mc_w.l(printf8.o)
    0x0800686c   0x0800686c   0x00000024   Code   RO        12360    i._printf_post_padding  mc_w.l(printf8.o)
    0x08006890   0x08006890   0x0000002e   Code   RO        12361    i._printf_pre_padding  mc_w.l(printf8.o)
    0x080068be   0x080068be   0x00000002   PAD
    0x080068c0   0x080068c0   0x00000094   Code   RO        11328    i.arm_cfft_init_f32  transformfunctions.o
    0x08006954   0x08006954   0x00000008   Code   RO         9801    i.arm_mat_init_q15  matrixfunctions.o
    0x0800695c   0x0800695c   0x00000032   Code   RO         9827    i.arm_mat_trans_q15  matrixfunctions.o
    0x0800698e   0x0800698e   0x00000002   PAD
    0x08006990   0x08006990   0x00000028   Code   RO        10967    i.arm_q15_to_float  supportfunctions.o
    0x080069b8   0x080069b8   0x0000002c   Code   RO        11373    i.arm_rfft_1024_fast_init_f32  transformfunctions.o
    0x080069e4   0x080069e4   0x00000028   Code   RO        11375    i.arm_rfft_128_fast_init_f32  transformfunctions.o
    0x08006a0c   0x08006a0c   0x0000002c   Code   RO        11377    i.arm_rfft_2048_fast_init_f32  transformfunctions.o
    0x08006a38   0x08006a38   0x00000028   Code   RO        11379    i.arm_rfft_256_fast_init_f32  transformfunctions.o
    0x08006a60   0x08006a60   0x00000028   Code   RO        11381    i.arm_rfft_32_fast_init_f32  transformfunctions.o
    0x08006a88   0x08006a88   0x0000002c   Code   RO        11383    i.arm_rfft_4096_fast_init_f32  transformfunctions.o
    0x08006ab4   0x08006ab4   0x0000002c   Code   RO        11385    i.arm_rfft_512_fast_init_f32  transformfunctions.o
    0x08006ae0   0x08006ae0   0x00000028   Code   RO        11387    i.arm_rfft_64_fast_init_f32  transformfunctions.o
    0x08006b08   0x08006b08   0x00000078   Code   RO        11392    i.arm_rfft_fast_init_f32  transformfunctions.o
    0x08006b80   0x08006b80   0x0000004c   Code   RO          509    i.fputc             usart.o
    0x08006bcc   0x08006bcc   0x0000007a   Code   RO           18    i.main              main.o
    0x08006c46   0x08006c46   0x0000001a   Code   RO         6132    i.osDelay           cmsis_os2.o
    0x08006c60   0x08006c60   0x00000024   Code   RO         6146    i.osKernelInitialize  cmsis_os2.o
    0x08006c84   0x08006c84   0x00000038   Code   RO         6149    i.osKernelStart     cmsis_os2.o
    0x08006cbc   0x08006cbc   0x00000052   Code   RO         6169    i.osMutexAcquire    cmsis_os2.o
    0x08006d0e   0x08006d0e   0x00000068   Code   RO         6172    i.osMutexNew        cmsis_os2.o
    0x08006d76   0x08006d76   0x00000042   Code   RO         6173    i.osMutexRelease    cmsis_os2.o
    0x08006db8   0x08006db8   0x00000088   Code   RO         6191    i.osThreadNew       cmsis_os2.o
    0x08006e40   0x08006e40   0x0000005c   Code   RO         5594    i.prvAddCurrentTaskToDelayedList  tasks.o
    0x08006e9c   0x08006e9c   0x000000d0   Code   RO         5595    i.prvAddNewTaskToReadyList  tasks.o
    0x08006f6c   0x08006f6c   0x00000058   Code   RO         5959    i.prvCheckForValidListAndQueue  timers.o
    0x08006fc4   0x08006fc4   0x00000026   Code   RO         5191    i.prvCopyDataFromQueue  queue.o
    0x08006fea   0x08006fea   0x0000006c   Code   RO         5192    i.prvCopyDataToQueue  queue.o
    0x08007056   0x08007056   0x00000034   Code   RO         5596    i.prvDeleteTCB      tasks.o
    0x0800708a   0x0800708a   0x00000002   PAD
    0x0800708c   0x0800708c   0x0000004c   Code   RO         6640    i.prvHeapInit       heap_4.o
    0x080070d8   0x080070d8   0x0000005c   Code   RO         5597    i.prvIdleTask       tasks.o
    0x08007134   0x08007134   0x00000016   Code   RO         5193    i.prvInitialiseMutex  queue.o
    0x0800714a   0x0800714a   0x00000020   Code   RO         5194    i.prvInitialiseNewQueue  queue.o
    0x0800716a   0x0800716a   0x000000aa   Code   RO         5598    i.prvInitialiseNewTask  tasks.o
    0x08007214   0x08007214   0x0000004c   Code   RO         6641    i.prvInsertBlockIntoFreeList  heap_4.o
    0x08007260   0x08007260   0x00000038   Code   RO         5961    i.prvInsertTimerInActiveList  timers.o
    0x08007298   0x08007298   0x0000001a   Code   RO         5195    i.prvIsQueueEmpty   queue.o
    0x080072b2   0x080072b2   0x00000002   PAD
    0x080072b4   0x080072b4   0x000000f8   Code   RO         5962    i.prvProcessReceivedCommands  timers.o
    0x080073ac   0x080073ac   0x000000c0   Code   RO         5963    i.prvProcessTimerOrBlockTask  timers.o
    0x0800746c   0x0800746c   0x00000020   Code   RO         5600    i.prvResetNextTaskUnblockTime  tasks.o
    0x0800748c   0x0800748c   0x00000028   Code   RO         5964    i.prvSampleTimeNow  timers.o
    0x080074b4   0x080074b4   0x0000006c   Code   RO         5965    i.prvSwitchTimerLists  timers.o
    0x08007520   0x08007520   0x00000028   Code   RO         6696    i.prvTaskExitError  port.o
    0x08007548   0x08007548   0x00000034   Code   RO         5602    i.prvTaskIsTaskSuspended  tasks.o
    0x0800757c   0x0800757c   0x00000028   Code   RO         5966    i.prvTimerTask      timers.o
    0x080075a4   0x080075a4   0x0000006a   Code   RO         5196    i.prvUnlockQueue    queue.o
    0x0800760e   0x0800760e   0x00000002   PAD
    0x08007610   0x08007610   0x000000dc   Code   RO         6642    i.pvPortMalloc      heap_4.o
    0x080076ec   0x080076ec   0x00000018   Code   RO         5603    i.pvTaskIncrementMutexHeldCount  tasks.o
    0x08007704   0x08007704   0x0000002c   Code   RO         6697    i.pxPortInitialiseStack  port.o
    0x08007730   0x08007730   0x00000026   Code   RO         5151    i.uxListRemove      list.o
    0x08007756   0x08007756   0x00000002   PAD
    0x08007758   0x08007758   0x00000014   Code   RO         6203    i.vApplicationGetIdleTaskMemory  cmsis_os2.o
    0x0800776c   0x0800776c   0x00000018   Code   RO         6204    i.vApplicationGetTimerTaskMemory  cmsis_os2.o
    0x08007784   0x08007784   0x00000016   Code   RO         5152    i.vListInitialise   list.o
    0x0800779a   0x0800779a   0x00000006   Code   RO         5153    i.vListInitialiseItem  list.o
    0x080077a0   0x080077a0   0x00000030   Code   RO         5154    i.vListInsert       list.o
    0x080077d0   0x080077d0   0x00000018   Code   RO         5155    i.vListInsertEnd    list.o
    0x080077e8   0x080077e8   0x00000040   Code   RO         6699    i.vPortEnterCritical  port.o
    0x08007828   0x08007828   0x00000028   Code   RO         6700    i.vPortExitCritical  port.o
    0x08007850   0x08007850   0x00000064   Code   RO         6643    i.vPortFree         heap_4.o
    0x080078b4   0x080078b4   0x00000024   Code   RO         6701    i.vPortSetupTimerInterrupt  port.o
    0x080078d8   0x080078d8   0x00000054   Code   RO         6702    i.vPortValidateInterruptPriority  port.o
    0x0800792c   0x0800792c   0x00000024   Code   RO         5202    i.vQueueAddToRegistry  queue.o
    0x08007950   0x08007950   0x00000044   Code   RO         5206    i.vQueueWaitForMessageRestricted  queue.o
    0x08007994   0x08007994   0x0000004c   Code   RO         5613    i.vTaskDelay        tasks.o
    0x080079e0   0x080079e0   0x00000090   Code   RO         5615    i.vTaskDelete       tasks.o
    0x08007a70   0x08007a70   0x00000010   Code   RO         5618    i.vTaskInternalSetTimeOutState  tasks.o
    0x08007a80   0x08007a80   0x0000000c   Code   RO         5619    i.vTaskMissedYield  tasks.o
    0x08007a8c   0x08007a8c   0x00000030   Code   RO         5621    i.vTaskPlaceOnEventList  tasks.o
    0x08007abc   0x08007abc   0x00000038   Code   RO         5622    i.vTaskPlaceOnEventListRestricted  tasks.o
    0x08007af4   0x08007af4   0x00000090   Code   RO         5624    i.vTaskPriorityDisinheritAfterTimeout  tasks.o
    0x08007b84   0x08007b84   0x0000007c   Code   RO         5627    i.vTaskResume       tasks.o
    0x08007c00   0x08007c00   0x00000084   Code   RO         5630    i.vTaskStartScheduler  tasks.o
    0x08007c84   0x08007c84   0x0000009c   Code   RO         5631    i.vTaskSuspend      tasks.o
    0x08007d20   0x08007d20   0x00000010   Code   RO         5632    i.vTaskSuspendAll   tasks.o
    0x08007d30   0x08007d30   0x00000064   Code   RO         5633    i.vTaskSwitchContext  tasks.o
    0x08007d94   0x08007d94   0x000000f4   Code   RO         6703    i.xPortStartScheduler  port.o
    0x08007e88   0x08007e88   0x0000002c   Code   RO         6704    i.xPortSysTickHandler  port.o
    0x08007eb4   0x08007eb4   0x00000016   Code   RO         5209    i.xQueueCreateMutex  queue.o
    0x08007eca   0x08007eca   0x0000001a   Code   RO         5210    i.xQueueCreateMutexStatic  queue.o
    0x08007ee4   0x08007ee4   0x00000042   Code   RO         5211    i.xQueueGenericCreate  queue.o
    0x08007f26   0x08007f26   0x00000066   Code   RO         5212    i.xQueueGenericCreateStatic  queue.o
    0x08007f8c   0x08007f8c   0x00000088   Code   RO         5213    i.xQueueGenericReset  queue.o
    0x08008014   0x08008014   0x00000164   Code   RO         5214    i.xQueueGenericSend  queue.o
    0x08008178   0x08008178   0x000000be   Code   RO         5215    i.xQueueGenericSendFromISR  queue.o
    0x08008236   0x08008236   0x0000003e   Code   RO         5219    i.xQueueGiveMutexRecursive  queue.o
    0x08008274   0x08008274   0x00000138   Code   RO         5224    i.xQueueReceive     queue.o
    0x080083ac   0x080083ac   0x00000178   Code   RO         5226    i.xQueueSemaphoreTake  queue.o
    0x08008524   0x08008524   0x00000040   Code   RO         5227    i.xQueueTakeMutexRecursive  queue.o
    0x08008564   0x08008564   0x00000074   Code   RO         5635    i.xTaskCheckForTimeOut  tasks.o
    0x080085d8   0x080085d8   0x0000005a   Code   RO         5636    i.xTaskCreate       tasks.o
    0x08008632   0x08008632   0x0000005a   Code   RO         5637    i.xTaskCreateStatic  tasks.o
    0x0800868c   0x0800868c   0x00000104   Code   RO         5639    i.xTaskGenericNotifyFromISR  tasks.o
    0x08008790   0x08008790   0x0000000c   Code   RO         5640    i.xTaskGetCurrentTaskHandle  tasks.o
    0x0800879c   0x0800879c   0x0000001c   Code   RO         5641    i.xTaskGetSchedulerState  tasks.o
    0x080087b8   0x080087b8   0x0000000c   Code   RO         5642    i.xTaskGetTickCount  tasks.o
    0x080087c4   0x080087c4   0x000000c8   Code   RO         5644    i.xTaskIncrementTick  tasks.o
    0x0800888c   0x0800888c   0x0000008c   Code   RO         5646    i.xTaskNotifyWait   tasks.o
    0x08008918   0x08008918   0x0000007c   Code   RO         5647    i.xTaskPriorityDisinherit  tasks.o
    0x08008994   0x08008994   0x0000007c   Code   RO         5648    i.xTaskPriorityInherit  tasks.o
    0x08008a10   0x08008a10   0x00000070   Code   RO         5649    i.xTaskRemoveFromEventList  tasks.o
    0x08008a80   0x08008a80   0x000000c0   Code   RO         5650    i.xTaskResumeAll    tasks.o
    0x08008b40   0x08008b40   0x00000060   Code   RO         5975    i.xTimerCreateTimerTask  timers.o
    0x08008ba0   0x08008ba0   0x00000064   Code   RO         5976    i.xTimerGenericCommand  timers.o
    0x08008c04   0x08008c04   0x00000024   Data   RO          292    .constdata          freertos.o
    0x08008c28   0x08008c28   0x00000008   Data   RO         2553    .constdata          stm32h7xx_hal_dma.o
    0x08008c30   0x08008c30   0x00000018   Data   RO         4511    .constdata          stm32h7xx_hal_uart.o
    0x08008c48   0x08008c48   0x00000010   Data   RO         4877    .constdata          stm32h7xx_hal_uart_ex.o
    0x08008c58   0x08008c58   0x00000010   Data   RO         4983    .constdata          system_stm32h7xx.o
    0x08008c68   0x08008c68   0x00000010   Data   RO         7021    .constdata          soft_i2c.o
    0x08008c78   0x08008c78   0x00000080   Data   RO         7693    .constdata          commontables.o
    0x08008cf8   0x08008cf8   0x00000100   Data   RO         7694    .constdata          commontables.o
    0x08008df8   0x08008df8   0x00000200   Data   RO         7695    .constdata          commontables.o
    0x08008ff8   0x08008ff8   0x00000400   Data   RO         7696    .constdata          commontables.o
    0x080093f8   0x080093f8   0x00000800   Data   RO         7697    .constdata          commontables.o
    0x08009bf8   0x08009bf8   0x00001000   Data   RO         7698    .constdata          commontables.o
    0x0800abf8   0x0800abf8   0x00002000   Data   RO         7699    .constdata          commontables.o
    0x0800cbf8   0x0800cbf8   0x00004000   Data   RO         7700    .constdata          commontables.o
    0x08010bf8   0x08010bf8   0x00008000   Data   RO         7701    .constdata          commontables.o
    0x08018bf8   0x08018bf8   0x00000028   Data   RO         7729    .constdata          commontables.o
    0x08018c20   0x08018c20   0x00000060   Data   RO         7730    .constdata          commontables.o
    0x08018c80   0x08018c80   0x00000070   Data   RO         7731    .constdata          commontables.o
    0x08018cf0   0x08018cf0   0x000001a0   Data   RO         7732    .constdata          commontables.o
    0x08018e90   0x08018e90   0x00000370   Data   RO         7733    .constdata          commontables.o
    0x08019200   0x08019200   0x00000380   Data   RO         7734    .constdata          commontables.o
    0x08019580   0x08019580   0x00000e10   Data   RO         7735    .constdata          commontables.o
    0x0801a390   0x0801a390   0x00001dc0   Data   RO         7736    .constdata          commontables.o
    0x0801c150   0x0801c150   0x00001f80   Data   RO         7737    .constdata          commontables.o
    0x0801e0d0   0x0801e0d0   0x00000080   Data   RO         7755    .constdata          commontables.o
    0x0801e150   0x0801e150   0x00000100   Data   RO         7756    .constdata          commontables.o
    0x0801e250   0x0801e250   0x00000200   Data   RO         7757    .constdata          commontables.o
    0x0801e450   0x0801e450   0x00000400   Data   RO         7758    .constdata          commontables.o
    0x0801e850   0x0801e850   0x00000800   Data   RO         7759    .constdata          commontables.o
    0x0801f050   0x0801f050   0x00001000   Data   RO         7760    .constdata          commontables.o
    0x08020050   0x08020050   0x00002000   Data   RO         7761    .constdata          commontables.o
    0x08022050   0x08022050   0x00004000   Data   RO         7762    .constdata          commontables.o
    0x08026050   0x08026050   0x00000010   Data   RO         7807    .constdata          commontables.o
    0x08026060   0x08026060   0x00000010   Data   RO         7808    .constdata          commontables.o
    0x08026070   0x08026070   0x00000010   Data   RO         7809    .constdata          commontables.o
    0x08026080   0x08026080   0x00000010   Data   RO         7810    .constdata          commontables.o
    0x08026090   0x08026090   0x00000010   Data   RO         7811    .constdata          commontables.o
    0x080260a0   0x080260a0   0x00000010   Data   RO         7812    .constdata          commontables.o
    0x080260b0   0x080260b0   0x00000010   Data   RO         7813    .constdata          commontables.o
    0x080260c0   0x080260c0   0x00000010   Data   RO         7814    .constdata          commontables.o
    0x080260d0   0x080260d0   0x00000010   Data   RO         7815    .constdata          commontables.o
    0x080260e0   0x080260e0   0x0000000c   Data   RO          293    .conststring        freertos.o
    0x080260ec   0x080260ec   0x00000009   Data   RO         7022    .conststring        soft_i2c.o
    0x080260f5   0x080260f5   0x00000003   PAD
    0x080260f8   0x080260f8   0x00000030   Data   RO        12486    Region$$Table       anon$$obj.o


    Execution Region RW_IRAM_DTCM (Exec base: 0x20000000, Load base: 0x08026128, Size: 0x000193c0, Max: 0x00020000, ABSOLUTE, COMPRESSED[0x00000114])

    Exec Addr    Load Addr    Size         Type   Attr      Idx    E Section Name        Object

    0x20000000   COMPRESSED   0x00000002   Data   RW           19    .data               main.o
    0x20000002   COMPRESSED   0x00000002   PAD
    0x20000004   COMPRESSED   0x00000014   Data   RW          294    .data               freertos.o
    0x20000018   COMPRESSED   0x00000004   Data   RW          467    .data               sai.o
    0x2000001c   COMPRESSED   0x00000004   Data   RW          511    .data               usart.o
    0x20000020   COMPRESSED   0x0000000c   Data   RW         3291    .data               stm32h7xx_hal.o
    0x2000002c   COMPRESSED   0x00000008   Data   RW         4984    .data               system_stm32h7xx.o
    0x20000034   COMPRESSED   0x0000003c   Data   RW         5653    .data               tasks.o
    0x20000070   COMPRESSED   0x00000014   Data   RW         5984    .data               timers.o
    0x20000084   COMPRESSED   0x00000004   Data   RW         6206    .data               cmsis_os2.o
    0x20000088   COMPRESSED   0x00000020   Data   RW         6649    .data               heap_4.o
    0x200000a8   COMPRESSED   0x0000000c   Data   RW         6705    .data               port.o
    0x200000b4   COMPRESSED   0x00000014   Data   RW         6820    .data               app_main_task.o
    0x200000c8   COMPRESSED   0x00000004   Data   RW         7023    .data               soft_i2c.o
    0x200000cc   COMPRESSED   0x00000004   Data   RW        12457    .data               mc_w.l(stdout.o)
    0x200000d0   COMPRESSED   0x00000010   PAD
    0x200000e0   COMPRESSED   0x00004000   Data   RW         6782    .dtcm_data          app_data_stream.o
    0x200040e0   COMPRESSED   0x00004000   Data   RW         6783    .dtcm_data          app_data_stream.o
    0x200080e0   COMPRESSED   0x00000018   Data   RW         6784    .dtcm_data          app_data_stream.o
    0x200080f8        -       0x00000110   Zero   RW          466    .bss                sai.o
    0x20008208        -       0x00000094   Zero   RW          510    .bss                usart.o
    0x2000829c        -       0x0000004c   Zero   RW          674    .bss                stm32h7xx_hal_timebase_tim.o
    0x200082e8        -       0x00000040   Zero   RW         5228    .bss                queue.o
    0x20008328        -       0x000004c4   Zero   RW         5652    .bss                tasks.o
    0x200087ec        -       0x00000118   Zero   RW         5983    .bss                timers.o
    0x20008904        -       0x000006b8   Zero   RW         6205    .bss                cmsis_os2.o
    0x20008fbc        -       0x00010000   Zero   RW         6648    .bss                heap_4.o
    0x20018fbc   COMPRESSED   0x00000004   PAD
    0x20018fc0        -       0x00000400   Zero   RW            1    STACK               startup_stm32h743xx.o


    Execution Region RW_IRAM_AXI (Exec base: 0x24000000, Load base: 0x0802623c, Size: 0x00000000, Max: 0x00080000, ABSOLUTE)

    **** No section assigned to this execution region ****


    Execution Region RW_SRAM1 (Exec base: 0x30000000, Load base: 0x0802623c, Size: 0x00004000, Max: 0x00040000, ABSOLUTE, UNINIT, COMPRESSED[0x00000084])

    Exec Addr    Load Addr    Size         Type   Attr      Idx    E Section Name        Object

    0x30000000   COMPRESSED   0x00004000   Data   RW         6781    .dma_buffer         app_data_stream.o


    Execution Region RW_SDRAM (Exec base: 0xc0000000, Load base: 0x080262c0, Size: 0x00000000, Max: 0x02000000, ABSOLUTE, UNINIT)

    **** No section assigned to this execution region ****


==============================================================================

Image component sizes


      Code (inc. data)   RO Data    RW Data    ZI Data      Debug   Object Name

        60          0          0          0          0       1344   ai_preprocess.o
        16          6          0      49176          0       1268   app_data_stream.o
       368         90          0         20          0       3900   app_main_task.o
       576         22          0          4       1720      70906   cmsis_os2.o
         0          0     119912          0          0      13539   commontables.o
        44          4          0          0          0        874   dma.o
         0          0          0          0          0      19344   event_groups.o
       500        172         48         20          0      10763   freertos.o
       220         20          0          0          0       1131   gpio.o
       472         24          0         32      65536       5007   heap_4.o
       138          0          0          0          0       3598   list.o
       422         30          0          2          0    1324178   main.o
        58          0          0          0          0       2651   matrixfunctions.o
        82          0          0          0          0        561   mpu.o
      1768        968          0          0          0       7728   pcmd3180.o
       786         80          0         12          0      11493   port.o
      2148         22          0          0         64      23908   queue.o
       364         38          0          4        272       1996   sai.o
       792         68         25          4          0       6419   soft_i2c.o
        44         12        664          0       1024        828   startup_stm32h743xx.o
       132         32          0         12          0      22057   stm32h7xx_hal.o
       306         30          0          0          0      40852   stm32h7xx_hal_cortex.o
      6000        148          8          0          0      12249   stm32h7xx_hal_dma.o
       512         50          0          0          0       3640   stm32h7xx_hal_gpio.o
        36          4          0          0          0        926   stm32h7xx_hal_msp.o
        80          4          0          0          0        777   stm32h7xx_hal_pwr_ex.o
      2554        136          0          0          0       7929   stm32h7xx_hal_rcc.o
      4768        182          0          0          0      10727   stm32h7xx_hal_rcc_ex.o
      1830         58          0          0          0       9822   stm32h7xx_hal_sai.o
       778         66          0          0          0       7776   stm32h7xx_hal_tim.o
         6          0          0          0          0       2340   stm32h7xx_hal_tim_ex.o
       140         20          0          0         76       1567   stm32h7xx_hal_timebase_tim.o
      1806        110         24          0          0      26842   stm32h7xx_hal_uart.o
       282          6         16          0          0       3741   stm32h7xx_hal_uart_ex.o
        48         18          0          0          0       4091   stm32h7xx_it.o
         0          0          0          0          0        392   stream_buffer.o
        40          6          0          0          0       1251   supportfunctions.o
       276         48         16          8          0       1909   system_stm32h7xx.o
      3246        264          0         60       1220      35918   tasks.o
       968         84          0         20        280      29591   timers.o
       604        114          0          0          0       9081   transformfunctions.o
       316         34          0          4        148       6178   usart.o

    ----------------------------------------------------------------------
     33624       2970     120764      49380      70344    1751092   Object Totals
         0          0         48          0          0          0   (incl. Generated)
        38          0          3          2          4          0   (incl. Padding)

    ----------------------------------------------------------------------

      Code (inc. data)   RO Data    RW Data    ZI Data      Debug   Library Member Name

        86          0          0          0          0          0   __dczerorl2.o
         0          0          0          0          0          0   entry.o
         0          0          0          0          0          0   entry10a.o
         0          0          0          0          0          0   entry11a.o
         4          0          0          0          0          0   entry12b.o
         8          4          0          0          0          0   entry2.o
         4          0          0          0          0          0   entry5.o
         0          0          0          0          0          0   entry7b.o
         0          0          0          0          0          0   entry8b.o
         8          4          0          0          0          0   entry9a.o
        30          0          0          0          0          0   handlers.o
        36          8          0          0          0         68   init.o
        30          0          0          0          0         68   llshl.o
        32          0          0          0          0         68   llushr.o
        36          0          0          0          0         68   memcpya.o
        36          0          0          0          0        108   memseta.o
      1142         54          0          0          0        352   printf8.o
         0          0          0          4          0          0   stdout.o
        98          0          0          0          0         92   uldiv.o

    ----------------------------------------------------------------------
      1556         70          0         20          0        824   Library Totals
         6          0          0         16          0          0   (incl. Padding)

    ----------------------------------------------------------------------

      Code (inc. data)   RO Data    RW Data    ZI Data      Debug   Library Name

      1550         70          0          4          0        824   mc_w.l

    ----------------------------------------------------------------------
      1556         70          0         20          0        824   Library Totals

    ----------------------------------------------------------------------

==============================================================================


      Code (inc. data)   RO Data    RW Data    ZI Data      Debug   

     35180       3040     120764      49400      70344    1728936   Grand Totals
     35180       3040     120764        408      70344    1728936   ELF Image Totals (compressed)
     35180       3040     120764        408          0          0   ROM Totals

==============================================================================

    Total RO  Size (Code + RO Data)               155944 ( 152.29kB)
    Total RW  Size (RW Data + ZI Data)            119744 ( 116.94kB)
    Total ROM Size (Code + RO Data + RW Data)     156352 ( 152.69kB)

==============================================================================

