Component: ARM Compiler 5.06 update 7 (build 960) Tool: armlink [4d3601]

==============================================================================

Section Cross References

    startup_stm32h743xx.o(RESET) refers to startup_stm32h743xx.o(STACK) for __initial_sp
    startup_stm32h743xx.o(RESET) refers to startup_stm32h743xx.o(.text) for Reset_Handler
    startup_stm32h743xx.o(RESET) refers to stm32h7xx_it.o(i.NMI_Handler) for NMI_Handler
    startup_stm32h743xx.o(RESET) refers to stm32h7xx_it.o(i.HardFault_Handler) for HardFault_Handler
    startup_stm32h743xx.o(RESET) refers to stm32h7xx_it.o(i.MemManage_Handler) for MemManage_Handler
    startup_stm32h743xx.o(RESET) refers to stm32h7xx_it.o(i.BusFault_Handler) for BusFault_Handler
    startup_stm32h743xx.o(RESET) refers to stm32h7xx_it.o(i.UsageFault_Handler) for UsageFault_Handler
    startup_stm32h743xx.o(RESET) refers to port.o(.emb_text) for SVC_Handler
    startup_stm32h743xx.o(RESET) refers to stm32h7xx_it.o(i.DebugMon_Handler) for DebugMon_Handler
    startup_stm32h743xx.o(RESET) refers to cmsis_os2.o(i.SysTick_Handler) for SysTick_Handler
    startup_stm32h743xx.o(RESET) refers to stm32h7xx_it.o(i.DMA1_Stream0_IRQHandler) for DMA1_Stream0_IRQHandler
    startup_stm32h743xx.o(RESET) refers to stm32h7xx_it.o(i.TIM6_DAC_IRQHandler) for TIM6_DAC_IRQHandler
    startup_stm32h743xx.o(RESET) refers to stm32h7xx_it.o(i.SAI1_IRQHandler) for SAI1_IRQHandler
    startup_stm32h743xx.o(.text) refers to system_stm32h7xx.o(i.ExitRun0Mode) for ExitRun0Mode
    startup_stm32h743xx.o(.text) refers to system_stm32h7xx.o(i.SystemInit) for SystemInit
    startup_stm32h743xx.o(.text) refers to entry.o(.ARM.Collect$$$$00000000) for __main
    mpu.o(i.App_MPU_Config) refers to stm32h7xx_hal_cortex.o(i.HAL_MPU_Disable) for HAL_MPU_Disable
    mpu.o(i.App_MPU_Config) refers to stm32h7xx_hal_cortex.o(i.HAL_MPU_ConfigRegion) for HAL_MPU_ConfigRegion
    mpu.o(i.App_MPU_Config) refers to stm32h7xx_hal_cortex.o(i.HAL_MPU_Enable) for HAL_MPU_Enable
    main.o(i.HAL_SAI_RxCpltCallback) refers to tasks.o(i.xTaskGenericNotifyFromISR) for xTaskGenericNotifyFromISR
    main.o(i.HAL_SAI_RxCpltCallback) refers to app_main_task.o(.data) for xAudioPreTaskHandle
    main.o(i.HAL_SAI_RxHalfCpltCallback) refers to tasks.o(i.xTaskGenericNotifyFromISR) for xTaskGenericNotifyFromISR
    main.o(i.HAL_SAI_RxHalfCpltCallback) refers to app_main_task.o(.data) for xAudioPreTaskHandle
    main.o(i.HAL_TIM_PeriodElapsedCallback) refers to stm32h7xx_hal.o(i.HAL_IncTick) for HAL_IncTick
    main.o(i.SystemClock_Config) refers to memseta.o(.text) for __aeabi_memclr4
    main.o(i.SystemClock_Config) refers to stm32h7xx_hal_pwr_ex.o(i.HAL_PWREx_ConfigSupply) for HAL_PWREx_ConfigSupply
    main.o(i.SystemClock_Config) refers to stm32h7xx_hal_rcc.o(i.HAL_RCC_OscConfig) for HAL_RCC_OscConfig
    main.o(i.SystemClock_Config) refers to stm32h7xx_hal_rcc.o(i.HAL_RCC_ClockConfig) for HAL_RCC_ClockConfig
    main.o(i.main) refers to stm32h7xx_hal_cortex.o(i.HAL_MPU_Disable) for HAL_MPU_Disable
    main.o(i.main) refers to stm32h7xx_hal_cortex.o(i.HAL_MPU_ConfigRegion) for HAL_MPU_ConfigRegion
    main.o(i.main) refers to stm32h7xx_hal_cortex.o(i.HAL_MPU_Enable) for HAL_MPU_Enable
    main.o(i.main) refers to stm32h7xx_hal.o(i.HAL_Init) for HAL_Init
    main.o(i.main) refers to mpu.o(i.App_MPU_Config) for App_MPU_Config
    main.o(i.main) refers to soft_i2c.o(i.Soft_I2C_Init) for Soft_I2C_Init
    main.o(i.main) refers to main.o(i.SystemClock_Config) for SystemClock_Config
    main.o(i.main) refers to gpio.o(i.MX_GPIO_Init) for MX_GPIO_Init
    main.o(i.main) refers to dma.o(i.MX_DMA_Init) for MX_DMA_Init
    main.o(i.main) refers to usart.o(i.MX_USART1_UART_Init) for MX_USART1_UART_Init
    main.o(i.main) refers to sai.o(i.MX_SAI1_Init) for MX_SAI1_Init
    main.o(i.main) refers to cmsis_os2.o(i.osKernelInitialize) for osKernelInitialize
    main.o(i.main) refers to freertos.o(i.MX_FREERTOS_Init) for MX_FREERTOS_Init
    main.o(i.main) refers to cmsis_os2.o(i.osKernelStart) for osKernelStart
    gpio.o(i.MX_GPIO_Init) refers to memseta.o(.text) for __aeabi_memclr4
    gpio.o(i.MX_GPIO_Init) refers to stm32h7xx_hal_gpio.o(i.HAL_GPIO_WritePin) for HAL_GPIO_WritePin
    gpio.o(i.MX_GPIO_Init) refers to stm32h7xx_hal_gpio.o(i.HAL_GPIO_Init) for HAL_GPIO_Init
    freertos.o(i.MX_FREERTOS_Init) refers to cmsis_os2.o(i.osThreadNew) for osThreadNew
    freertos.o(i.MX_FREERTOS_Init) refers to tasks.o(i.xTaskCreate) for xTaskCreate
    freertos.o(i.MX_FREERTOS_Init) refers to freertos.o(.constdata) for .constdata
    freertos.o(i.MX_FREERTOS_Init) refers to freertos.o(i.StartDefaultTask) for StartDefaultTask
    freertos.o(i.MX_FREERTOS_Init) refers to freertos.o(.data) for .data
    freertos.o(i.MX_FREERTOS_Init) refers to freertos.o(i.PCMD3180InitTask) for PCMD3180InitTask
    freertos.o(i.MX_FREERTOS_Init) refers to freertos.o(i.StartTask) for StartTask
[...]
    DMA2_Stream2_IRQHandler                  0x0800038f   Thumb Code     0  startup_stm32h743xx.o(.text)
    DMA2_Stream3_IRQHandler                  0x0800038f   Thumb Code     0  startup_stm32h743xx.o(.text)
    DMA2_Stream4_IRQHandler                  0x0800038f   Thumb Code     0  startup_stm32h743xx.o(.text)
    DMA2_Stream5_IRQHandler                  0x0800038f   Thumb Code     0  startup_stm32h743xx.o(.text)
    DMA2_Stream6_IRQHandler                  0x0800038f   Thumb Code     0  startup_stm32h743xx.o(.text)
    DMA2_Stream7_IRQHandler                  0x0800038f   Thumb Code     0  startup_stm32h743xx.o(.text)
    DMAMUX1_OVR_IRQHandler                   0x0800038f   Thumb Code     0  startup_stm32h743xx.o(.text)
    DMAMUX2_OVR_IRQHandler                   0x0800038f   Thumb Code     0  startup_stm32h743xx.o(.text)
    ECC_IRQHandler                           0x0800038f   Thumb Code     0  startup_stm32h743xx.o(.text)
    ETH_IRQHandler                           0x0800038f   Thumb Code     0  startup_stm32h743xx.o(.text)
    ETH_WKUP_IRQHandler                      0x0800038f   Thumb Code     0  startup_stm32h743xx.o(.text)
    EXTI0_IRQHandler                         0x0800038f   Thumb Code     0  startup_stm32h743xx.o(.text)
    EXTI15_10_IRQHandler                     0x0800038f   Thumb Code     0  startup_stm32h743xx.o(.text)
    EXTI1_IRQHandler                         0x0800038f   Thumb Code     0  startup_stm32h743xx.o(.text)
    EXTI2_IRQHandler                         0x0800038f   Thumb Code     0  startup_stm32h743xx.o(.text)
    EXTI3_IRQHandler                         0x0800038f   Thumb Code     0  startup_stm32h743xx.o(.text)
    EXTI4_IRQHandler                         0x0800038f   Thumb Code     0  startup_stm32h743xx.o(.text)
    EXTI9_5_IRQHandler                       0x0800038f   Thumb Code     0  startup_stm32h743xx.o(.text)
    FDCAN1_IT0_IRQHandler                    0x0800038f   Thumb Code     0  startup_stm32h743xx.o(.text)
    FDCAN1_IT1_IRQHandler                    0x0800038f   Thumb Code     0  startup_stm32h743xx.o(.text)
    FDCAN2_IT0_IRQHandler                    0x0800038f   Thumb Code     0  startup_stm32h743xx.o(.text)
    FDCAN2_IT1_IRQHandler                    0x0800038f   Thumb Code     0  startup_stm32h743xx.o(.text)
    FDCAN_CAL_IRQHandler                     0x0800038f   Thumb Code     0  startup_stm32h743xx.o(.text)
    FLASH_IRQHandler                         0x0800038f   Thumb Code     0  startup_stm32h743xx.o(.text)
    FMC_IRQHandler                           0x0800038f   Thumb Code     0  startup_stm32h743xx.o(.text)
    FPU_IRQHandler                           0x0800038f   Thumb Code     0  startup_stm32h743xx.o(.text)
    HRTIM1_FLT_IRQHandler                    0x0800038f   Thumb Code     0  startup_stm32h743xx.o(.text)
    HRTIM1_Master_IRQHandler                 0x0800038f   Thumb Code     0  startup_stm32h743xx.o(.text)
    HRTIM1_TIMA_IRQHandler                   0x0800038f   Thumb Code     0  startup_stm32h743xx.o(.text)
    HRTIM1_TIMB_IRQHandler                   0x0800038f   Thumb Code     0  startup_stm32h743xx.o(.text)
    HRTIM1_TIMC_IRQHandler                   0x0800038f   Thumb Code     0  startup_stm32h743xx.o(.text)
    HRTIM1_TIMD_IRQHandler                   0x0800038f   Thumb Code     0  startup_stm32h743xx.o(.text)
    HRTIM1_TIME_IRQHandler                   0x0800038f   Thumb Code     0  startup_stm32h743xx.o(.text)
    HSEM1_IRQHandler                         0x0800038f   Thumb Code     0  startup_stm32h743xx.o(.text)
    I2C1_ER_IRQHandler                       0x0800038f   Thumb Code     0  startup_stm32h743xx.o(.text)
    I2C1_EV_IRQHandler                       0x0800038f   Thumb Code     0  startup_stm32h743xx.o(.text)
    I2C2_ER_IRQHandler                       0x0800038f   Thumb Code     0  startup_stm32h743xx.o(.text)
    I2C2_EV_IRQHandler                       0x0800038f   Thumb Code     0  startup_stm32h743xx.o(.text)
    I2C3_ER_IRQHandler                       0x0800038f   Thumb Code     0  startup_stm32h743xx.o(.text)
    I2C3_EV_IRQHandler                       0x0800038f   Thumb Code     0  startup_stm32h743xx.o(.text)
    I2C4_ER_IRQHandler                       0x0800038f   Thumb Code     0  startup_stm32h743xx.o(.text)
    I2C4_EV_IRQHandler                       0x0800038f   Thumb Code     0  startup_stm32h743xx.o(.text)
    JPEG_IRQHandler                          0x0800038f   Thumb Code     0  startup_stm32h743xx.o(.text)
    LPTIM1_IRQHandler                        0x0800038f   Thumb Code     0  startup_stm32h743xx.o(.text)
    LPTIM2_IRQHandler                        0x0800038f   Thumb Code     0  startup_stm32h743xx.o(.text)
    LPTIM3_IRQHandler                        0x0800038f   Thumb Code     0  startup_stm32h743xx.o(.text)
    LPTIM4_IRQHandler                        0x0800038f   Thumb Code     0  startup_stm32h743xx.o(.text)
    LPTIM5_IRQHandler                        0x0800038f   Thumb Code     0  startup_stm32h743xx.o(.text)
    LPUART1_IRQHandler                       0x0800038f   Thumb Code     0  startup_stm32h743xx.o(.text)
    LTDC_ER_IRQHandler                       0x0800038f   Thumb Code     0  startup_stm32h743xx.o(.text)
    LTDC_IRQHandler                          0x0800038f   Thumb Code     0  startup_stm32h743xx.o(.text)
    MDIOS_IRQHandler                         0x0800038f   Thumb Code     0  startup_stm32h743xx.o(.text)
    MDIOS_WKUP_IRQHandler                    0x0800038f   Thumb Code     0  startup_stm32h743xx.o(.text)
    MDMA_IRQHandler                          0x0800038f   Thumb Code     0  startup_stm32h743xx.o(.text)
    OTG_FS_EP1_IN_IRQHandler                 0x0800038f   Thumb Code     0  startup_stm32h743xx.o(.text)
    OTG_FS_EP1_OUT_IRQHandler                0x0800038f   Thumb Code     0  startup_stm32h743xx.o(.text)
    OTG_FS_IRQHandler                        0x0800038f   Thumb Code     0  startup_stm32h743xx.o(.text)
    OTG_FS_WKUP_IRQHandler                   0x0800038f   Thumb Code     0  startup_stm32h743xx.o(.text)
    OTG_HS_EP1_IN_IRQHandler                 0x0800038f   Thumb Code     0  startup_stm32h743xx.o(.text)
    OTG_HS_EP1_OUT_IRQHandler                0x0800038f   Thumb Code     0  startup_stm32h743xx.o(.text)
    OTG_HS_IRQHandler                        0x0800038f   Thumb Code     0  startup_stm32h743xx.o(.text)
    OTG_HS_WKUP_IRQHandler                   0x0800038f   Thumb Code     0  startup_stm32h743xx.o(.text)
    PVD_AVD_IRQHandler                       0x0800038f   Thumb Code     0  startup_stm32h743xx.o(.text)
    QUADSPI_IRQHandler                       0x0800038f   Thumb Code     0  startup_stm32h743xx.o(.text)
    RCC_IRQHandler                           0x0800038f   Thumb Code     0  startup_stm32h743xx.o(.text)
    RNG_IRQHandler                           0x0800038f   Thumb Code     0  startup_stm32h743xx.o(.text)
    RTC_Alarm_IRQHandler                     0x0800038f   Thumb Code     0  startup_stm32h743xx.o(.text)
    RTC_WKUP_IRQHandler                      0x0800038f   Thumb Code     0  startup_stm32h743xx.o(.text)
    SAI2_IRQHandler                          0x0800038f   Thumb Code     0  startup_stm32h743xx.o(.text)
    SAI3_IRQHandler                          0x0800038f   Thumb Code     0  startup_stm32h743xx.o(.text)
    SAI4_IRQHandler                          0x0800038f   Thumb Code     0  startup_stm32h743xx.o(.text)
    SDMMC1_IRQHandler                        0x0800038f   Thumb Code     0  startup_stm32h743xx.o(.text)
    SDMMC2_IRQHandler                        0x0800038f   Thumb Code     0  startup_stm32h743xx.o(.text)
    SPDIF_RX_IRQHandler                      0x0800038f   Thumb Code     0  startup_stm32h743xx.o(.text)
    SPI1_IRQHandler                          0x0800038f   Thumb Code     0  startup_stm32h743xx.o(.text)
    SPI2_IRQHandler                          0x0800038f   Thumb Code     0  startup_stm32h743xx.o(.text)
    SPI3_IRQHandler                          0x0800038f   Thumb Code     0  startup_stm32h743xx.o(.text)
    SPI4_IRQHandler                          0x0800038f   Thumb Code     0  startup_stm32h743xx.o(.text)
    SPI5_IRQHandler                          0x0800038f   Thumb Code     0  startup_stm32h743xx.o(.text)
    SPI6_IRQHandler                          0x0800038f   Thumb Code     0  startup_stm32h743xx.o(.text)
    SWPMI1_IRQHandler                        0x0800038f   Thumb Code     0  startup_stm32h743xx.o(.text)
    TAMP_STAMP_IRQHandler                    0x0800038f   Thumb Code     0  startup_stm32h743xx.o(.text)
    TIM15_IRQHandler                         0x0800038f   Thumb Code     0  startup_stm32h743xx.o(.text)
    TIM16_IRQHandler                         0x0800038f   Thumb Code     0  startup_stm32h743xx.o(.text)
    TIM17_IRQHandler                         0x0800038f   Thumb Code     0  startup_stm32h743xx.o(.text)
    TIM1_BRK_IRQHandler                      0x0800038f   Thumb Code     0  startup_stm32h743xx.o(.text)
    TIM1_CC_IRQHandler                       0x0800038f   Thumb Code     0  startup_stm32h743xx.o(.text)
    TIM1_TRG_COM_IRQHandler                  0x0800038f   Thumb Code     0  startup_stm32h743xx.o(.text)
    TIM1_UP_IRQHandler                       0x0800038f   Thumb Code     0  startup_stm32h743xx.o(.text)
    TIM2_IRQHandler                          0x0800038f   Thumb Code     0  startup_stm32h743xx.o(.text)
    TIM3_IRQHandler                          0x0800038f   Thumb Code     0  startup_stm32h743xx.o(.text)
    TIM4_IRQHandler                          0x0800038f   Thumb Code     0  startup_stm32h743xx.o(.text)
    TIM5_IRQHandler                          0x0800038f   Thumb Code     0  startup_stm32h743xx.o(.text)
    TIM7_IRQHandler                          0x0800038f   Thumb Code     0  startup_stm32h743xx.o(.text)
    TIM8_BRK_TIM12_IRQHandler                0x0800038f   Thumb Code     0  startup_stm32h743xx.o(.text)
    TIM8_CC_IRQHandler                       0x0800038f   Thumb Code     0  startup_stm32h743xx.o(.text)
    TIM8_TRG_COM_TIM14_IRQHandler            0x0800038f   Thumb Code     0  startup_stm32h743xx.o(.text)
    TIM8_UP_TIM13_IRQHandler                 0x0800038f   Thumb Code     0  startup_stm32h743xx.o(.text)
    UART4_IRQHandler                         0x0800038f   Thumb Code     0  startup_stm32h743xx.o(.text)
    UART5_IRQHandler                         0x0800038f   Thumb Code     0  startup_stm32h743xx.o(.text)
    UART7_IRQHandler                         0x0800038f   Thumb Code     0  startup_stm32h743xx.o(.text)
    UART8_IRQHandler                         0x0800038f   Thumb Code     0  startup_stm32h743xx.o(.text)
    USART1_IRQHandler                        0x0800038f   Thumb Code     0  startup_stm32h743xx.o(.text)
    USART2_IRQHandler                        0x0800038f   Thumb Code     0  startup_stm32h743xx.o(.text)
    USART3_IRQHandler                        0x0800038f   Thumb Code     0  startup_stm32h743xx.o(.text)
    USART6_IRQHandler                        0x0800038f   Thumb Code     0  startup_stm32h743xx.o(.text)
    WAKEUP_PIN_IRQHandler                    0x0800038f   Thumb Code     0  startup_stm32h743xx.o(.text)
    WWDG_IRQHandler                          0x0800038f   Thumb Code     0  startup_stm32h743xx.o(.text)
    __aeabi_uldivmod                         0x0800039d   Thumb Code    98  uldiv.o(.text)
    __aeabi_llsl                             0x080003ff   Thumb Code    30  llshl.o(.text)
    _ll_shift_l                              0x080003ff   Thumb Code     0  llshl.o(.text)
    __aeabi_memcpy                           0x0800041d   Thumb Code    36  memcpya.o(.text)
    __aeabi_memcpy4                          0x0800041d   Thumb Code     0  memcpya.o(.text)
    __aeabi_memcpy8                          0x0800041d   Thumb Code     0  memcpya.o(.text)
    __aeabi_memset                           0x08000441   Thumb Code    14  memseta.o(.text)
    __aeabi_memset4                          0x08000441   Thumb Code     0  memseta.o(.text)
    __aeabi_memset8                          0x08000441   Thumb Code     0  memseta.o(.text)
    __aeabi_memclr                           0x0800044f   Thumb Code     4  memseta.o(.text)
    __aeabi_memclr4                          0x0800044f   Thumb Code     0  memseta.o(.text)
    __aeabi_memclr8                          0x0800044f   Thumb Code     0  memseta.o(.text)
    memset                                   0x08000453   Thumb Code    18  memseta.o(.text)
    __aeabi_llsr                             0x08000465   Thumb Code    32  llushr.o(.text)
    _ll_ushift_r                             0x08000465   Thumb Code     0  llushr.o(.text)
    __I$use$fp                               0x08000485   Thumb Code     0  iusefp.o(.text)
    __scatterload                            0x08000485   Thumb Code    28  init.o(.text)
    __scatterload_rt2                        0x08000485   Thumb Code     0  init.o(.text)
    __decompress                             0x080004a9   Thumb Code     0  __dczerorl2.o(.text)
    __decompress1                            0x080004a9   Thumb Code    86  __dczerorl2.o(.text)
    AI_Algorithm_Task                        0x08000501   Thumb Code    70  app_main_task.o(i.AI_Algorithm_Task)
    AI_FFT_Process                           0x0800054d   Thumb Code    90  ai_beamforming.o(i.AI_FFT_Process)
    AI_SRP_PHAT_Init                         0x080005b9   Thumb Code    46  ai_beamforming.o(i.AI_SRP_PHAT_Init)
    AI_SRP_PHAT_Process                      0x080005f5   Thumb Code   486  ai_beamforming.o(i.AI_SRP_PHAT_Process)
    App_MPU_Config                           0x08000805   Thumb Code    82  mpu.o(i.App_MPU_Config)
    App_Stream_Init                          0x08000859   Thumb Code    90  app_data_stream.o(i.App_Stream_Init)
    App_Task_Init                            0x080008c5   Thumb Code    94  app_main_task.o(i.App_Task_Init)
    Audio_Preprocess_Task                    0x08000951   Thumb Code   102  app_main_task.o(i.Audio_Preprocess_Task)
    BusFault_Handler                         0x080009d1   Thumb Code     2  stm32h7xx_it.o(i.BusFault_Handler)
    DMA1_Stream0_IRQHandler                  0x080009d5   Thumb Code     6  stm32h7xx_it.o(i.DMA1_Stream0_IRQHandler)
    DebugMon_Handler                         0x08000e19   Thumb Code     2  stm32h7xx_it.o(i.DebugMon_Handler)
    Deinterleave_Using_Matrix                0x08000e1b   Thumb Code    60  ai_preprocess.o(i.Deinterleave_Using_Matrix)
    Error_Handler                            0x08000e57   Thumb Code     4  main.o(i.Error_Handler)
    ExitRun0Mode                             0x08000e5d   Thumb Code    22  system_stm32h7xx.o(i.ExitRun0Mode)
    HAL_DMA_Abort                            0x08000e79   Thumb Code   836  stm32h7xx_hal_dma.o(i.HAL_DMA_Abort)
    HAL_DMA_Abort_IT                         0x080011d9   Thumb Code   602  stm32h7xx_hal_dma.o(i.HAL_DMA_Abort_IT)
    HAL_DMA_GetError                         0x0800145d   Thumb Code     4  stm32h7xx_hal_dma.o(i.HAL_DMA_GetError)
    HAL_DMA_IRQHandler                       0x08001461   Thumb Code  1756  stm32h7xx_hal_dma.o(i.HAL_DMA_IRQHandler)
    HAL_DMA_Init                             0x08001b49   Thumb Code   926  stm32h7xx_hal_dma.o(i.HAL_DMA_Init)
    HAL_DMA_Start_IT                         0x08001f0d   Thumb Code   628  stm32h7xx_hal_dma.o(i.HAL_DMA_Start_IT)
    HAL_GPIO_Init                            0x080021a9   Thumb Code   506  stm32h7xx_hal_gpio.o(i.HAL_GPIO_Init)
    HAL_GPIO_ReadPin                         0x080023d5   Thumb Code    10  stm32h7xx_hal_gpio.o(i.HAL_GPIO_ReadPin)
    HAL_GPIO_TogglePin                       0x080023df   Thumb Code    16  stm32h7xx_hal_gpio.o(i.HAL_GPIO_TogglePin)
    HAL_GPIO_WritePin                        0x080023ef   Thumb Code    10  stm32h7xx_hal_gpio.o(i.HAL_GPIO_WritePin)
    HAL_GetREVID                             0x080023f9   Thumb Code     8  stm32h7xx_hal.o(i.HAL_GetREVID)
    HAL_GetTick                              0x08002405   Thumb Code     6  stm32h7xx_hal.o(i.HAL_GetTick)
    HAL_IncTick                              0x08002411   Thumb Code    12  stm32h7xx_hal.o(i.HAL_IncTick)
    HAL_Init                                 0x08002421   Thumb Code    74  stm32h7xx_hal.o(i.HAL_Init)
    HAL_InitTick                             0x0800247d   Thumb Code   120  stm32h7xx_hal_timebase_tim.o(i.HAL_InitTick)
    HAL_MPU_ConfigRegion                     0x08002509   Thumb Code    86  stm32h7xx_hal_cortex.o(i.HAL_MPU_ConfigRegion)
    HAL_MPU_Disable                          0x08002565   Thumb Code    24  stm32h7xx_hal_cortex.o(i.HAL_MPU_Disable)
    HAL_MPU_Enable                           0x08002581   Thumb Code    30  stm32h7xx_hal_cortex.o(i.HAL_MPU_Enable)
    HAL_MspInit                              0x080025a5   Thumb Code    32  stm32h7xx_hal_msp.o(i.HAL_MspInit)
    HAL_NVIC_EnableIRQ                       0x080025c9   Thumb Code    26  stm32h7xx_hal_cortex.o(i.HAL_NVIC_EnableIRQ)
    HAL_NVIC_SetPriority                     0x080025e5   Thumb Code    60  stm32h7xx_hal_cortex.o(i.HAL_NVIC_SetPriority)
    HAL_NVIC_SetPriorityGrouping             0x08002625   Thumb Code    28  stm32h7xx_hal_cortex.o(i.HAL_NVIC_SetPriorityGrouping)
    HAL_PWREx_ConfigSupply                   0x08002649   Thumb Code    78  stm32h7xx_hal_pwr_ex.o(i.HAL_PWREx_ConfigSupply)
    HAL_RCCEx_GetD3PCLK1Freq                 0x0800269d   Thumb Code    26  stm32h7xx_hal_rcc_ex.o(i.HAL_RCCEx_GetD3PCLK1Freq)
    HAL_RCCEx_GetPLL1ClockFreq               0x080026c1   Thumb Code   298  stm32h7xx_hal_rcc_ex.o(i.HAL_RCCEx_GetPLL1ClockFreq)
    HAL_RCCEx_GetPLL2ClockFreq               0x08002809   Thumb Code   296  stm32h7xx_hal_rcc_ex.o(i.HAL_RCCEx_GetPLL2ClockFreq)
    HAL_RCCEx_GetPLL3ClockFreq               0x0800294d   Thumb Code   296  stm32h7xx_hal_rcc_ex.o(i.HAL_RCCEx_GetPLL3ClockFreq)
    HAL_RCCEx_GetPeriphCLKFreq               0x08002a91   Thumb Code   692  stm32h7xx_hal_rcc_ex.o(i.HAL_RCCEx_GetPeriphCLKFreq)
    HAL_RCCEx_PeriphCLKConfig                0x08002d59   Thumb Code  2472  stm32h7xx_hal_rcc_ex.o(i.HAL_RCCEx_PeriphCLKConfig)
    HAL_RCC_ClockConfig                      0x08003705   Thumb Code   580  stm32h7xx_hal_rcc.o(i.HAL_RCC_ClockConfig)
    HAL_RCC_GetClockConfig                   0x08003961   Thumb Code    84  stm32h7xx_hal_rcc.o(i.HAL_RCC_GetClockConfig)
    HAL_RCC_GetHCLKFreq                      0x080039bd   Thumb Code    52  stm32h7xx_hal_rcc.o(i.HAL_RCC_GetHCLKFreq)
    HAL_RCC_GetPCLK1Freq                     0x08003a01   Thumb Code    26  stm32h7xx_hal_rcc.o(i.HAL_RCC_GetPCLK1Freq)
    HAL_RCC_GetPCLK2Freq                     0x08003a25   Thumb Code    26  stm32h7xx_hal_rcc.o(i.HAL_RCC_GetPCLK2Freq)
    HAL_RCC_GetSysClockFreq                  0x08003a49   Thumb Code   278  stm32h7xx_hal_rcc.o(i.HAL_RCC_GetSysClockFreq)
    HAL_RCC_OscConfig                        0x08003b81   Thumb Code  1410  stm32h7xx_hal_rcc.o(i.HAL_RCC_OscConfig)
    HAL_SAI_Abort                            0x08004103   Thumb Code   174  stm32h7xx_hal_sai.o(i.HAL_SAI_Abort)
    HAL_SAI_ErrorCallback                    0x080041b1   Thumb Code     2  stm32h7xx_hal_sai.o(i.HAL_SAI_ErrorCallback)
    HAL_SAI_IRQHandler                       0x080041b5   Thumb Code   334  stm32h7xx_hal_sai.o(i.HAL_SAI_IRQHandler)
    HAL_SAI_Init                             0x08004309   Thumb Code   848  stm32h7xx_hal_sai.o(i.HAL_SAI_Init)
    HAL_SAI_MspInit                          0x08004675   Thumb Code   234  sai.o(i.HAL_SAI_MspInit)
    HAL_SAI_Receive_DMA                      0x0800477d   Thumb Code   168  stm32h7xx_hal_sai.o(i.HAL_SAI_Receive_DMA)
    HAL_SAI_RxCpltCallback                   0x08004831   Thumb Code    48  main.o(i.HAL_SAI_RxCpltCallback)
    HAL_SAI_RxHalfCpltCallback               0x08004869   Thumb Code    48  main.o(i.HAL_SAI_RxHalfCpltCallback)
    HAL_TIMEx_Break2Callback                 0x080048a1   Thumb Code     2  stm32h7xx_hal_tim_ex.o(i.HAL_TIMEx_Break2Callback)
    HAL_TIMEx_BreakCallback                  0x080048a3   Thumb Code     2  stm32h7xx_hal_tim_ex.o(i.HAL_TIMEx_BreakCallback)
    HAL_TIMEx_CommutCallback                 0x080048a5   Thumb Code     2  stm32h7xx_hal_tim_ex.o(i.HAL_TIMEx_CommutCallback)
    HAL_TIM_Base_Init                        0x080048a7   Thumb Code    98  stm32h7xx_hal_tim.o(i.HAL_TIM_Base_Init)
    HAL_TIM_Base_MspInit                     0x08004909   Thumb Code     2  stm32h7xx_hal_tim.o(i.HAL_TIM_Base_MspInit)
    HAL_TIM_Base_Start_IT                    0x0800490d   Thumb Code   106  stm32h7xx_hal_tim.o(i.HAL_TIM_Base_Start_IT)
    HAL_TIM_IC_CaptureCallback               0x08004999   Thumb Code     2  stm32h7xx_hal_tim.o(i.HAL_TIM_IC_CaptureCallback)
    HAL_TIM_IRQHandler                       0x0800499b   Thumb Code   328  stm32h7xx_hal_tim.o(i.HAL_TIM_IRQHandler)
    HAL_TIM_OC_DelayElapsedCallback          0x08004ae3   Thumb Code     2  stm32h7xx_hal_tim.o(i.HAL_TIM_OC_DelayElapsedCallback)
    HAL_TIM_PWM_PulseFinishedCallback        0x08004ae5   Thumb Code     2  stm32h7xx_hal_tim.o(i.HAL_TIM_PWM_PulseFinishedCallback)
    HAL_TIM_PeriodElapsedCallback            0x08004ae9   Thumb Code    14  main.o(i.HAL_TIM_PeriodElapsedCallback)
    HAL_TIM_TriggerCallback                  0x08004afd   Thumb Code     2  stm32h7xx_hal_tim.o(i.HAL_TIM_TriggerCallback)
    HAL_UARTEx_DisableFifoMode               0x08004aff   Thumb Code    64  stm32h7xx_hal_uart_ex.o(i.HAL_UARTEx_DisableFifoMode)
    HAL_UARTEx_SetRxFifoThreshold            0x08004b3f   Thumb Code    76  stm32h7xx_hal_uart_ex.o(i.HAL_UARTEx_SetRxFifoThreshold)
    HAL_UARTEx_SetTxFifoThreshold            0x08004b8b   Thumb Code    76  stm32h7xx_hal_uart_ex.o(i.HAL_UARTEx_SetTxFifoThreshold)
    HAL_UART_Init                            0x08004bd7   Thumb Code   106  stm32h7xx_hal_uart.o(i.HAL_UART_Init)
    HAL_UART_MspInit                         0x08004c41   Thumb Code   122  usart.o(i.HAL_UART_MspInit)
    HAL_UART_Transmit                        0x08004cc9   Thumb Code   176  stm32h7xx_hal_uart.o(i.HAL_UART_Transmit)
    HardFault_Handler                        0x08004d79   Thumb Code     2  stm32h7xx_it.o(i.HardFault_Handler)
    MX_DMA_Init                              0x08004ecd   Thumb Code    40  dma.o(i.MX_DMA_Init)
    MX_FREERTOS_Init                         0x08004ef9   Thumb Code    60  freertos.o(i.MX_FREERTOS_Init)
    MX_GPIO_Init                             0x08004f69   Thumb Code   196  gpio.o(i.MX_GPIO_Init)
    MX_SAI1_Init                             0x08005041   Thumb Code   110  sai.o(i.MX_SAI1_Init)
    MX_USART1_UART_Init                      0x080050b9   Thumb Code    94  usart.o(i.MX_USART1_UART_Init)
    MemManage_Handler                        0x08005121   Thumb Code     2  stm32h7xx_it.o(i.MemManage_Handler)
    MyTask                                   0x08005125   Thumb Code    22  freertos.o(i.MyTask)
    MyTask2                                  0x08005141   Thumb Code    12  freertos.o(i.MyTask2)
    MyTask3                                  0x0800514d   Thumb Code    52  freertos.o(i.MyTask3)
    NMI_Handler                              0x0800518d   Thumb Code     2  stm32h7xx_it.o(i.NMI_Handler)
    PCMD3180InitTask                         0x08005191   Thumb Code    62  freertos.o(i.PCMD3180InitTask)
    PCMD3180_Init_Device                     0x080051d9   Thumb Code    78  pcmd3180.o(i.PCMD3180_Init_Device)
    PCMD_Config_ASI_Format                   0x08005227   Thumb Code    36  pcmd3180.o(i.PCMD_Config_ASI_Format)
    PCMD_Config_Channels                     0x0800524d   Thumb Code    40  pcmd3180.o(i.PCMD_Config_Channels)
    PCMD_Config_Clock_Mode                   0x08005275   Thumb Code    36  pcmd3180.o(i.PCMD_Config_Clock_Mode)
    PCMD_Config_DSP                          0x08005299   Thumb Code    26  pcmd3180.o(i.PCMD_Config_DSP)
    PCMD_Config_PDM_IO                       0x080052b3   Thumb Code    96  pcmd3180.o(i.PCMD_Config_PDM_IO)
    PCMD_Config_TDM_Slots                    0x08005313   Thumb Code    34  pcmd3180.o(i.PCMD_Config_TDM_Slots)
    PCMD_Ctrl_Reset                          0x08005335   Thumb Code     8  pcmd3180.o(i.PCMD_Ctrl_Reset)
    PCMD_Ctrl_Sleep                          0x0800533d   Thumb Code    16  pcmd3180.o(i.PCMD_Ctrl_Sleep)
    PCMD_Enable_Blocks                       0x0800534d   Thumb Code    36  pcmd3180.o(i.PCMD_Enable_Blocks)
    PCMD_WriteReg                            0x08005371   Thumb Code    96  soft_i2c.o(i.PCMD_WriteReg)
    SAI1_IRQHandler                          0x08005615   Thumb Code     6  stm32h7xx_it.o(i.SAI1_IRQHandler)
    Soft_I2C_Init                            0x080058b5   Thumb Code    68  soft_i2c.o(i.Soft_I2C_Init)
    StartDefaultTask                         0x0800590d   Thumb Code    12  freertos.o(i.StartDefaultTask)
    StartTask                                0x08005919   Thumb Code    88  freertos.o(i.StartTask)
    SysTick_Handler                          0x08005999   Thumb Code    26  cmsis_os2.o(i.SysTick_Handler)
    SystemClock_Config                       0x080059b5   Thumb Code   158  main.o(i.SystemClock_Config)
    SystemInit                               0x08005a5d   Thumb Code   206  system_stm32h7xx.o(i.SystemInit)
    TIM6_DAC_IRQHandler                      0x08005b55   Thumb Code     6  stm32h7xx_it.o(i.TIM6_DAC_IRQHandler)
    TIM_Base_SetConfig                       0x08005b61   Thumb Code   170  stm32h7xx_hal_tim.o(i.TIM_Base_SetConfig)
    UART_AdvFeatureConfig                    0x08005c71   Thumb Code   200  stm32h7xx_hal_uart.o(i.UART_AdvFeatureConfig)
    UART_CheckIdleState                      0x08005d39   Thumb Code   170  stm32h7xx_hal_uart.o(i.UART_CheckIdleState)
    UART_SetConfig                           0x08005e39   Thumb Code   876  stm32h7xx_hal_uart.o(i.UART_SetConfig)
    UART_WaitOnFlagUntilTimeout              0x080061e5   Thumb Code   148  stm32h7xx_hal_uart.o(i.UART_WaitOnFlagUntilTimeout)
    UI_Display_Task                          0x08006279   Thumb Code    22  app_main_task.o(i.UI_Display_Task)
    UsageFault_Handler                       0x08006295   Thumb Code     2  stm32h7xx_it.o(i.UsageFault_Handler)
    VOFA_Send_SRP_Result                     0x080062c9   Thumb Code    86  app_data_output.o(i.VOFA_Send_SRP_Result)
    __hardfp_cosf                            0x08006351   Thumb Code   276  cosf.o(i.__hardfp_cosf)
    __mathlib_flt_infnan                     0x080064a1   Thumb Code     6  funder.o(i.__mathlib_flt_infnan)
    __mathlib_flt_invalid                    0x080064a9   Thumb Code    10  funder.o(i.__mathlib_flt_invalid)
    __mathlib_rredf2                         0x080064b9   Thumb Code   316  rredf.o(i.__mathlib_rredf2)
    __scatterload_copy                       0x0800660d   Thumb Code    14  handlers.o(i.__scatterload_copy)
    __scatterload_null                       0x0800661b   Thumb Code     2  handlers.o(i.__scatterload_null)
    __scatterload_zeroinit                   0x0800661d   Thumb Code    14  handlers.o(i.__scatterload_zeroinit)
    __set_errno                              0x0800662d   Thumb Code     6  errno.o(i.__set_errno)
    arm_bitreversal_32                       0x08006639   Thumb Code    62  transformfunctions.o(i.arm_bitreversal_32)
    arm_cfft_f32                             0x08006677   Thumb Code   204  transformfunctions.o(i.arm_cfft_f32)
    arm_cfft_init_f32                        0x08006745   Thumb Code   112  transformfunctions.o(i.arm_cfft_init_f32)
    arm_cfft_radix8by2_f32                   0x080067d9   Thumb Code   402  transformfunctions.o(i.arm_cfft_radix8by2_f32)
    arm_cfft_radix8by4_f32                   0x0800696d   Thumb Code  1114  transformfunctions.o(i.arm_cfft_radix8by4_f32)
    arm_cmplx_conj_f32                       0x08006dc9   Thumb Code    36  complexmathfunctions.o(i.arm_cmplx_conj_f32)
    arm_cmplx_mag_f32                        0x08006ded   Thumb Code    62  complexmathfunctions.o(i.arm_cmplx_mag_f32)
    arm_cmplx_mult_cmplx_f32                 0x08006e31   Thumb Code    58  complexmathfunctions.o(i.arm_cmplx_mult_cmplx_f32)
    arm_mat_init_q15                         0x08006e6b   Thumb Code     8  matrixfunctions.o(i.arm_mat_init_q15)
    arm_mat_trans_q15                        0x08006e75   Thumb Code    52  matrixfunctions.o(i.arm_mat_trans_q15)
    arm_max_f32                              0x08006ea9   Thumb Code    46  statisticsfunctions.o(i.arm_max_f32)
    arm_mean_f32                             0x08006ed9   Thumb Code    40  statisticsfunctions.o(i.arm_mean_f32)
    arm_mult_f32                             0x08006f05   Thumb Code    28  basicmathfunctions.o(i.arm_mult_f32)
    arm_offset_f32                           0x08006f21   Thumb Code    24  basicmathfunctions.o(i.arm_offset_f32)
    arm_q15_to_float                         0x08006f39   Thumb Code    36  supportfunctions.o(i.arm_q15_to_float)
    arm_radix8_butterfly_f32                 0x08006f61   Thumb Code  1212  transformfunctions.o(i.arm_radix8_butterfly_f32)
    arm_rfft_fast_f32                        0x0800756d   Thumb Code    54  transformfunctions.o(i.arm_rfft_fast_f32)
    arm_rfft_fast_init_f32                   0x080075a5   Thumb Code    88  transformfunctions.o(i.arm_rfft_fast_init_f32)
    arm_sin_cos_f32                          0x0800761d   Thumb Code   254  controllerfunctions.o(i.arm_sin_cos_f32)
    main                                     0x080077a5   Thumb Code   122  main.o(i.main)
    merge_rfft_f32                           0x08007821   Thumb Code   160  transformfunctions.o(i.merge_rfft_f32)
    osDelay                                  0x080078c1   Thumb Code    28  cmsis_os2.o(i.osDelay)
    osKernelInitialize                       0x080078dd   Thumb Code    32  cmsis_os2.o(i.osKernelInitialize)
    osKernelStart                            0x08007901   Thumb Code    48  cmsis_os2.o(i.osKernelStart)
    osMutexAcquire                           0x08007939   Thumb Code    82  cmsis_os2.o(i.osMutexAcquire)
    osMutexNew                               0x0800798b   Thumb Code   104  cmsis_os2.o(i.osMutexNew)
    osMutexRelease                           0x080079f3   Thumb Code    66  cmsis_os2.o(i.osMutexRelease)
    osThreadNew                              0x08007a35   Thumb Code   144  cmsis_os2.o(i.osThreadNew)
    pvPortMalloc                             0x080082ad   Thumb Code   216  heap_4.o(i.pvPortMalloc)
    pvTaskIncrementMutexHeldCount            0x08008389   Thumb Code    18  tasks.o(i.pvTaskIncrementMutexHeldCount)
    pxPortInitialiseStack                    0x080083a1   Thumb Code    42  port.o(i.pxPortInitialiseStack)
    stage_rfft_f32                           0x080083d1   Thumb Code   166  transformfunctions.o(i.stage_rfft_f32)
    uxListRemove                             0x08008477   Thumb Code    38  list.o(i.uxListRemove)
    vApplicationGetIdleTaskMemory            0x0800849d   Thumb Code    18  cmsis_os2.o(i.vApplicationGetIdleTaskMemory)
    vApplicationGetTimerTaskMemory           0x080084b5   Thumb Code    20  cmsis_os2.o(i.vApplicationGetTimerTaskMemory)
    vListInitialise                          0x080084cd   Thumb Code    22  list.o(i.vListInitialise)
    vListInitialiseItem                      0x080084e3   Thumb Code     6  list.o(i.vListInitialiseItem)
    vListInsert                              0x080084e9   Thumb Code    48  list.o(i.vListInsert)
    vListInsertEnd                           0x08008519   Thumb Code    24  list.o(i.vListInsertEnd)
    vPortEnterCritical                       0x08008531   Thumb Code    54  port.o(i.vPortEnterCritical)
    vPortExitCritical                        0x08008571   Thumb Code    34  port.o(i.vPortExitCritical)
    vPortFree                                0x08008599   Thumb Code    94  heap_4.o(i.vPortFree)
    vPortSetupTimerInterrupt                 0x080085fd   Thumb Code    32  port.o(i.vPortSetupTimerInterrupt)
    vPortValidateInterruptPriority           0x08008621   Thumb Code    74  port.o(i.vPortValidateInterruptPriority)
    vQueueAddToRegistry                      0x08008675   Thumb Code    34  queue.o(i.vQueueAddToRegistry)
    vQueueWaitForMessageRestricted           0x0800869d   Thumb Code    68  queue.o(i.vQueueWaitForMessageRestricted)
    vTaskDelay                               0x080086e1   Thumb Code    66  tasks.o(i.vTaskDelay)
    vTaskDelete                              0x0800872d   Thumb Code   130  tasks.o(i.vTaskDelete)
    vTaskInternalSetTimeOutState             0x080087bd   Thumb Code    12  tasks.o(i.vTaskInternalSetTimeOutState)
    vTaskMissedYield                         0x080087cd   Thumb Code     8  tasks.o(i.vTaskMissedYield)
    vTaskPlaceOnEventList                    0x080087d9   Thumb Code    44  tasks.o(i.vTaskPlaceOnEventList)
    vTaskPlaceOnEventListRestricted          0x08008809   Thumb Code    52  tasks.o(i.vTaskPlaceOnEventListRestricted)
    vTaskPriorityDisinheritAfterTimeout      0x08008841   Thumb Code   136  tasks.o(i.vTaskPriorityDisinheritAfterTimeout)
    vTaskResume                              0x080088d1   Thumb Code   110  tasks.o(i.vTaskResume)
    vTaskStartScheduler                      0x0800894d   Thumb Code   118  tasks.o(i.vTaskStartScheduler)
    vTaskSuspend                             0x080089d5   Thumb Code   144  tasks.o(i.vTaskSuspend)
    vTaskSuspendAll                          0x08008a71   Thumb Code    10  tasks.o(i.vTaskSuspendAll)
    vTaskSwitchContext                       0x08008a81   Thumb Code    90  tasks.o(i.vTaskSwitchContext)
    xPortStartScheduler                      0x08008ae5   Thumb Code   222  port.o(i.xPortStartScheduler)
    xPortSysTickHandler                      0x08008bd9   Thumb Code    38  port.o(i.xPortSysTickHandler)
    xQueueCreateMutex                        0x08008c05   Thumb Code    22  queue.o(i.xQueueCreateMutex)
    xQueueCreateMutexStatic                  0x08008c1b   Thumb Code    26  queue.o(i.xQueueCreateMutexStatic)
    xQueueGenericCreate                      0x08008c35   Thumb Code    66  queue.o(i.xQueueGenericCreate)
    xQueueGenericCreateStatic                0x08008c77   Thumb Code   102  queue.o(i.xQueueGenericCreateStatic)
    xQueueGenericReset                       0x08008cdd   Thumb Code   144  queue.o(i.xQueueGenericReset)
    xQueueGenericSend                        0x08008d71   Thumb Code   346  queue.o(i.xQueueGenericSend)
    xQueueGenericSendFromISR                 0x08008ed1   Thumb Code   190  queue.o(i.xQueueGenericSendFromISR)
    xQueueGiveMutexRecursive                 0x08008f8f   Thumb Code    62  queue.o(i.xQueueGiveMutexRecursive)
    xQueueReceive                            0x08008fcd   Thumb Code   310  queue.o(i.xQueueReceive)
    xQueueSemaphoreTake                      0x08009109   Thumb Code   376  queue.o(i.xQueueSemaphoreTake)
    xQueueTakeMutexRecursive                 0x08009285   Thumb Code    60  queue.o(i.xQueueTakeMutexRecursive)
    xTaskCheckForTimeOut                     0x080092c1   Thumb Code   116  tasks.o(i.xTaskCheckForTimeOut)
    xTaskCreate                              0x08009339   Thumb Code    90  tasks.o(i.xTaskCreate)
    xTaskCreateStatic                        0x08009393   Thumb Code    86  tasks.o(i.xTaskCreateStatic)
    xTaskGenericNotifyFromISR                0x080093e9   Thumb Code   248  tasks.o(i.xTaskGenericNotifyFromISR)
    xTaskGetCurrentTaskHandle                0x080094ed   Thumb Code     6  tasks.o(i.xTaskGetCurrentTaskHandle)
    xTaskGetSchedulerState                   0x080094f9   Thumb Code    22  tasks.o(i.xTaskGetSchedulerState)
    xTaskGetTickCount                        0x08009515   Thumb Code     6  tasks.o(i.xTaskGetTickCount)
    xTaskIncrementTick                       0x08009521   Thumb Code   192  tasks.o(i.xTaskIncrementTick)
    xTaskNotifyWait                          0x080095e9   Thumb Code   130  tasks.o(i.xTaskNotifyWait)
    xTaskPriorityDisinherit                  0x08009675   Thumb Code   116  tasks.o(i.xTaskPriorityDisinherit)
    xTaskPriorityInherit                     0x080096f1   Thumb Code   114  tasks.o(i.xTaskPriorityInherit)
    xTaskRemoveFromEventList                 0x0800976d   Thumb Code   100  tasks.o(i.xTaskRemoveFromEventList)
    xTaskResumeAll                           0x080097dd   Thumb Code   184  tasks.o(i.xTaskResumeAll)
    xTimerCreateTimerTask                    0x080098a1   Thumb Code    78  timers.o(i.xTimerCreateTimerTask)
    xTimerGenericCommand                     0x08009901   Thumb Code    98  timers.o(i.xTimerGenericCommand)
    defaultTask_attributes                   0x08009968   Data          36  freertos.o(.constdata)
    UARTPrescTable                           0x08009994   Data          24  stm32h7xx_hal_uart.o(.constdata)
    D1CorePrescTable                         0x080099bc   Data          16  system_stm32h7xx.o(.constdata)
    srp_pair_idx                             0x080099d0   Data          80  ai_srp_lut.o(.constdata)
    srp_pair_dx                              0x08009a20   Data         160  ai_srp_lut.o(.constdata)
    srp_pair_dy                              0x08009ac0   Data         160  ai_srp_lut.o(.constdata)
    coarse_theta_deg                         0x08009b60   Data          28  ai_srp_lut.o(.constdata)
    coarse_phi_deg                           0x08009b7c   Data          28  ai_srp_lut.o(.constdata)
    tdoa_coarse_lut                          0x08009b98   Data        7840  ai_srp_lut.o(.constdata)
    twiddleCoef_16                           0x0800ba48   Data         128  commontables.o(.constdata)
    twiddleCoef_32                           0x0800bac8   Data         256  commontables.o(.constdata)
    twiddleCoef_64                           0x0800bbc8   Data         512  commontables.o(.constdata)
    twiddleCoef_128                          0x0800bdc8   Data        1024  commontables.o(.constdata)
    twiddleCoef_256                          0x0800c1c8   Data        2048  commontables.o(.constdata)
    twiddleCoef_512                          0x0800c9c8   Data        4096  commontables.o(.constdata)
    twiddleCoef_1024                         0x0800d9c8   Data        8192  commontables.o(.constdata)
    twiddleCoef_2048                         0x0800f9c8   Data       16384  commontables.o(.constdata)
    twiddleCoef_4096                         0x080139c8   Data       32768  commontables.o(.constdata)
    armBitRevIndexTable16                    0x0801b9c8   Data          40  commontables.o(.constdata)
    armBitRevIndexTable32                    0x0801b9f0   Data          96  commontables.o(.constdata)
    armBitRevIndexTable64                    0x0801ba50   Data         112  commontables.o(.constdata)
    armBitRevIndexTable128                   0x0801bac0   Data         416  commontables.o(.constdata)
    armBitRevIndexTable256                   0x0801bc60   Data         880  commontables.o(.constdata)
    armBitRevIndexTable512                   0x0801bfd0   Data         896  commontables.o(.constdata)
    armBitRevIndexTable1024                  0x0801c350   Data        3600  commontables.o(.constdata)
    armBitRevIndexTable2048                  0x0801d160   Data        7616  commontables.o(.constdata)
    armBitRevIndexTable4096                  0x0801ef20   Data        8064  commontables.o(.constdata)
    twiddleCoef_rfft_32                      0x08020ea0   Data         128  commontables.o(.constdata)
    twiddleCoef_rfft_64                      0x08020f20   Data         256  commontables.o(.constdata)
    twiddleCoef_rfft_128                     0x08021020   Data         512  commontables.o(.constdata)
    twiddleCoef_rfft_256                     0x08021220   Data        1024  commontables.o(.constdata)
    twiddleCoef_rfft_512                     0x08021620   Data        2048  commontables.o(.constdata)
    twiddleCoef_rfft_1024                    0x08021e20   Data        4096  commontables.o(.constdata)
    twiddleCoef_rfft_2048                    0x08022e20   Data        8192  commontables.o(.constdata)
    twiddleCoef_rfft_4096                    0x08024e20   Data       16384  commontables.o(.constdata)
    sinTable_f32                             0x08028e20   Data        2052  commontables.o(.constdata)
    arm_cfft_sR_f32_len16                    0x08029624   Data          16  commontables.o(.constdata)
    arm_cfft_sR_f32_len32                    0x08029634   Data          16  commontables.o(.constdata)
    arm_cfft_sR_f32_len64                    0x08029644   Data          16  commontables.o(.constdata)
    arm_cfft_sR_f32_len128                   0x08029654   Data          16  commontables.o(.constdata)
    arm_cfft_sR_f32_len256                   0x08029664   Data          16  commontables.o(.constdata)
    arm_cfft_sR_f32_len512                   0x08029674   Data          16  commontables.o(.constdata)
    arm_cfft_sR_f32_len1024                  0x08029684   Data          16  commontables.o(.constdata)
    arm_cfft_sR_f32_len2048                  0x08029694   Data          16  commontables.o(.constdata)
    arm_cfft_sR_f32_len4096                  0x080296a4   Data          16  commontables.o(.constdata)
    Region$$Table$$Base                      0x080296ec   Number         0  anon$$obj.o(Region$$Table)
    Region$$Table$$Limit                     0x0802972c   Number         0  anon$$obj.o(Region$$Table)
    found_val                                0x20000000   Data           2  main.o(.data)
    StartTask_Handler                        0x20000004   Data           4  freertos.o(.data)
    MyTask_Handler                           0x20000008   Data           4  freertos.o(.data)
    MyTask2_Handler                          0x2000000c   Data           4  freertos.o(.data)
    MyTask3_Handler                          0x20000010   Data           4  freertos.o(.data)
    defaultTaskHandle                        0x20000014   Data           4  freertos.o(.data)
    uwTickFreq                               0x2000001c   Data           1  stm32h7xx_hal.o(.data)
    uwTickPrio                               0x20000020   Data           4  stm32h7xx_hal.o(.data)
    uwTick                                   0x20000024   Data           4  stm32h7xx_hal.o(.data)
    SystemCoreClock                          0x20000028   Data           4  system_stm32h7xx.o(.data)
    SystemD2Clock                            0x2000002c   Data           4  system_stm32h7xx.o(.data)
    pxCurrentTCB                             0x20000030   Data           4  tasks.o(.data)
    xAudioPreTaskHandle                      0x200000b0   Data           4  app_main_task.o(.data)
    xAlgoTaskHandle                          0x200000b4   Data           4  app_main_task.o(.data)
    xUITaskHandle                            0x200000b8   Data           4  app_main_task.o(.data)
    xAudioDataReadySem                       0x200000bc   Data           4  app_main_task.o(.data)
    xPositionQueue                           0x200000c0   Data           4  app_main_task.o(.data)
    Mic_Process_Buffer                       0x200000e0   Data       16384  app_data_stream.o(.dtcm_data)
    Mic_Freq_Buffer                          0x200040e0   Data       16384  app_data_stream.o(.dtcm_data)
    Hanning_Window                           0x200080e0   Data        1024  app_data_stream.o(.dtcm_data)
    S_Rfft                                   0x200084e0   Data          24  app_data_stream.o(.dtcm_data)
    hsai_BlockA1                             0x200084f8   Data         152  sai.o(.bss)
    hdma_sai1_a                              0x20008590   Data         120  sai.o(.bss)
    huart1                                   0x20008608   Data         148  usart.o(.bss)
    htim6                                    0x2000869c   Data          76  stm32h7xx_hal_timebase_tim.o(.bss)
    xQueueRegistry                           0x200086e8   Data          64  queue.o(.bss)
    __initial_sp                             0x20019a98   Data           0  startup_stm32h743xx.o(STACK)
    GCC_PHAT_Buffer                          0x24000000   Data       10240  app_data_stream.o(.axi_sram_data)
    SRP_Power                                0x24002800   Data         496  app_data_stream.o(.axi_sram_data)
    Mic_Rx_Buffer                            0x30000000   Data       16384  app_data_stream.o(.dma_buffer)



==============================================================================

Memory Map of the image

  Image Entry point : 0x08000299

  Load Region LR_IROM1 (Base: 0x08000000, Size: 0x00038614, Max: 0x00200000, ABSOLUTE, COMPRESSED[0x00029924])

    Execution Region ER_IROM1 (Exec base: 0x08000000, Load base: 0x08000000, Size: 0x0002972c, Max: 0x00200000, ABSOLUTE)

    Exec Addr    Load Addr    Size         Type   Attr      Idx    E Section Name        Object

    0x08000000   0x08000000   0x00000298   Data   RO            3    RESET               startup_stm32h743xx.o
    0x08000298   0x08000298   0x00000000   Code   RO        12264  * .ARM.Collect$$$$00000000  mc_w.l(entry.o)
    0x08000298   0x08000298   0x00000004   Code   RO        12582    .ARM.Collect$$$$00000001  mc_w.l(entry2.o)
    0x0800029c   0x0800029c   0x00000004   Code   RO        12585    .ARM.Collect$$$$00000004  mc_w.l(entry5.o)
    0x080002a0   0x080002a0   0x00000000   Code   RO        12587    .ARM.Collect$$$$00000008  mc_w.l(entry7b.o)
    0x080002a0   0x080002a0   0x00000000   Code   RO        12589    .ARM.Collect$$$$0000000A  mc_w.l(entry8b.o)
    0x080002a0   0x080002a0   0x00000008   Code   RO        12590    .ARM.Collect$$$$0000000B  mc_w.l(entry9a.o)
    0x080002a8   0x080002a8   0x00000004   Code   RO        12597    .ARM.Collect$$$$0000000E  mc_w.l(entry12b.o)
    0x080002ac   0x080002ac   0x00000000   Code   RO        12592    .ARM.Collect$$$$0000000F  mc_w.l(entry10a.o)
    0x080002ac   0x080002ac   0x00000000   Code   RO        12594    .ARM.Collect$$$$00000011  mc_w.l(entry11a.o)
    0x080002ac   0x080002ac   0x00000004   Code   RO        12583    .ARM.Collect$$$$00002712  mc_w.l(entry2.o)
    0x080002b0   0x080002b0   0x000000be   Code   RO         6695    .emb_text           port.o
    0x0800036e   0x0800036e   0x00000002   PAD
    0x08000370   0x08000370   0x0000002c   Code   RO            4    .text               startup_stm32h743xx.o
    0x0800039c   0x0800039c   0x00000062   Code   RO        12267    .text               mc_w.l(uldiv.o)
    0x080003fe   0x080003fe   0x0000001e   Code   RO        12271    .text               mc_w.l(llshl.o)
    0x0800041c   0x0800041c   0x00000024   Code   RO        12275    .text               mc_w.l(memcpya.o)
    0x08000440   0x08000440   0x00000024   Code   RO        12279    .text               mc_w.l(memseta.o)
    0x08000464   0x08000464   0x00000020   Code   RO        12601    .text               mc_w.l(llushr.o)
    0x08000484   0x08000484   0x00000000   Code   RO        12610    .text               mc_w.l(iusefp.o)
    0x08000484   0x08000484   0x00000024   Code   RO        12623    .text               mc_w.l(init.o)
    0x080004a8   0x080004a8   0x00000056   Code   RO        12635    .text               mc_w.l(__dczerorl2.o)
    0x080004fe   0x080004fe   0x00000002   PAD
    0x08000500   0x08000500   0x0000004c   Code   RO         6883    i.AI_Algorithm_Task  app_main_task.o
    0x0800054c   0x0800054c   0x0000006c   Code   RO         6935    i.AI_FFT_Process    ai_beamforming.o
    0x080005b8   0x080005b8   0x0000003c   Code   RO         6936    i.AI_SRP_PHAT_Init  ai_beamforming.o
    0x080005f4   0x080005f4   0x00000210   Code   RO         6937    i.AI_SRP_PHAT_Process  ai_beamforming.o
    0x08000804   0x08000804   0x00000052   Code   RO           13    i.App_MPU_Config    mpu.o
    0x08000856   0x08000856   0x00000002   PAD
    0x08000858   0x08000858   0x0000006c   Code   RO         6845    i.App_Stream_Init   app_data_stream.o
    0x080008c4   0x080008c4   0x0000008c   Code   RO         6884    i.App_Task_Init     app_main_task.o
    0x08000950   0x08000950   0x00000080   Code   RO         6885    i.Audio_Preprocess_Task  app_main_task.o
    0x080009d0   0x080009d0   0x00000002   Code   RO          595    i.BusFault_Handler  stm32h7xx_it.o
    0x080009d2   0x080009d2   0x00000002   PAD
    0x080009d4   0x080009d4   0x0000000c   Code   RO          596    i.DMA1_Stream0_IRQHandler  stm32h7xx_it.o
    0x080009e0   0x080009e0   0x000000b4   Code   RO         2536    i.DMA_CalcBaseAndBitshift  stm32h7xx_hal_dma.o
    0x08000a94   0x08000a94   0x0000009c   Code   RO         2537    i.DMA_CalcDMAMUXChannelBaseAndMask  stm32h7xx_hal_dma.o
    0x08000b30   0x08000b30   0x00000074   Code   RO         2538    i.DMA_CalcDMAMUXRequestGenBaseAndMask  stm32h7xx_hal_dma.o
    0x08000ba4   0x08000ba4   0x00000054   Code   RO         2539    i.DMA_CheckFifoParam  stm32h7xx_hal_dma.o
    0x08000bf8   0x08000bf8   0x00000220   Code   RO         2540    i.DMA_SetConfig     stm32h7xx_hal_dma.o
    0x08000e18   0x08000e18   0x00000002   Code   RO          597    i.DebugMon_Handler  stm32h7xx_it.o
    0x08000e1a   0x08000e1a   0x0000003c   Code   RO         6995    i.Deinterleave_Using_Matrix  ai_preprocess.o
    0x08000e56   0x08000e56   0x00000004   Code   RO          161    i.Error_Handler     main.o
    0x08000e5a   0x08000e5a   0x00000002   PAD
    0x08000e5c   0x08000e5c   0x0000001c   Code   RO         4980    i.ExitRun0Mode      system_stm32h7xx.o
    0x08000e78   0x08000e78   0x00000360   Code   RO         2541    i.HAL_DMA_Abort     stm32h7xx_hal_dma.o
    0x080011d8   0x080011d8   0x00000284   Code   RO         2542    i.HAL_DMA_Abort_IT  stm32h7xx_hal_dma.o
    0x0800145c   0x0800145c   0x00000004   Code   RO         2544    i.HAL_DMA_GetError  stm32h7xx_hal_dma.o
    0x08001460   0x08001460   0x000006e8   Code   RO         2546    i.HAL_DMA_IRQHandler  stm32h7xx_hal_dma.o
    0x08001b48   0x08001b48   0x000003c4   Code   RO         2547    i.HAL_DMA_Init      stm32h7xx_hal_dma.o
    0x08001f0c   0x08001f0c   0x0000029c   Code   RO         2551    i.HAL_DMA_Start_IT  stm32h7xx_hal_dma.o
    0x080021a8   0x080021a8   0x0000022c   Code   RO         2389    i.HAL_GPIO_Init     stm32h7xx_hal_gpio.o
    0x080023d4   0x080023d4   0x0000000a   Code   RO         2391    i.HAL_GPIO_ReadPin  stm32h7xx_hal_gpio.o
    0x080023de   0x080023de   0x00000010   Code   RO         2392    i.HAL_GPIO_TogglePin  stm32h7xx_hal_gpio.o
    0x080023ee   0x080023ee   0x0000000a   Code   RO         2393    i.HAL_GPIO_WritePin  stm32h7xx_hal_gpio.o
    0x080023f8   0x080023f8   0x0000000c   Code   RO         3261    i.HAL_GetREVID      stm32h7xx_hal.o
    0x08002404   0x08002404   0x0000000c   Code   RO         3262    i.HAL_GetTick       stm32h7xx_hal.o
    0x08002410   0x08002410   0x00000010   Code   RO         3268    i.HAL_IncTick       stm32h7xx_hal.o
    0x08002420   0x08002420   0x0000005c   Code   RO         3269    i.HAL_Init          stm32h7xx_hal.o
    0x0800247c   0x0800247c   0x0000008c   Code   RO          695    i.HAL_InitTick      stm32h7xx_hal_timebase_tim.o
    0x08002508   0x08002508   0x0000005c   Code   RO         1742    i.HAL_MPU_ConfigRegion  stm32h7xx_hal_cortex.o
    0x08002564   0x08002564   0x0000001c   Code   RO         1743    i.HAL_MPU_Disable   stm32h7xx_hal_cortex.o
    0x08002580   0x08002580   0x00000024   Code   RO         1745    i.HAL_MPU_Enable    stm32h7xx_hal_cortex.o
    0x080025a4   0x080025a4   0x00000024   Code   RO          671    i.HAL_MspInit       stm32h7xx_hal_msp.o
    0x080025c8   0x080025c8   0x0000001a   Code   RO         1749    i.HAL_NVIC_EnableIRQ  stm32h7xx_hal_cortex.o
    0x080025e2   0x080025e2   0x00000002   PAD
    0x080025e4   0x080025e4   0x00000040   Code   RO         1755    i.HAL_NVIC_SetPriority  stm32h7xx_hal_cortex.o
    0x08002624   0x08002624   0x00000024   Code   RO         1756    i.HAL_NVIC_SetPriorityGrouping  stm32h7xx_hal_cortex.o
    0x08002648   0x08002648   0x00000054   Code   RO         2990    i.HAL_PWREx_ConfigSupply  stm32h7xx_hal_pwr_ex.o
    0x0800269c   0x0800269c   0x00000024   Code   RO         2010    i.HAL_RCCEx_GetD3PCLK1Freq  stm32h7xx_hal_rcc_ex.o
    0x080026c0   0x080026c0   0x00000148   Code   RO         2011    i.HAL_RCCEx_GetPLL1ClockFreq  stm32h7xx_hal_rcc_ex.o
    0x08002808   0x08002808   0x00000144   Code   RO         2012    i.HAL_RCCEx_GetPLL2ClockFreq  stm32h7xx_hal_rcc_ex.o
    0x0800294c   0x0800294c   0x00000144   Code   RO         2013    i.HAL_RCCEx_GetPLL3ClockFreq  stm32h7xx_hal_rcc_ex.o
    0x08002a90   0x08002a90   0x000002c8   Code   RO         2015    i.HAL_RCCEx_GetPeriphCLKFreq  stm32h7xx_hal_rcc_ex.o
    0x08002d58   0x08002d58   0x000009ac   Code   RO         2019    i.HAL_RCCEx_PeriphCLKConfig  stm32h7xx_hal_rcc_ex.o
    0x08003704   0x08003704   0x0000025c   Code   RO         1895    i.HAL_RCC_ClockConfig  stm32h7xx_hal_rcc.o
    0x08003960   0x08003960   0x0000005c   Code   RO         1899    i.HAL_RCC_GetClockConfig  stm32h7xx_hal_rcc.o
    0x080039bc   0x080039bc   0x00000044   Code   RO         1900    i.HAL_RCC_GetHCLKFreq  stm32h7xx_hal_rcc.o
    0x08003a00   0x08003a00   0x00000024   Code   RO         1902    i.HAL_RCC_GetPCLK1Freq  stm32h7xx_hal_rcc.o
    0x08003a24   0x08003a24   0x00000024   Code   RO         1903    i.HAL_RCC_GetPCLK2Freq  stm32h7xx_hal_rcc.o
    0x08003a48   0x08003a48   0x00000138   Code   RO         1904    i.HAL_RCC_GetSysClockFreq  stm32h7xx_hal_rcc.o
    0x08003b80   0x08003b80   0x00000582   Code   RO         1907    i.HAL_RCC_OscConfig  stm32h7xx_hal_rcc.o
    0x08004102   0x08004102   0x000000ae   Code   RO         4153    i.HAL_SAI_Abort     stm32h7xx_hal_sai.o
    0x080041b0   0x080041b0   0x00000002   Code   RO         4162    i.HAL_SAI_ErrorCallback  stm32h7xx_hal_sai.o
    0x080041b2   0x080041b2   0x00000002   PAD
    0x080041b4   0x080041b4   0x00000154   Code   RO         4165    i.HAL_SAI_IRQHandler  stm32h7xx_hal_sai.o
    0x08004308   0x08004308   0x0000036c   Code   RO         4166    i.HAL_SAI_Init      stm32h7xx_hal_sai.o
    0x08004674   0x08004674   0x00000108   Code   RO          488    i.HAL_SAI_MspInit   sai.o
    0x0800477c   0x0800477c   0x000000b4   Code   RO         4171    i.HAL_SAI_Receive_DMA  stm32h7xx_hal_sai.o
    0x08004830   0x08004830   0x00000038   Code   RO          162    i.HAL_SAI_RxCpltCallback  main.o
    0x08004868   0x08004868   0x00000038   Code   RO          163    i.HAL_SAI_RxHalfCpltCallback  main.o
    0x080048a0   0x080048a0   0x00000002   Code   RO         1450    i.HAL_TIMEx_Break2Callback  stm32h7xx_hal_tim_ex.o
    0x080048a2   0x080048a2   0x00000002   Code   RO         1451    i.HAL_TIMEx_BreakCallback  stm32h7xx_hal_tim_ex.o
    0x080048a4   0x080048a4   0x00000002   Code   RO         1452    i.HAL_TIMEx_CommutCallback  stm32h7xx_hal_tim_ex.o
    0x080048a6   0x080048a6   0x00000062   Code   RO          736    i.HAL_TIM_Base_Init  stm32h7xx_hal_tim.o
    0x08004908   0x08004908   0x00000002   Code   RO          738    i.HAL_TIM_Base_MspInit  stm32h7xx_hal_tim.o
    0x0800490a   0x0800490a   0x00000002   PAD
    0x0800490c   0x0800490c   0x0000008c   Code   RO          741    i.HAL_TIM_Base_Start_IT  stm32h7xx_hal_tim.o
    0x08004998   0x08004998   0x00000002   Code   RO          770    i.HAL_TIM_IC_CaptureCallback  stm32h7xx_hal_tim.o
    0x0800499a   0x0800499a   0x00000148   Code   RO          784    i.HAL_TIM_IRQHandler  stm32h7xx_hal_tim.o
    0x08004ae2   0x08004ae2   0x00000002   Code   RO          787    i.HAL_TIM_OC_DelayElapsedCallback  stm32h7xx_hal_tim.o
    0x08004ae4   0x08004ae4   0x00000002   Code   RO          814    i.HAL_TIM_PWM_PulseFinishedCallback  stm32h7xx_hal_tim.o
    0x08004ae6   0x08004ae6   0x00000002   PAD
    0x08004ae8   0x08004ae8   0x00000014   Code   RO          164    i.HAL_TIM_PeriodElapsedCallback  main.o
    0x08004afc   0x08004afc   0x00000002   Code   RO          827    i.HAL_TIM_TriggerCallback  stm32h7xx_hal_tim.o
    0x08004afe   0x08004afe   0x00000040   Code   RO         4862    i.HAL_UARTEx_DisableFifoMode  stm32h7xx_hal_uart_ex.o
    0x08004b3e   0x08004b3e   0x0000004c   Code   RO         4871    i.HAL_UARTEx_SetRxFifoThreshold  stm32h7xx_hal_uart_ex.o
    0x08004b8a   0x08004b8a   0x0000004c   Code   RO         4872    i.HAL_UARTEx_SetTxFifoThreshold  stm32h7xx_hal_uart_ex.o
    0x08004bd6   0x08004bd6   0x0000006a   Code   RO         4471    i.HAL_UART_Init     stm32h7xx_hal_uart.o
    0x08004c40   0x08004c40   0x00000088   Code   RO          531    i.HAL_UART_MspInit  usart.o
    0x08004cc8   0x08004cc8   0x000000b0   Code   RO         4480    i.HAL_UART_Transmit  stm32h7xx_hal_uart.o
    0x08004d78   0x08004d78   0x00000002   Code   RO          598    i.HardFault_Handler  stm32h7xx_it.o
    0x08004d7a   0x08004d7a   0x00000002   PAD
    0x08004d7c   0x08004d7c   0x00000030   Code   RO         7146    i.I2C_Delay_us      soft_i2c.o
    0x08004dac   0x08004dac   0x00000054   Code   RO         7149    i.I2C_SendByte      soft_i2c.o
    0x08004e00   0x08004e00   0x00000040   Code   RO         7150    i.I2C_Start         soft_i2c.o
    0x08004e40   0x08004e40   0x00000048   Code   RO         7151    i.I2C_Stop          soft_i2c.o
    0x08004e88   0x08004e88   0x00000044   Code   RO         7152    i.I2C_WaitAck       soft_i2c.o
    0x08004ecc   0x08004ecc   0x0000002c   Code   RO          463    i.MX_DMA_Init       dma.o
    0x08004ef8   0x08004ef8   0x00000070   Code   RO          309    i.MX_FREERTOS_Init  freertos.o
    0x08004f68   0x08004f68   0x000000d8   Code   RO          285    i.MX_GPIO_Init      gpio.o
    0x08005040   0x08005040   0x00000078   Code   RO          489    i.MX_SAI1_Init      sai.o
    0x080050b8   0x080050b8   0x00000068   Code   RO          532    i.MX_USART1_UART_Init  usart.o
    0x08005120   0x08005120   0x00000002   Code   RO          599    i.MemManage_Handler  stm32h7xx_it.o
    0x08005122   0x08005122   0x00000002   PAD
    0x08005124   0x08005124   0x0000001c   Code   RO          310    i.MyTask            freertos.o
    0x08005140   0x08005140   0x0000000c   Code   RO          311    i.MyTask2           freertos.o
    0x0800514c   0x0800514c   0x00000040   Code   RO          312    i.MyTask3           freertos.o
    0x0800518c   0x0800518c   0x00000002   Code   RO          600    i.NMI_Handler       stm32h7xx_it.o
    0x0800518e   0x0800518e   0x00000002   PAD
    0x08005190   0x08005190   0x00000048   Code   RO          313    i.PCMD3180InitTask  freertos.o
    0x080051d8   0x080051d8   0x0000004e   Code   RO         7043    i.PCMD3180_Init_Device  pcmd3180.o
    0x08005226   0x08005226   0x00000024   Code   RO         7045    i.PCMD_Config_ASI_Format  pcmd3180.o
    0x0800524a   0x0800524a   0x00000002   PAD
    0x0800524c   0x0800524c   0x00000028   Code   RO         7046    i.PCMD_Config_Channels  pcmd3180.o
    0x08005274   0x08005274   0x00000024   Code   RO         7047    i.PCMD_Config_Clock_Mode  pcmd3180.o
    0x08005298   0x08005298   0x0000001a   Code   RO         7048    i.PCMD_Config_DSP   pcmd3180.o
    0x080052b2   0x080052b2   0x00000060   Code   RO         7049    i.PCMD_Config_PDM_IO  pcmd3180.o
    0x08005312   0x08005312   0x00000022   Code   RO         7050    i.PCMD_Config_TDM_Slots  pcmd3180.o
    0x08005334   0x08005334   0x00000008   Code   RO         7051    i.PCMD_Ctrl_Reset   pcmd3180.o
    0x0800533c   0x0800533c   0x00000010   Code   RO         7052    i.PCMD_Ctrl_Sleep   pcmd3180.o
    0x0800534c   0x0800534c   0x00000024   Code   RO         7054    i.PCMD_Enable_Blocks  pcmd3180.o
    0x08005370   0x08005370   0x00000064   Code   RO         7154    i.PCMD_WriteReg     soft_i2c.o
    0x080053d4   0x080053d4   0x00000120   Code   RO         2022    i.RCCEx_PLL2_Config  stm32h7xx_hal_rcc_ex.o
    0x080054f4   0x080054f4   0x00000120   Code   RO         2023    i.RCCEx_PLL3_Config  stm32h7xx_hal_rcc_ex.o
    0x08005614   0x08005614   0x0000000c   Code   RO          601    i.SAI1_IRQHandler   stm32h7xx_it.o
    0x08005620   0x08005620   0x00000044   Code   RO         4180    i.SAI_DMAAbort      stm32h7xx_hal_sai.o
    0x08005664   0x08005664   0x0000003c   Code   RO         4181    i.SAI_DMAError      stm32h7xx_hal_sai.o
    0x080056a0   0x080056a0   0x0000003a   Code   RO         4182    i.SAI_DMARxCplt     stm32h7xx_hal_sai.o
    0x080056da   0x080056da   0x0000000a   Code   RO         4183    i.SAI_DMARxHalfCplt  stm32h7xx_hal_sai.o
    0x080056e4   0x080056e4   0x00000040   Code   RO         4186    i.SAI_Disable       stm32h7xx_hal_sai.o
    0x08005724   0x08005724   0x00000032   Code   RO         4190    i.SAI_InterruptFlag  stm32h7xx_hal_sai.o
    0x08005756   0x08005756   0x00000002   PAD
    0x08005758   0x08005758   0x000000a0   Code   RO         6938    i.SRP_Accumulate_Point  ai_beamforming.o
    0x080057f8   0x080057f8   0x000000bc   Code   RO         6939    i.SRP_GCC_PHAT_Compute  ai_beamforming.o
    0x080058b4   0x080058b4   0x00000058   Code   RO         7155    i.Soft_I2C_Init     soft_i2c.o
    0x0800590c   0x0800590c   0x0000000c   Code   RO          314    i.StartDefaultTask  freertos.o
    0x08005918   0x08005918   0x00000080   Code   RO          315    i.StartTask         freertos.o
    0x08005998   0x08005998   0x0000001a   Code   RO         6130    i.SysTick_Handler   cmsis_os2.o
    0x080059b2   0x080059b2   0x00000002   PAD
    0x080059b4   0x080059b4   0x000000a8   Code   RO          165    i.SystemClock_Config  main.o
    0x08005a5c   0x08005a5c   0x000000f8   Code   RO         4982    i.SystemInit        system_stm32h7xx.o
    0x08005b54   0x08005b54   0x0000000c   Code   RO          602    i.TIM6_DAC_IRQHandler  stm32h7xx_it.o
    0x08005b60   0x08005b60   0x000000cc   Code   RO          829    i.TIM_Base_SetConfig  stm32h7xx_hal_tim.o
    0x08005c2c   0x08005c2c   0x00000044   Code   RO         4876    i.UARTEx_SetNbDataToProcess  stm32h7xx_hal_uart_ex.o
    0x08005c70   0x08005c70   0x000000c8   Code   RO         4485    i.UART_AdvFeatureConfig  stm32h7xx_hal_uart.o
    0x08005d38   0x08005d38   0x000000aa   Code   RO         4486    i.UART_CheckIdleState  stm32h7xx_hal_uart.o
    0x08005de2   0x08005de2   0x00000002   PAD
    0x08005de4   0x08005de4   0x00000054   Code   RO         4497    i.UART_EndRxTransfer  stm32h7xx_hal_uart.o
    0x08005e38   0x08005e38   0x000003ac   Code   RO         4503    i.UART_SetConfig    stm32h7xx_hal_uart.o
    0x080061e4   0x080061e4   0x00000094   Code   RO         4510    i.UART_WaitOnFlagUntilTimeout  stm32h7xx_hal_uart.o
    0x08006278   0x08006278   0x0000001c   Code   RO         6886    i.UI_Display_Task   app_main_task.o
    0x08006294   0x08006294   0x00000002   Code   RO          603    i.UsageFault_Handler  stm32h7xx_it.o
    0x08006296   0x08006296   0x00000002   PAD
    0x08006298   0x08006298   0x00000030   Code   RO         6775    i.VOFA_JustFloat_Send  app_data_output.o
    0x080062c8   0x080062c8   0x00000060   Code   RO         6779    i.VOFA_Send_SRP_Result  app_data_output.o
    0x08006328   0x08006328   0x00000004   Code   RO         7055    i.Write_Reg         pcmd3180.o
    0x0800632c   0x0800632c   0x00000022   Code   RO         1762    i.__NVIC_SetPriority  stm32h7xx_hal_cortex.o
    0x0800634e   0x0800634e   0x00000002   PAD
    0x08006350   0x08006350   0x00000150   Code   RO        12160    i.__hardfp_cosf     m_wv.l(cosf.o)
    0x080064a0   0x080064a0   0x00000006   Code   RO        12563    i.__mathlib_flt_infnan  m_wv.l(funder.o)
    0x080064a6   0x080064a6   0x00000002   PAD
    0x080064a8   0x080064a8   0x00000010   Code   RO        12565    i.__mathlib_flt_invalid  m_wv.l(funder.o)
    0x080064b8   0x080064b8   0x00000154   Code   RO        12579    i.__mathlib_rredf2  m_wv.l(rredf.o)
    0x0800660c   0x0800660c   0x0000000e   Code   RO        12629    i.__scatterload_copy  mc_w.l(handlers.o)
    0x0800661a   0x0800661a   0x00000002   Code   RO        12630    i.__scatterload_null  mc_w.l(handlers.o)
    0x0800661c   0x0800661c   0x0000000e   Code   RO        12631    i.__scatterload_zeroinit  mc_w.l(handlers.o)
    0x0800662a   0x0800662a   0x00000002   PAD
    0x0800662c   0x0800662c   0x0000000c   Code   RO        12605    i.__set_errno       mc_w.l(errno.o)
    0x08006638   0x08006638   0x0000003e   Code   RO        11447    i.arm_bitreversal_32  transformfunctions.o
    0x08006676   0x08006676   0x000000cc   Code   RO        11452    i.arm_cfft_f32      transformfunctions.o
    0x08006742   0x08006742   0x00000002   PAD
    0x08006744   0x08006744   0x00000094   Code   RO        11454    i.arm_cfft_init_f32  transformfunctions.o
    0x080067d8   0x080067d8   0x00000192   Code   RO        11477    i.arm_cfft_radix8by2_f32  transformfunctions.o
    0x0800696a   0x0800696a   0x00000002   PAD
    0x0800696c   0x0800696c   0x0000045a   Code   RO        11478    i.arm_cfft_radix8by4_f32  transformfunctions.o
    0x08006dc6   0x08006dc6   0x00000002   PAD
    0x08006dc8   0x08006dc8   0x00000024   Code   RO         8061    i.arm_cmplx_conj_f32  complexmathfunctions.o
    0x08006dec   0x08006dec   0x00000044   Code   RO         8067    i.arm_cmplx_mag_f32  complexmathfunctions.o
    0x08006e30   0x08006e30   0x0000003a   Code   RO         8073    i.arm_cmplx_mult_cmplx_f32  complexmathfunctions.o
    0x08006e6a   0x08006e6a   0x00000008   Code   RO         9932    i.arm_mat_init_q15  matrixfunctions.o
    0x08006e72   0x08006e72   0x00000002   PAD
    0x08006e74   0x08006e74   0x00000034   Code   RO         9958    i.arm_mat_trans_q15  matrixfunctions.o
    0x08006ea8   0x08006ea8   0x0000002e   Code   RO        10648    i.arm_max_f32       statisticsfunctions.o
    0x08006ed6   0x08006ed6   0x00000002   PAD
    0x08006ed8   0x08006ed8   0x0000002c   Code   RO        10653    i.arm_mean_f32      statisticsfunctions.o
    0x08006f04   0x08006f04   0x0000001c   Code   RO         7245    i.arm_mult_f32      basicmathfunctions.o
    0x08006f20   0x08006f20   0x00000018   Code   RO         7256    i.arm_offset_f32    basicmathfunctions.o
    0x08006f38   0x08006f38   0x00000028   Code   RO        11093    i.arm_q15_to_float  supportfunctions.o
    0x08006f60   0x08006f60   0x000004bc   Code   RO        11498    i.arm_radix8_butterfly_f32  transformfunctions.o
    0x0800741c   0x0800741c   0x0000002c   Code   RO        11499    i.arm_rfft_1024_fast_init_f32  transformfunctions.o
    0x08007448   0x08007448   0x00000028   Code   RO        11501    i.arm_rfft_128_fast_init_f32  transformfunctions.o
    0x08007470   0x08007470   0x0000002c   Code   RO        11503    i.arm_rfft_2048_fast_init_f32  transformfunctions.o
    0x0800749c   0x0800749c   0x00000028   Code   RO        11505    i.arm_rfft_256_fast_init_f32  transformfunctions.o
    0x080074c4   0x080074c4   0x00000028   Code   RO        11507    i.arm_rfft_32_fast_init_f32  transformfunctions.o
    0x080074ec   0x080074ec   0x0000002c   Code   RO        11509    i.arm_rfft_4096_fast_init_f32  transformfunctions.o
    0x08007518   0x08007518   0x0000002c   Code   RO        11511    i.arm_rfft_512_fast_init_f32  transformfunctions.o
    0x08007544   0x08007544   0x00000028   Code   RO        11513    i.arm_rfft_64_fast_init_f32  transformfunctions.o
    0x0800756c   0x0800756c   0x00000036   Code   RO        11516    i.arm_rfft_fast_f32  transformfunctions.o
    0x080075a2   0x080075a2   0x00000002   PAD
    0x080075a4   0x080075a4   0x00000078   Code   RO        11518    i.arm_rfft_fast_init_f32  transformfunctions.o
    0x0800761c   0x0800761c   0x00000110   Code   RO         8292    i.arm_sin_cos_f32   controllerfunctions.o
    0x0800772c   0x0800772c   0x00000078   Code   RO         6940    i.find_top_k_indices  ai_beamforming.o
    0x080077a4   0x080077a4   0x0000007a   Code   RO          166    i.main              main.o
    0x0800781e   0x0800781e   0x00000002   PAD
    0x08007820   0x08007820   0x000000a0   Code   RO        11531    i.merge_rfft_f32    transformfunctions.o
    0x080078c0   0x080078c0   0x0000001c   Code   RO         6132    i.osDelay           cmsis_os2.o
    0x080078dc   0x080078dc   0x00000024   Code   RO         6146    i.osKernelInitialize  cmsis_os2.o
    0x08007900   0x08007900   0x00000038   Code   RO         6149    i.osKernelStart     cmsis_os2.o
    0x08007938   0x08007938   0x00000052   Code   RO         6169    i.osMutexAcquire    cmsis_os2.o
    0x0800798a   0x0800798a   0x00000068   Code   RO         6172    i.osMutexNew        cmsis_os2.o
    0x080079f2   0x080079f2   0x00000042   Code   RO         6173    i.osMutexRelease    cmsis_os2.o
    0x08007a34   0x08007a34   0x00000090   Code   RO         6191    i.osThreadNew       cmsis_os2.o
    0x08007ac4   0x08007ac4   0x0000005c   Code   RO         5594    i.prvAddCurrentTaskToDelayedList  tasks.o
    0x08007b20   0x08007b20   0x000000d0   Code   RO         5595    i.prvAddNewTaskToReadyList  tasks.o
    0x08007bf0   0x08007bf0   0x00000058   Code   RO         5959    i.prvCheckForValidListAndQueue  timers.o
    0x08007c48   0x08007c48   0x00000026   Code   RO         5191    i.prvCopyDataFromQueue  queue.o
    0x08007c6e   0x08007c6e   0x0000006c   Code   RO         5192    i.prvCopyDataToQueue  queue.o
    0x08007cda   0x08007cda   0x00000034   Code   RO         5596    i.prvDeleteTCB      tasks.o
    0x08007d0e   0x08007d0e   0x00000002   PAD
    0x08007d10   0x08007d10   0x00000050   Code   RO         6640    i.prvHeapInit       heap_4.o
    0x08007d60   0x08007d60   0x00000060   Code   RO         5597    i.prvIdleTask       tasks.o
    0x08007dc0   0x08007dc0   0x00000016   Code   RO         5193    i.prvInitialiseMutex  queue.o
    0x08007dd6   0x08007dd6   0x00000002   PAD
    0x08007dd8   0x08007dd8   0x00000022   Code   RO         5194    i.prvInitialiseNewQueue  queue.o
    0x08007dfa   0x08007dfa   0x000000b0   Code   RO         5598    i.prvInitialiseNewTask  tasks.o
    0x08007eaa   0x08007eaa   0x00000002   PAD
    0x08007eac   0x08007eac   0x0000004c   Code   RO         6641    i.prvInsertBlockIntoFreeList  heap_4.o
    0x08007ef8   0x08007ef8   0x0000003c   Code   RO         5961    i.prvInsertTimerInActiveList  timers.o
    0x08007f34   0x08007f34   0x0000001c   Code   RO         5195    i.prvIsQueueEmpty   queue.o
    0x08007f50   0x08007f50   0x000000f8   Code   RO         5962    i.prvProcessReceivedCommands  timers.o
    0x08008048   0x08008048   0x000000c0   Code   RO         5963    i.prvProcessTimerOrBlockTask  timers.o
    0x08008108   0x08008108   0x00000020   Code   RO         5600    i.prvResetNextTaskUnblockTime  tasks.o
    0x08008128   0x08008128   0x00000028   Code   RO         5964    i.prvSampleTimeNow  timers.o
    0x08008150   0x08008150   0x0000006c   Code   RO         5965    i.prvSwitchTimerLists  timers.o
    0x080081bc   0x080081bc   0x00000028   Code   RO         6696    i.prvTaskExitError  port.o
    0x080081e4   0x080081e4   0x00000038   Code   RO         5602    i.prvTaskIsTaskSuspended  tasks.o
    0x0800821c   0x0800821c   0x00000024   Code   RO         5966    i.prvTimerTask      timers.o
    0x08008240   0x08008240   0x0000006a   Code   RO         5196    i.prvUnlockQueue    queue.o
    0x080082aa   0x080082aa   0x00000002   PAD
    0x080082ac   0x080082ac   0x000000dc   Code   RO         6642    i.pvPortMalloc      heap_4.o
    0x08008388   0x08008388   0x00000018   Code   RO         5603    i.pvTaskIncrementMutexHeldCount  tasks.o
    0x080083a0   0x080083a0   0x00000030   Code   RO         6697    i.pxPortInitialiseStack  port.o
    0x080083d0   0x080083d0   0x000000a6   Code   RO        11533    i.stage_rfft_f32    transformfunctions.o
    0x08008476   0x08008476   0x00000026   Code   RO         5151    i.uxListRemove      list.o
    0x0800849c   0x0800849c   0x00000018   Code   RO         6203    i.vApplicationGetIdleTaskMemory  cmsis_os2.o
    0x080084b4   0x080084b4   0x00000018   Code   RO         6204    i.vApplicationGetTimerTaskMemory  cmsis_os2.o
    0x080084cc   0x080084cc   0x00000016   Code   RO         5152    i.vListInitialise   list.o
    0x080084e2   0x080084e2   0x00000006   Code   RO         5153    i.vListInitialiseItem  list.o
    0x080084e8   0x080084e8   0x00000030   Code   RO         5154    i.vListInsert       list.o
    0x08008518   0x08008518   0x00000018   Code   RO         5155    i.vListInsertEnd    list.o
    0x08008530   0x08008530   0x00000040   Code   RO         6699    i.vPortEnterCritical  port.o
    0x08008570   0x08008570   0x00000028   Code   RO         6700    i.vPortExitCritical  port.o
    0x08008598   0x08008598   0x00000064   Code   RO         6643    i.vPortFree         heap_4.o
    0x080085fc   0x080085fc   0x00000024   Code   RO         6701    i.vPortSetupTimerInterrupt  port.o
    0x08008620   0x08008620   0x00000054   Code   RO         6702    i.vPortValidateInterruptPriority  port.o
    0x08008674   0x08008674   0x00000028   Code   RO         5202    i.vQueueAddToRegistry  queue.o
    0x0800869c   0x0800869c   0x00000044   Code   RO         5206    i.vQueueWaitForMessageRestricted  queue.o
    0x080086e0   0x080086e0   0x0000004c   Code   RO         5613    i.vTaskDelay        tasks.o
    0x0800872c   0x0800872c   0x00000090   Code   RO         5615    i.vTaskDelete       tasks.o
    0x080087bc   0x080087bc   0x00000010   Code   RO         5618    i.vTaskInternalSetTimeOutState  tasks.o
    0x080087cc   0x080087cc   0x0000000c   Code   RO         5619    i.vTaskMissedYield  tasks.o
    0x080087d8   0x080087d8   0x00000030   Code   RO         5621    i.vTaskPlaceOnEventList  tasks.o
    0x08008808   0x08008808   0x00000038   Code   RO         5622    i.vTaskPlaceOnEventListRestricted  tasks.o
    0x08008840   0x08008840   0x00000090   Code   RO         5624    i.vTaskPriorityDisinheritAfterTimeout  tasks.o
    0x080088d0   0x080088d0   0x0000007c   Code   RO         5627    i.vTaskResume       tasks.o
    0x0800894c   0x0800894c   0x00000088   Code   RO         5630    i.vTaskStartScheduler  tasks.o
    0x080089d4   0x080089d4   0x0000009c   Code   RO         5631    i.vTaskSuspend      tasks.o
    0x08008a70   0x08008a70   0x00000010   Code   RO         5632    i.vTaskSuspendAll   tasks.o
    0x08008a80   0x08008a80   0x00000064   Code   RO         5633    i.vTaskSwitchContext  tasks.o
    0x08008ae4   0x08008ae4   0x000000f4   Code   RO         6703    i.xPortStartScheduler  port.o
    0x08008bd8   0x08008bd8   0x0000002c   Code   RO         6704    i.xPortSysTickHandler  port.o
    0x08008c04   0x08008c04   0x00000016   Code   RO         5209    i.xQueueCreateMutex  queue.o
    0x08008c1a   0x08008c1a   0x0000001a   Code   RO         5210    i.xQueueCreateMutexStatic  queue.o
    0x08008c34   0x08008c34   0x00000042   Code   RO         5211    i.xQueueGenericCreate  queue.o
    0x08008c76   0x08008c76   0x00000066   Code   RO         5212    i.xQueueGenericCreateStatic  queue.o
    0x08008cdc   0x08008cdc   0x00000094   Code   RO         5213    i.xQueueGenericReset  queue.o
    0x08008d70   0x08008d70   0x00000160   Code   RO         5214    i.xQueueGenericSend  queue.o
    0x08008ed0   0x08008ed0   0x000000be   Code   RO         5215    i.xQueueGenericSendFromISR  queue.o
    0x08008f8e   0x08008f8e   0x0000003e   Code   RO         5219    i.xQueueGiveMutexRecursive  queue.o
    0x08008fcc   0x08008fcc   0x0000013c   Code   RO         5224    i.xQueueReceive     queue.o
    0x08009108   0x08009108   0x0000017c   Code   RO         5226    i.xQueueSemaphoreTake  queue.o
    0x08009284   0x08009284   0x0000003c   Code   RO         5227    i.xQueueTakeMutexRecursive  queue.o
    0x080092c0   0x080092c0   0x00000078   Code   RO         5635    i.xTaskCheckForTimeOut  tasks.o
    0x08009338   0x08009338   0x0000005a   Code   RO         5636    i.xTaskCreate       tasks.o
    0x08009392   0x08009392   0x00000056   Code   RO         5637    i.xTaskCreateStatic  tasks.o
    0x080093e8   0x080093e8   0x00000104   Code   RO         5639    i.xTaskGenericNotifyFromISR  tasks.o
    0x080094ec   0x080094ec   0x0000000c   Code   RO         5640    i.xTaskGetCurrentTaskHandle  tasks.o
    0x080094f8   0x080094f8   0x0000001c   Code   RO         5641    i.xTaskGetSchedulerState  tasks.o
    0x08009514   0x08009514   0x0000000c   Code   RO         5642    i.xTaskGetTickCount  tasks.o
    0x08009520   0x08009520   0x000000c8   Code   RO         5644    i.xTaskIncrementTick  tasks.o
    0x080095e8   0x080095e8   0x0000008c   Code   RO         5646    i.xTaskNotifyWait   tasks.o
    0x08009674   0x08009674   0x0000007c   Code   RO         5647    i.xTaskPriorityDisinherit  tasks.o
    0x080096f0   0x080096f0   0x0000007c   Code   RO         5648    i.xTaskPriorityInherit  tasks.o
    0x0800976c   0x0800976c   0x00000070   Code   RO         5649    i.xTaskRemoveFromEventList  tasks.o
    0x080097dc   0x080097dc   0x000000c4   Code   RO         5650    i.xTaskResumeAll    tasks.o
    0x080098a0   0x080098a0   0x00000060   Code   RO         5975    i.xTimerCreateTimerTask  timers.o
    0x08009900   0x08009900   0x00000068   Code   RO         5976    i.xTimerGenericCommand  timers.o
    0x08009968   0x08009968   0x00000024   Data   RO          316    .constdata          freertos.o
    0x0800998c   0x0800998c   0x00000008   Data   RO         2553    .constdata          stm32h7xx_hal_dma.o
    0x08009994   0x08009994   0x00000018   Data   RO         4511    .constdata          stm32h7xx_hal_uart.o
    0x080099ac   0x080099ac   0x00000010   Data   RO         4877    .constdata          stm32h7xx_hal_uart_ex.o
    0x080099bc   0x080099bc   0x00000010   Data   RO         4983    .constdata          system_stm32h7xx.o
    0x080099cc   0x080099cc   0x00000004   Data   RO         6780    .constdata          app_data_output.o
    0x080099d0   0x080099d0   0x00000050   Data   RO         7019    .constdata          ai_srp_lut.o
    0x08009a20   0x08009a20   0x000000a0   Data   RO         7020    .constdata          ai_srp_lut.o
    0x08009ac0   0x08009ac0   0x000000a0   Data   RO         7021    .constdata          ai_srp_lut.o
    0x08009b60   0x08009b60   0x0000001c   Data   RO         7022    .constdata          ai_srp_lut.o
    0x08009b7c   0x08009b7c   0x0000001c   Data   RO         7023    .constdata          ai_srp_lut.o
    0x08009b98   0x08009b98   0x00001ea0   Data   RO         7024    .constdata          ai_srp_lut.o
    0x0800ba38   0x0800ba38   0x00000010   Data   RO         7156    .constdata          soft_i2c.o
    0x0800ba48   0x0800ba48   0x00000080   Data   RO         7824    .constdata          commontables.o
    0x0800bac8   0x0800bac8   0x00000100   Data   RO         7825    .constdata          commontables.o
    0x0800bbc8   0x0800bbc8   0x00000200   Data   RO         7826    .constdata          commontables.o
    0x0800bdc8   0x0800bdc8   0x00000400   Data   RO         7827    .constdata          commontables.o
    0x0800c1c8   0x0800c1c8   0x00000800   Data   RO         7828    .constdata          commontables.o
    0x0800c9c8   0x0800c9c8   0x00001000   Data   RO         7829    .constdata          commontables.o
    0x0800d9c8   0x0800d9c8   0x00002000   Data   RO         7830    .constdata          commontables.o
    0x0800f9c8   0x0800f9c8   0x00004000   Data   RO         7831    .constdata          commontables.o
    0x080139c8   0x080139c8   0x00008000   Data   RO         7832    .constdata          commontables.o
    0x0801b9c8   0x0801b9c8   0x00000028   Data   RO         7860    .constdata          commontables.o
    0x0801b9f0   0x0801b9f0   0x00000060   Data   RO         7861    .constdata          commontables.o
    0x0801ba50   0x0801ba50   0x00000070   Data   RO         7862    .constdata          commontables.o
    0x0801bac0   0x0801bac0   0x000001a0   Data   RO         7863    .constdata          commontables.o
    0x0801bc60   0x0801bc60   0x00000370   Data   RO         7864    .constdata          commontables.o
    0x0801bfd0   0x0801bfd0   0x00000380   Data   RO         7865    .constdata          commontables.o
    0x0801c350   0x0801c350   0x00000e10   Data   RO         7866    .constdata          commontables.o
    0x0801d160   0x0801d160   0x00001dc0   Data   RO         7867    .constdata          commontables.o
    0x0801ef20   0x0801ef20   0x00001f80   Data   RO         7868    .constdata          commontables.o
    0x08020ea0   0x08020ea0   0x00000080   Data   RO         7886    .constdata          commontables.o
    0x08020f20   0x08020f20   0x00000100   Data   RO         7887    .constdata          commontables.o
    0x08021020   0x08021020   0x00000200   Data   RO         7888    .constdata          commontables.o
    0x08021220   0x08021220   0x00000400   Data   RO         7889    .constdata          commontables.o
    0x08021620   0x08021620   0x00000800   Data   RO         7890    .constdata          commontables.o
    0x08021e20   0x08021e20   0x00001000   Data   RO         7891    .constdata          commontables.o
    0x08022e20   0x08022e20   0x00002000   Data   RO         7892    .constdata          commontables.o
    0x08024e20   0x08024e20   0x00004000   Data   RO         7893    .constdata          commontables.o
    0x08028e20   0x08028e20   0x00000804   Data   RO         7926    .constdata          commontables.o
    0x08029624   0x08029624   0x00000010   Data   RO         7938    .constdata          commontables.o
    0x08029634   0x08029634   0x00000010   Data   RO         7939    .constdata          commontables.o
    0x08029644   0x08029644   0x00000010   Data   RO         7940    .constdata          commontables.o
    0x08029654   0x08029654   0x00000010   Data   RO         7941    .constdata          commontables.o
    0x08029664   0x08029664   0x00000010   Data   RO         7942    .constdata          commontables.o
    0x08029674   0x08029674   0x00000010   Data   RO         7943    .constdata          commontables.o
    0x08029684   0x08029684   0x00000010   Data   RO         7944    .constdata          commontables.o
    0x08029694   0x08029694   0x00000010   Data   RO         7945    .constdata          commontables.o
    0x080296a4   0x080296a4   0x00000010   Data   RO         7946    .constdata          commontables.o
    0x080296b4   0x080296b4   0x00000020   Data   RO        12580    .constdata          m_wv.l(rredf.o)
    0x080296d4   0x080296d4   0x0000000c   Data   RO          317    .conststring        freertos.o
    0x080296e0   0x080296e0   0x00000009   Data   RO         7157    .conststring        soft_i2c.o
    0x080296e9   0x080296e9   0x00000003   PAD
    0x080296ec   0x080296ec   0x00000040   Data   RO        12627    Region$$Table       anon$$obj.o


    Execution Region RW_IRAM_DTCM (Exec base: 0x20000000, Load base: 0x0802972c, Size: 0x00019a98, Max: 0x00020000, ABSOLUTE, COMPRESSED[0x0000011c])

    Exec Addr    Load Addr    Size         Type   Attr      Idx    E Section Name        Object

    0x20000000   COMPRESSED   0x00000002   Data   RW          167    .data               main.o
    0x20000002   COMPRESSED   0x00000002   PAD
    0x20000004   COMPRESSED   0x00000014   Data   RW          318    .data               freertos.o
    0x20000018   COMPRESSED   0x00000004   Data   RW          491    .data               sai.o
    0x2000001c   COMPRESSED   0x0000000c   Data   RW         3291    .data               stm32h7xx_hal.o
    0x20000028   COMPRESSED   0x00000008   Data   RW         4984    .data               system_stm32h7xx.o
    0x20000030   COMPRESSED   0x0000003c   Data   RW         5653    .data               tasks.o
    0x2000006c   COMPRESSED   0x00000014   Data   RW         5984    .data               timers.o
    0x20000080   COMPRESSED   0x00000004   Data   RW         6206    .data               cmsis_os2.o
    0x20000084   COMPRESSED   0x00000020   Data   RW         6649    .data               heap_4.o
    0x200000a4   COMPRESSED   0x0000000c   Data   RW         6705    .data               port.o
    0x200000b0   COMPRESSED   0x00000018   Data   RW         6887    .data               app_main_task.o
    0x200000c8   COMPRESSED   0x00000004   Data   RW         7158    .data               soft_i2c.o
    0x200000cc   COMPRESSED   0x00000004   Data   RW        12606    .data               mc_w.l(errno.o)
    0x200000d0   COMPRESSED   0x00000010   PAD
    0x200000e0   COMPRESSED   0x00004000   Data   RW         6849    .dtcm_data          app_data_stream.o
    0x200040e0   COMPRESSED   0x00004000   Data   RW         6850    .dtcm_data          app_data_stream.o
    0x200080e0   COMPRESSED   0x00000418   Data   RW         6851    .dtcm_data          app_data_stream.o
    0x200084f8        -       0x00000110   Zero   RW          490    .bss                sai.o
    0x20008608        -       0x00000094   Zero   RW          534    .bss                usart.o
    0x2000869c        -       0x0000004c   Zero   RW          698    .bss                stm32h7xx_hal_timebase_tim.o
    0x200086e8        -       0x00000040   Zero   RW         5228    .bss                queue.o
    0x20008728        -       0x000004c4   Zero   RW         5652    .bss                tasks.o
    0x20008bec        -       0x00000118   Zero   RW         5983    .bss                timers.o
    0x20008d04        -       0x000006b8   Zero   RW         6205    .bss                cmsis_os2.o
    0x200093bc        -       0x00010000   Zero   RW         6648    .bss                heap_4.o
    0x200193bc        -       0x000002d8   Zero   RW         6941    .bss                ai_beamforming.o
    0x20019694   COMPRESSED   0x00000004   PAD
    0x20019698        -       0x00000400   Zero   RW            1    STACK               startup_stm32h743xx.o


    Execution Region RW_IRAM_AXI (Exec base: 0x24000000, Load base: 0x08029848, Size: 0x000029f0, Max: 0x00080000, ABSOLUTE, COMPRESSED[0x00000058])

    Exec Addr    Load Addr    Size         Type   Attr      Idx    E Section Name        Object

    0x24000000   COMPRESSED   0x00002800   Data   RW         6846    .axi_sram_data      app_data_stream.o
    0x24002800   COMPRESSED   0x000001f0   Data   RW         6847    .axi_sram_data      app_data_stream.o


    Execution Region RW_SRAM1 (Exec base: 0x30000000, Load base: 0x080298a0, Size: 0x00004000, Max: 0x00040000, ABSOLUTE, UNINIT, COMPRESSED[0x00000084])

    Exec Addr    Load Addr    Size         Type   Attr      Idx    E Section Name        Object

    0x30000000   COMPRESSED   0x00004000   Data   RW         6848    .dma_buffer         app_data_stream.o


    Execution Region RW_SDRAM (Exec base: 0xc0000000, Load base: 0x08029924, Size: 0x00000000, Max: 0x02000000, ABSOLUTE, UNINIT)

    **** No section assigned to this execution region ****


==============================================================================

Image component sizes


      Code (inc. data)   RO Data    RW Data    ZI Data      Debug   Object Name

      1164        106          0          0        728       7574   ai_beamforming.o
        60          0          0          0          0       1344   ai_preprocess.o
         0          0       8296          0          0        935   ai_srp_lut.o
       144         18          4          0          0       2885   app_data_output.o
       108         18          0      60936          0       1701   app_data_stream.o
       372         84          0         24          0       3988   app_main_task.o
        52          0          0          0          0       2564   basicmathfunctions.o
       590         22          0          4       1720      70978   cmsis_os2.o
         0          0     121964          0          0      13539   commontables.o
       162          6          0          0          0       4720   complexmathfunctions.o
       272         18          0          0          0       1602   controllerfunctions.o
        44          4          0          0          0        874   dma.o
         0          0          0          0          0      19344   event_groups.o
       428        120         48         20          0      10615   freertos.o
       216         20          0          0          0       1115   gpio.o
       476         24          0         32      65536       4911   heap_4.o
       138          0          0          0          0       3606   list.o
       426         32          0          2          0      24236   main.o
        60          0          0          0          0       2659   matrixfunctions.o
        82          0          0          0          0    1301241   mpu.o
       410          0          0          0          0       6922   pcmd3180.o
       790         84          0         12          0      11497   port.o
      2168         26          0          0         64      23908   queue.o
       384         40          0          4        272       2032   sai.o
       524         58         25          4          0       5024   soft_i2c.o
        44         12        664          0       1024        828   startup_stm32h743xx.o
        90          4          0          0          0       2661   statisticsfunctions.o
       132         32          0         12          0      22077   stm32h7xx_hal.o
       316         28          0          0          0      40988   stm32h7xx_hal_cortex.o
      5992        246          8          0          0      12389   stm32h7xx_hal_dma.o
       592         50          0          0          0       3576   stm32h7xx_hal_gpio.o
        36          4          0          0          0        926   stm32h7xx_hal_msp.o
        84          6          0          0          0        777   stm32h7xx_hal_pwr_ex.o
      2558        110          0          0          0       7797   stm32h7xx_hal_rcc.o
      4776        174          0          0          0      10487   stm32h7xx_hal_rcc_ex.o
      1882         56          0          0          0       9802   stm32h7xx_hal_sai.o
       780         68          0          0          0       7564   stm32h7xx_hal_tim.o
         6          0          0          0          0       2268   stm32h7xx_hal_tim_ex.o
       140         20          0          0         76       1571   stm32h7xx_hal_timebase_tim.o
      1824        112         24          0          0      26754   stm32h7xx_hal_uart.o
       284          6         16          0          0       3769   stm32h7xx_hal_uart_ex.o
        48         18          0          0          0       4091   stm32h7xx_it.o
         0          0          0          0          0        392   stream_buffer.o
        40          4          0          0          0       1251   supportfunctions.o
       276         48         16          8          0       1969   system_stm32h7xx.o
      3268        264          0         60       1220      35910   tasks.o
       972         84          0         20        280      29519   timers.o
      3978        118          0          0          0      23228   transformfunctions.o
       240         24          0          0        148       2078   usart.o

    ----------------------------------------------------------------------
     37484       2168     131132      61140      71072    1782486   Object Totals
         0          0         64          0          0          0   (incl. Generated)
        56          0          3          2          4          0   (incl. Padding)

    ----------------------------------------------------------------------

      Code (inc. data)   RO Data    RW Data    ZI Data      Debug   Library Member Name

       336         60          0          0          0        136   cosf.o
        22          6          0          0          0        232   funder.o
       340         24         32          0          0        160   rredf.o
        86          0          0          0          0          0   __dczerorl2.o
         0          0          0          0          0          0   entry.o
         0          0          0          0          0          0   entry10a.o
         0          0          0          0          0          0   entry11a.o
         4          0          0          0          0          0   entry12b.o
         8          4          0          0          0          0   entry2.o
         4          0          0          0          0          0   entry5.o
         0          0          0          0          0          0   entry7b.o
         0          0          0          0          0          0   entry8b.o
         8          4          0          0          0          0   entry9a.o
        12          6          0          4          0         68   errno.o
        30          0          0          0          0          0   handlers.o
        36          8          0          0          0         68   init.o
         0          0          0          0          0          0   iusefp.o
        30          0          0          0          0         68   llshl.o
        32          0          0          0          0         68   llushr.o
        36          0          0          0          0         68   memcpya.o
        36          0          0          0          0        108   memseta.o
        98          0          0          0          0         92   uldiv.o

    ----------------------------------------------------------------------
      1124        112         32         20          0       1068   Library Totals
         6          0          0         16          0          0   (incl. Padding)

    ----------------------------------------------------------------------

      Code (inc. data)   RO Data    RW Data    ZI Data      Debug   Library Name

       698         90         32          0          0        528   m_wv.l
       420         22          0          4          0        540   mc_w.l

    ----------------------------------------------------------------------
      1124        112         32         20          0       1068   Library Totals

    ----------------------------------------------------------------------

==============================================================================


      Code (inc. data)   RO Data    RW Data    ZI Data      Debug   

     38608       2280     131164      61160      71072    1758782   Grand Totals
     38608       2280     131164        504      71072    1758782   ELF Image Totals (compressed)
     38608       2280     131164        504          0          0   ROM Totals

==============================================================================

    Total RO  Size (Code + RO Data)               169772 ( 165.79kB)
    Total RW  Size (RW Data + ZI Data)            132232 ( 129.13kB)
    Total ROM Size (Code + RO Data + RW Data)     170276 ( 166.29kB)

==============================================================================

