<html>
<body>
<pre>
<h1>µVision Build Log</h1>
<h2>Tool Versions:</h2>
IDE-Version: ¦ÌVision V5.36.0.0
Copyright (C) 2021 ARM Ltd and ARM Germany GmbH. All rights reserved.
License Information: xiazhiyuan,  , LIC=65ISZ-J22ZK-JJ16S-LYK8Q-VXYRD-SSUKX
 
Tool Versions:
Toolchain:       MDK-ARM Plus  Version: 5.36.0.0
Toolchain Path:  C:\Keil_v5\ARM\ARMCC\Bin
C Compiler:      Armcc.exe V5.06 update 7 (build 960)
Assembler:       Armasm.exe V5.06 update 7 (build 960)
Linker/Locator:  ArmLink.exe V5.06 update 7 (build 960)
Library Manager: ArmAr.exe V5.06 update 7 (build 960)
Hex Converter:   FromElf.exe V5.06 update 7 (build 960)
CPU DLL:         SARMCM3.DLL V5.36.0.0
Dialog DLL:      DCM.DLL V1.17.3.0
Target DLL:      STLink\ST-LINKIII-KEIL_SWO.dll V3.0.9.0
Dialog DLL:      TCM.DLL V1.53.0.0
 
<h2>Project:</h2>
d:\HEU\NECCS\NECCS\START\MDK-ARM\START.uvprojx
Project File Date:  02/01/2026

<h2>Output:</h2>
*** Using Compiler 'V5.06 update 7 (build 960)', folder: 'C:\Keil_v5\ARM\ARMCC\Bin'
Build target 'START'
assembling startup_stm32h743xx.s...
compiling stm32h7xx_hal_flash.c...
compiling freertos.c...
compiling usart.c...
compiling stm32h7xx_hal_timebase_tim.c...
compiling stm32h7xx_hal_msp.c...
compiling gpio.c...
compiling stm32h7xx_hal_tim_ex.c...
compiling stm32h7xx_hal_cortex.c...
compiling main.c...
compiling stm32h7xx_it.c...
compiling stm32h7xx_hal_flash_ex.c...
compiling sai.c...
compiling stm32h7xx_hal_rcc.c...
compiling stm32h7xx_hal_rcc_ex.c...
compiling stm32h7xx_hal_tim.c...
compiling stm32h7xx_hal_mdma.c...
compiling stm32h7xx_hal_i2c_ex.c...
compiling croutine.c...
compiling stm32h7xx_hal_gpio.c...
compiling stm32h7xx_hal.c...
compiling stm32h7xx_hal_hsem.c...
compiling event_groups.c...
compiling list.c...
compiling queue.c...
compiling stream_buffer.c...
compiling timers.c...
compiling tasks.c...
compiling heap_4.c...
compiling stm32h7xx_hal_dma_ex.c...
compiling port.c...
compiling stm32h7xx_hal_exti.c...
compiling stm32h7xx_hal_uart_ex.c...
compiling stm32h7xx_hal_sai_ex.c...
compiling stm32h7xx_hal_sai.c...
compiling stm32h7xx_hal_uart.c...
compiling stm32h7xx_hal_pwr_ex.c...
compiling stm32h7xx_hal_pwr.c...
compiling stm32h7xx_hal_i2c.c...
compiling stm32h7xx_hal_dma.c...
compiling system_stm32h7xx.c...
compiling soft_i2c.c...
..\Drivers\PCMD3180\Inc\soft_i2c.h(22): warning:  #1-D: last line of file ends without a newline
  #endif
..\Drivers\PCMD3180\Src\soft_i2c.c: 1 warning, 0 errors
compiling pcmd3180.c...
..\Drivers\PCMD3180\Inc\pcmd3180.h(142): warning:  #1-D: last line of file ends without a newline
  #endif
..\Drivers\PCMD3180\Inc\soft_i2c.h(22): warning:  #1-D: last line of file ends without a newline
  #endif
..\Drivers\PCMD3180\Src\pcmd3180.c(108): warning:  #1-D: last line of file ends without a newline
  }
..\Drivers\PCMD3180\Src\pcmd3180.c(12): warning:  #177-D: function "Write_Reg"  was declared but never referenced
  static void Write_Reg(uint8_t devAddr, uint8_t reg, uint8_t val)
..\Drivers\PCMD3180\Src\pcmd3180.c: 4 warnings, 0 errors
compiling cmsis_os2.c...
linking...
Program Size: Code=24660 RO-data=812 RW-data=184 ZI-data=71080  
FromELF: creating hex file...
"START\START.axf" - 0 Error(s), 5 Warning(s).

<h2>Software Packages used:</h2>

Package Vendor: ARM
                http://www.keil.com/pack/ARM.CMSIS.5.8.0.pack
                ARM.CMSIS.5.8.0
                CMSIS (Common Microcontroller Software Interface Standard)
   * Component: CORE Version: 5.5.0

Package Vendor: Keil
                https://www.keil.com/pack/Keil.STM32H7xx_DFP.4.0.0.pack
                Keil.STM32H7xx_DFP.4.0.0
                STMicroelectronics STM32H7 Series Device Support

<h2>Collection of Component include folders:</h2>
  .\RTE\_START
  C:\Users\xiazhiyuan\AppData\Local\Arm\Packs\ARM\CMSIS\5.8.0\CMSIS\Core\Include

<h2>Collection of Component Files used:</h2>

   * Component: ARM::CMSIS:CORE:5.5.0
      Include file:  CMSIS\Core\Include\tz_context.h
Build Time Elapsed:  00:00:57
</pre>
</body>
</html>
