Component: ARM Compiler 5.06 update 7 (build 960) Tool: armlink [4d3601]

==============================================================================

Section Cross References

    startup_stm32h750xx.o(STACK) refers (Special) to heapauxi.o(.text) for __use_two_region_memory
    startup_stm32h750xx.o(HEAP) refers (Special) to heapauxi.o(.text) for __use_two_region_memory
    startup_stm32h750xx.o(RESET) refers (Special) to heapauxi.o(.text) for __use_two_region_memory
    startup_stm32h750xx.o(RESET) refers to startup_stm32h750xx.o(STACK) for __initial_sp
    startup_stm32h750xx.o(RESET) refers to startup_stm32h750xx.o(.text) for Reset_Handler
    startup_stm32h750xx.o(RESET) refers to stm32h7xx_it.o(i.NMI_Handler) for NMI_Handler
    startup_stm32h750xx.o(RESET) refers to stm32h7xx_it.o(i.HardFault_Handler) for HardFault_Handler
    startup_stm32h750xx.o(RESET) refers to mpu.o(i.MemManage_Handler) for MemManage_Handler
    startup_stm32h750xx.o(RESET) refers to stm32h7xx_it.o(i.BusFault_Handler) for BusFault_Handler
    startup_stm32h750xx.o(RESET) refers to stm32h7xx_it.o(i.UsageFault_Handler) for UsageFault_Handler
    startup_stm32h750xx.o(RESET) refers to stm32h7xx_it.o(i.SVC_Handler) for SVC_Handler
    startup_stm32h750xx.o(RESET) refers to stm32h7xx_it.o(i.DebugMon_Handler) for DebugMon_Handler
    startup_stm32h750xx.o(RESET) refers to stm32h7xx_it.o(i.PendSV_Handler) for PendSV_Handler
    startup_stm32h750xx.o(RESET) refers to stm32h7xx_it.o(i.SysTick_Handler) for SysTick_Handler
    startup_stm32h750xx.o(RESET) refers to usart.o(i.USART1_IRQHandler) for USART1_IRQHandler
    startup_stm32h750xx.o(.text) refers (Special) to heapauxi.o(.text) for __use_two_region_memory
    startup_stm32h750xx.o(.text) refers to system_stm32h7xx.o(i.SystemInit) for SystemInit
    startup_stm32h750xx.o(.text) refers to __main.o(!!!main) for __main
    startup_stm32h750xx.o(.text) refers to startup_stm32h750xx.o(HEAP) for Heap_Mem
    startup_stm32h750xx.o(.text) refers to startup_stm32h750xx.o(STACK) for Stack_Mem
    competition_main.o(i.main) refers to sys.o(i.sys_cache_enable) for sys_cache_enable
    competition_main.o(i.main) refers to stm32h7xx_hal.o(i.HAL_Init) for HAL_Init
    competition_main.o(i.main) refers to sys.o(i.sys_stm32_clock_init) for sys_stm32_clock_init
    competition_main.o(i.main) refers to delay.o(i.delay_init) for delay_init
    competition_main.o(i.main) refers to usart.o(i.usart_init) for usart_init
    competition_main.o(i.main) refers to led.o(i.led_init) for led_init
    competition_main.o(i.main) refers to mpu.o(i.mpu_memory_protection) for mpu_memory_protection
    competition_main.o(i.main) refers to lcd.o(i.lcd_init) for lcd_init
    competition_main.o(i.main) refers to comp_led.o(i.comp_led_init) for comp_led_init
    competition_main.o(i.main) refers to comp_keys.o(i.comp_keys_init) for comp_keys_init
    competition_main.o(i.main) refers to comp_buzzer.o(i.comp_buzzer_init) for comp_buzzer_init
    competition_main.o(i.main) refers to comp_max7219.o(i.comp_max7219_init) for comp_max7219_init
    competition_main.o(i.main) refers to comp_pwm.o(i.comp_pwm_init) for comp_pwm_init
    competition_main.o(i.main) refers to comp_nvm.o(i.comp_nvm_init) for comp_nvm_init
    competition_main.o(i.main) refers to exam_2025.o(i.exam2025_init) for exam2025_init
    competition_main.o(i.main) refers to exam_2025.o(i.exam2025_process) for exam2025_process
    competition_main.o(i.main) refers to delay.o(i.delay_ms) for delay_ms
    exam_2025.o(i.exam2025_format_aa) refers to _printf_percent.o(.ARM.Collect$$_printf_percent$$00000000) for _printf_percent
    exam_2025.o(i.exam2025_format_aa) refers to _printf_u.o(.ARM.Collect$$_printf_percent$$0000000A) for _printf_u
    exam_2025.o(i.exam2025_format_aa) refers to _printf_dec.o(.text) for _printf_int_dec
    exam_2025.o(i.exam2025_format_aa) refers to noretval__2snprintf.o(.text) for __2snprintf
    exam_2025.o(i.exam2025_get_aa_tenths) refers to exam_2025.o(.data) for s_aa_tenths
    exam_2025.o(i.exam2025_init) refers to lcd.o(i.lcd_clear) for lcd_clear
    exam_2025.o(i.exam2025_init) refers to comp_hanzi.o(i.comp_hanzi_show_utf8) for comp_hanzi_show_utf8
    exam_2025.o(i.exam2025_init) refers to lcd.o(i.lcd_show_string) for lcd_show_string
    exam_2025.o(i.exam2025_init) refers to exam_2025.o(i.exam2025_load_aa) for exam2025_load_aa
    exam_2025.o(i.exam2025_init) refers to exam_2025.o(i.exam2025_show_uart_status) for exam2025_show_uart_status
    exam_2025.o(i.exam2025_init) refers to exam_2025.o(i.exam2025_set_aa_tenths) for exam2025_set_aa_tenths
    exam_2025.o(i.exam2025_init) refers to comp_led.o(i.comp_led_set_mask) for comp_led_set_mask
    exam_2025.o(i.exam2025_init) refers to stm32h7xx_hal.o(i.HAL_GetTick) for HAL_GetTick
    exam_2025.o(i.exam2025_init) refers to noretval__2printf.o(.text) for __2printf
    exam_2025.o(i.exam2025_init) refers to exam_2025.o(.data) for s_nvm_available
[...]
    .data                                    0x20000034   Section        8  lcd.o(.data)
    .data                                    0x2000003c   Section        3  norflash.o(.data)
    .data                                    0x20000040   Section       16  comp_led.o(.data)
    s_led_ports                              0x20000040   Data          16  comp_led.o(.data)
    .data                                    0x20000050   Section       19  comp_keys.o(.data)
    s_key_ports                              0x20000050   Data          16  comp_keys.o(.data)
    s_raw_mask                               0x20000060   Data           1  comp_keys.o(.data)
    s_stable_mask                            0x20000061   Data           1  comp_keys.o(.data)
    s_event_mask                             0x20000062   Data           1  comp_keys.o(.data)
    .data                                    0x20000064   Section        5  comp_pwm.o(.data)
    s_pwm_period                             0x20000064   Data           4  comp_pwm.o(.data)
    s_pwm_running                            0x20000068   Data           1  comp_pwm.o(.data)
    .data                                    0x2000006a   Section        2  comp_nvm.o(.data)
    s_flash_id                               0x2000006a   Data           2  comp_nvm.o(.data)
    .bss                                     0x2000006c   Section      340  usart.o(.bss)
    .bss                                     0x200001c0   Section       90  lcd.o(.bss)
    .bss                                     0x2000021c   Section       76  qspi.o(.bss)
    .bss                                     0x20000268   Section     4096  norflash.o(.bss)
    .bss                                     0x20001268   Section       16  comp_keys.o(.bss)
    s_changed_at                             0x20001268   Data          16  comp_keys.o(.bss)
    .bss                                     0x20001278   Section       64  comp_pwm.o(.bss)
    s_pwm_handle                             0x20001278   Data          64  comp_pwm.o(.bss)
    .bss                                     0x200012b8   Section       96  libspace.o(.bss)
    HEAP                                     0x20001318   Section      512  startup_stm32h750xx.o(HEAP)
    Heap_Mem                                 0x20001318   Data         512  startup_stm32h750xx.o(HEAP)
    STACK                                    0x20001518   Section     2048  startup_stm32h750xx.o(STACK)
    Stack_Mem                                0x20001518   Data        2048  startup_stm32h750xx.o(STACK)
    __initial_sp                             0x20001d18   Data           0  startup_stm32h750xx.o(STACK)

    Global Symbols

    Symbol Name                              Value     Ov Type        Size  Object(Section)

    BuildAttributes$$THM_ISAv4$E$P$D$K$B$S$7EM$VFPv5_D16$PE$PLD8$A:L22UL41UL21$X:L11$S22US41US21$IEEE1$IW$USESV6$~STKCKD$USESV7$~SHL$OSPACE$ROPI$EBA8$UX$STANDARDLIB$REQ8$PRES8$EABIv2 0x00000000   Number         0  anon$$obj.o ABSOLUTE
    __ARM_use_no_argv                        0x00000000   Number         0  competition_main.o ABSOLUTE
    _printf_flags                            0x00000000   Number         0  printf_stubs.o ABSOLUTE
    _printf_return_value                     0x00000000   Number         0  printf_stubs.o ABSOLUTE
    _printf_sizespec                         0x00000000   Number         0  printf_stubs.o ABSOLUTE
    _printf_widthprec                        0x00000000   Number         0  printf_stubs.o ABSOLUTE
    __ARM_exceptions_init                     - Undefined Weak Reference
    __alloca_initialize                       - Undefined Weak Reference
    __arm_fini_                               - Undefined Weak Reference
    __arm_preinit_                            - Undefined Weak Reference
    __cpp_initialize__aeabi_                  - Undefined Weak Reference
    __cxa_finalize                            - Undefined Weak Reference
    __rt_locale                               - Undefined Weak Reference
    __sigvec_lookup                           - Undefined Weak Reference
    _atexit_init                              - Undefined Weak Reference
    _call_atexit_fns                          - Undefined Weak Reference
    _clock_init                               - Undefined Weak Reference
    _fp_trap_init                             - Undefined Weak Reference
    _fp_trap_shutdown                         - Undefined Weak Reference
    _get_lc_collate                           - Undefined Weak Reference
    _get_lc_ctype                             - Undefined Weak Reference
    _get_lc_monetary                          - Undefined Weak Reference
    _get_lc_numeric                           - Undefined Weak Reference
    _get_lc_time                              - Undefined Weak Reference
    _getenv_init                              - Undefined Weak Reference
    _handle_redirection                       - Undefined Weak Reference
    _init_alloc                               - Undefined Weak Reference
    _init_user_alloc                          - Undefined Weak Reference
    _initio                                   - Undefined Weak Reference
    _mutex_acquire                            - Undefined Weak Reference
    _mutex_release                            - Undefined Weak Reference
    _printf_mbtowc                            - Undefined Weak Reference
    _printf_truncate_signed                   - Undefined Weak Reference
    _printf_truncate_unsigned                 - Undefined Weak Reference
    _rand_init                                - Undefined Weak Reference
    _signal_finish                            - Undefined Weak Reference
    _signal_init                              - Undefined Weak Reference
    _terminate_alloc                          - Undefined Weak Reference
    _terminate_user_alloc                     - Undefined Weak Reference
    _terminateio                              - Undefined Weak Reference
    __Vectors_Size                           0x00000298   Number         0  startup_stm32h750xx.o ABSOLUTE
    __Vectors                                0x08000000   Data           4  startup_stm32h750xx.o(RESET)
    __Vectors_End                            0x08000298   Data           0  startup_stm32h750xx.o(RESET)
    __main                                   0x08000299   Thumb Code     8  __main.o(!!!main)
    __scatterload                            0x080002a1   Thumb Code     0  __scatter.o(!!!scatter)
    __scatterload_rt2                        0x080002a1   Thumb Code    44  __scatter.o(!!!scatter)
    __scatterload_rt2_thumb_only             0x080002a1   Thumb Code     0  __scatter.o(!!!scatter)
    __scatterload_null                       0x080002af   Thumb Code     0  __scatter.o(!!!scatter)
    __scatterload_copy                       0x080002d5   Thumb Code    26  __scatter_copy.o(!!handler_copy)
    __scatterload_zeroinit                   0x080002f1   Thumb Code    28  __scatter_zi.o(!!handler_zi)
    _printf_percent                          0x0800030d   Thumb Code     0  _printf_percent.o(.ARM.Collect$$_printf_percent$$00000000)
    _printf_u                                0x0800030d   Thumb Code     0  _printf_u.o(.ARM.Collect$$_printf_percent$$0000000A)
    _printf_x                                0x08000313   Thumb Code     0  _printf_x.o(.ARM.Collect$$_printf_percent$$0000000C)
    _printf_s                                0x08000319   Thumb Code     0  _printf_s.o(.ARM.Collect$$_printf_percent$$00000014)
    _printf_percent_end                      0x0800031f   Thumb Code     0  _printf_percent_end.o(.ARM.Collect$$_printf_percent$$00000017)
    __rt_lib_init                            0x08000323   Thumb Code     0  libinit.o(.ARM.Collect$$libinit$$00000000)
    __rt_lib_init_fp_1                       0x08000325   Thumb Code     0  libinit2.o(.ARM.Collect$$libinit$$00000001)
    __rt_lib_init_alloca_1                   0x08000329   Thumb Code     0  libinit2.o(.ARM.Collect$$libinit$$0000002E)
    __rt_lib_init_argv_1                     0x08000329   Thumb Code     0  libinit2.o(.ARM.Collect$$libinit$$0000002C)
    __rt_lib_init_atexit_1                   0x08000329   Thumb Code     0  libinit2.o(.ARM.Collect$$libinit$$0000001B)
    __rt_lib_init_clock_1                    0x08000329   Thumb Code     0  libinit2.o(.ARM.Collect$$libinit$$00000021)
    __rt_lib_init_cpp_1                      0x08000329   Thumb Code     0  libinit2.o(.ARM.Collect$$libinit$$00000032)
    __rt_lib_init_exceptions_1               0x08000329   Thumb Code     0  libinit2.o(.ARM.Collect$$libinit$$00000030)
    __rt_lib_init_fp_trap_1                  0x08000329   Thumb Code     0  libinit2.o(.ARM.Collect$$libinit$$0000001F)
    __rt_lib_init_getenv_1                   0x08000329   Thumb Code     0  libinit2.o(.ARM.Collect$$libinit$$00000023)
    __rt_lib_init_heap_1                     0x08000329   Thumb Code     0  libinit2.o(.ARM.Collect$$libinit$$0000000A)
    __rt_lib_init_lc_collate_1               0x08000329   Thumb Code     0  libinit2.o(.ARM.Collect$$libinit$$00000011)
    __rt_lib_init_lc_ctype_1                 0x08000329   Thumb Code     0  libinit2.o(.ARM.Collect$$libinit$$00000013)
    __rt_lib_init_lc_monetary_1              0x08000329   Thumb Code     0  libinit2.o(.ARM.Collect$$libinit$$00000015)
    __rt_lib_init_lc_numeric_1               0x08000329   Thumb Code     0  libinit2.o(.ARM.Collect$$libinit$$00000017)
    __rt_lib_init_lc_time_1                  0x08000329   Thumb Code     0  libinit2.o(.ARM.Collect$$libinit$$00000019)
    __rt_lib_init_preinit_1                  0x08000329   Thumb Code     0  libinit2.o(.ARM.Collect$$libinit$$00000004)
    __rt_lib_init_rand_1                     0x08000329   Thumb Code     0  libinit2.o(.ARM.Collect$$libinit$$0000000E)
    __rt_lib_init_return                     0x08000329   Thumb Code     0  libinit2.o(.ARM.Collect$$libinit$$00000033)
    __rt_lib_init_signal_1                   0x08000329   Thumb Code     0  libinit2.o(.ARM.Collect$$libinit$$0000001D)
    __rt_lib_init_stdio_1                    0x08000329   Thumb Code     0  libinit2.o(.ARM.Collect$$libinit$$00000025)
    __rt_lib_init_user_alloc_1               0x08000329   Thumb Code     0  libinit2.o(.ARM.Collect$$libinit$$0000000C)
    __rt_lib_shutdown                        0x0800032b   Thumb Code     0  libshutdown.o(.ARM.Collect$$libshutdown$$00000000)
    __rt_lib_shutdown_cpp_1                  0x0800032d   Thumb Code     0  libshutdown2.o(.ARM.Collect$$libshutdown$$00000004)
    __rt_lib_shutdown_fini_1                 0x0800032d   Thumb Code     0  libshutdown2.o(.ARM.Collect$$libshutdown$$00000002)
    __rt_lib_shutdown_fp_trap_1              0x0800032d   Thumb Code     0  libshutdown2.o(.ARM.Collect$$libshutdown$$00000009)
    __rt_lib_shutdown_heap_1                 0x0800032d   Thumb Code     0  libshutdown2.o(.ARM.Collect$$libshutdown$$00000011)
    __rt_lib_shutdown_return                 0x0800032d   Thumb Code     0  libshutdown2.o(.ARM.Collect$$libshutdown$$00000012)
    __rt_lib_shutdown_signal_1               0x0800032d   Thumb Code     0  libshutdown2.o(.ARM.Collect$$libshutdown$$0000000C)
    __rt_lib_shutdown_stdio_1                0x0800032d   Thumb Code     0  libshutdown2.o(.ARM.Collect$$libshutdown$$00000006)
    __rt_lib_shutdown_user_alloc_1           0x0800032d   Thumb Code     0  libshutdown2.o(.ARM.Collect$$libshutdown$$0000000E)
    __rt_entry                               0x0800032f   Thumb Code     0  __rtentry.o(.ARM.Collect$$rtentry$$00000000)
    __rt_entry_presh_1                       0x0800032f   Thumb Code     0  __rtentry2.o(.ARM.Collect$$rtentry$$00000002)
    __rt_entry_sh                            0x0800032f   Thumb Code     0  __rtentry4.o(.ARM.Collect$$rtentry$$00000004)
    __rt_entry_li                            0x08000335   Thumb Code     0  __rtentry2.o(.ARM.Collect$$rtentry$$0000000A)
    __rt_entry_postsh_1                      0x08000335   Thumb Code     0  __rtentry2.o(.ARM.Collect$$rtentry$$00000009)
    __rt_entry_main                          0x08000339   Thumb Code     0  __rtentry2.o(.ARM.Collect$$rtentry$$0000000D)
    __rt_entry_postli_1                      0x08000339   Thumb Code     0  __rtentry2.o(.ARM.Collect$$rtentry$$0000000C)
    __rt_exit                                0x08000341   Thumb Code     0  rtexit.o(.ARM.Collect$$rtexit$$00000000)
    __rt_exit_ls                             0x08000343   Thumb Code     0  rtexit2.o(.ARM.Collect$$rtexit$$00000003)
    __rt_exit_prels_1                        0x08000343   Thumb Code     0  rtexit2.o(.ARM.Collect$$rtexit$$00000002)
    __rt_exit_exit                           0x08000347   Thumb Code     0  rtexit2.o(.ARM.Collect$$rtexit$$00000004)
    Reset_Handler                            0x0800034d   Thumb Code     8  startup_stm32h750xx.o(.text)
    ADC3_IRQHandler                          0x08000367   Thumb Code     0  startup_stm32h750xx.o(.text)
    ADC_IRQHandler                           0x08000367   Thumb Code     0  startup_stm32h750xx.o(.text)
    BDMA_Channel0_IRQHandler                 0x08000367   Thumb Code     0  startup_stm32h750xx.o(.text)
    BDMA_Channel1_IRQHandler                 0x08000367   Thumb Code     0  startup_stm32h750xx.o(.text)
    BDMA_Channel2_IRQHandler                 0x08000367   Thumb Code     0  startup_stm32h750xx.o(.text)
    BDMA_Channel3_IRQHandler                 0x08000367   Thumb Code     0  startup_stm32h750xx.o(.text)
    BDMA_Channel4_IRQHandler                 0x08000367   Thumb Code     0  startup_stm32h750xx.o(.text)
    BDMA_Channel5_IRQHandler                 0x08000367   Thumb Code     0  startup_stm32h750xx.o(.text)
    BDMA_Channel6_IRQHandler                 0x08000367   Thumb Code     0  startup_stm32h750xx.o(.text)
    BDMA_Channel7_IRQHandler                 0x08000367   Thumb Code     0  startup_stm32h750xx.o(.text)
    CEC_IRQHandler                           0x08000367   Thumb Code     0  startup_stm32h750xx.o(.text)
    COMP1_IRQHandler                         0x08000367   Thumb Code     0  startup_stm32h750xx.o(.text)
    CRS_IRQHandler                           0x08000367   Thumb Code     0  startup_stm32h750xx.o(.text)
    CRYP_IRQHandler                          0x08000367   Thumb Code     0  startup_stm32h750xx.o(.text)
    DCMI_IRQHandler                          0x08000367   Thumb Code     0  startup_stm32h750xx.o(.text)
    DFSDM1_FLT0_IRQHandler                   0x08000367   Thumb Code     0  startup_stm32h750xx.o(.text)
    DFSDM1_FLT1_IRQHandler                   0x08000367   Thumb Code     0  startup_stm32h750xx.o(.text)
    DFSDM1_FLT2_IRQHandler                   0x08000367   Thumb Code     0  startup_stm32h750xx.o(.text)
    DFSDM1_FLT3_IRQHandler                   0x08000367   Thumb Code     0  startup_stm32h750xx.o(.text)
    DMA1_Stream0_IRQHandler                  0x08000367   Thumb Code     0  startup_stm32h750xx.o(.text)
    DMA1_Stream1_IRQHandler                  0x08000367   Thumb Code     0  startup_stm32h750xx.o(.text)
    DMA1_Stream2_IRQHandler                  0x08000367   Thumb Code     0  startup_stm32h750xx.o(.text)
    DMA1_Stream3_IRQHandler                  0x08000367   Thumb Code     0  startup_stm32h750xx.o(.text)
    DMA1_Stream4_IRQHandler                  0x08000367   Thumb Code     0  startup_stm32h750xx.o(.text)
    DMA1_Stream5_IRQHandler                  0x08000367   Thumb Code     0  startup_stm32h750xx.o(.text)
    DMA1_Stream6_IRQHandler                  0x08000367   Thumb Code     0  startup_stm32h750xx.o(.text)
    DMA1_Stream7_IRQHandler                  0x08000367   Thumb Code     0  startup_stm32h750xx.o(.text)
    DMA2D_IRQHandler                         0x08000367   Thumb Code     0  startup_stm32h750xx.o(.text)
    DMA2_Stream0_IRQHandler                  0x08000367   Thumb Code     0  startup_stm32h750xx.o(.text)
    DMA2_Stream1_IRQHandler                  0x08000367   Thumb Code     0  startup_stm32h750xx.o(.text)
    DMA2_Stream2_IRQHandler                  0x08000367   Thumb Code     0  startup_stm32h750xx.o(.text)
    DMA2_Stream3_IRQHandler                  0x08000367   Thumb Code     0  startup_stm32h750xx.o(.text)
    DMA2_Stream4_IRQHandler                  0x08000367   Thumb Code     0  startup_stm32h750xx.o(.text)
    DMA2_Stream5_IRQHandler                  0x08000367   Thumb Code     0  startup_stm32h750xx.o(.text)
    DMA2_Stream6_IRQHandler                  0x08000367   Thumb Code     0  startup_stm32h750xx.o(.text)
    DMA2_Stream7_IRQHandler                  0x08000367   Thumb Code     0  startup_stm32h750xx.o(.text)
    DMAMUX1_OVR_IRQHandler                   0x08000367   Thumb Code     0  startup_stm32h750xx.o(.text)
    DMAMUX2_OVR_IRQHandler                   0x08000367   Thumb Code     0  startup_stm32h750xx.o(.text)
    ECC_IRQHandler                           0x08000367   Thumb Code     0  startup_stm32h750xx.o(.text)
    ETH_IRQHandler                           0x08000367   Thumb Code     0  startup_stm32h750xx.o(.text)
    ETH_WKUP_IRQHandler                      0x08000367   Thumb Code     0  startup_stm32h750xx.o(.text)
    EXTI0_IRQHandler                         0x08000367   Thumb Code     0  startup_stm32h750xx.o(.text)
    EXTI15_10_IRQHandler                     0x08000367   Thumb Code     0  startup_stm32h750xx.o(.text)
    EXTI1_IRQHandler                         0x08000367   Thumb Code     0  startup_stm32h750xx.o(.text)
    EXTI2_IRQHandler                         0x08000367   Thumb Code     0  startup_stm32h750xx.o(.text)
    EXTI3_IRQHandler                         0x08000367   Thumb Code     0  startup_stm32h750xx.o(.text)
    EXTI4_IRQHandler                         0x08000367   Thumb Code     0  startup_stm32h750xx.o(.text)
    EXTI9_5_IRQHandler                       0x08000367   Thumb Code     0  startup_stm32h750xx.o(.text)
    FDCAN1_IT0_IRQHandler                    0x08000367   Thumb Code     0  startup_stm32h750xx.o(.text)
    FDCAN1_IT1_IRQHandler                    0x08000367   Thumb Code     0  startup_stm32h750xx.o(.text)
    FDCAN2_IT0_IRQHandler                    0x08000367   Thumb Code     0  startup_stm32h750xx.o(.text)
    FDCAN2_IT1_IRQHandler                    0x08000367   Thumb Code     0  startup_stm32h750xx.o(.text)
    FDCAN_CAL_IRQHandler                     0x08000367   Thumb Code     0  startup_stm32h750xx.o(.text)
    FLASH_IRQHandler                         0x08000367   Thumb Code     0  startup_stm32h750xx.o(.text)
    FMC_IRQHandler                           0x08000367   Thumb Code     0  startup_stm32h750xx.o(.text)
    FPU_IRQHandler                           0x08000367   Thumb Code     0  startup_stm32h750xx.o(.text)
    HASH_RNG_IRQHandler                      0x08000367   Thumb Code     0  startup_stm32h750xx.o(.text)
    HRTIM1_FLT_IRQHandler                    0x08000367   Thumb Code     0  startup_stm32h750xx.o(.text)
    HRTIM1_Master_IRQHandler                 0x08000367   Thumb Code     0  startup_stm32h750xx.o(.text)
    HRTIM1_TIMA_IRQHandler                   0x08000367   Thumb Code     0  startup_stm32h750xx.o(.text)
    HRTIM1_TIMB_IRQHandler                   0x08000367   Thumb Code     0  startup_stm32h750xx.o(.text)
    HRTIM1_TIMC_IRQHandler                   0x08000367   Thumb Code     0  startup_stm32h750xx.o(.text)
    HRTIM1_TIMD_IRQHandler                   0x08000367   Thumb Code     0  startup_stm32h750xx.o(.text)
    HRTIM1_TIME_IRQHandler                   0x08000367   Thumb Code     0  startup_stm32h750xx.o(.text)
    HSEM1_IRQHandler                         0x08000367   Thumb Code     0  startup_stm32h750xx.o(.text)
    I2C1_ER_IRQHandler                       0x08000367   Thumb Code     0  startup_stm32h750xx.o(.text)
    I2C1_EV_IRQHandler                       0x08000367   Thumb Code     0  startup_stm32h750xx.o(.text)
    I2C2_ER_IRQHandler                       0x08000367   Thumb Code     0  startup_stm32h750xx.o(.text)
    I2C2_EV_IRQHandler                       0x08000367   Thumb Code     0  startup_stm32h750xx.o(.text)
    I2C3_ER_IRQHandler                       0x08000367   Thumb Code     0  startup_stm32h750xx.o(.text)
    I2C3_EV_IRQHandler                       0x08000367   Thumb Code     0  startup_stm32h750xx.o(.text)
    I2C4_ER_IRQHandler                       0x08000367   Thumb Code     0  startup_stm32h750xx.o(.text)
    I2C4_EV_IRQHandler                       0x08000367   Thumb Code     0  startup_stm32h750xx.o(.text)
    JPEG_IRQHandler                          0x08000367   Thumb Code     0  startup_stm32h750xx.o(.text)
    LPTIM1_IRQHandler                        0x08000367   Thumb Code     0  startup_stm32h750xx.o(.text)
    LPTIM2_IRQHandler                        0x08000367   Thumb Code     0  startup_stm32h750xx.o(.text)
    LPTIM3_IRQHandler                        0x08000367   Thumb Code     0  startup_stm32h750xx.o(.text)
    LPTIM4_IRQHandler                        0x08000367   Thumb Code     0  startup_stm32h750xx.o(.text)
    LPTIM5_IRQHandler                        0x08000367   Thumb Code     0  startup_stm32h750xx.o(.text)
    LPUART1_IRQHandler                       0x08000367   Thumb Code     0  startup_stm32h750xx.o(.text)
    LTDC_ER_IRQHandler                       0x08000367   Thumb Code     0  startup_stm32h750xx.o(.text)
    LTDC_IRQHandler                          0x08000367   Thumb Code     0  startup_stm32h750xx.o(.text)
    MDIOS_IRQHandler                         0x08000367   Thumb Code     0  startup_stm32h750xx.o(.text)
    MDIOS_WKUP_IRQHandler                    0x08000367   Thumb Code     0  startup_stm32h750xx.o(.text)
    MDMA_IRQHandler                          0x08000367   Thumb Code     0  startup_stm32h750xx.o(.text)
    OTG_FS_EP1_IN_IRQHandler                 0x08000367   Thumb Code     0  startup_stm32h750xx.o(.text)
    OTG_FS_EP1_OUT_IRQHandler                0x08000367   Thumb Code     0  startup_stm32h750xx.o(.text)
    OTG_FS_IRQHandler                        0x08000367   Thumb Code     0  startup_stm32h750xx.o(.text)
    OTG_FS_WKUP_IRQHandler                   0x08000367   Thumb Code     0  startup_stm32h750xx.o(.text)
    OTG_HS_EP1_IN_IRQHandler                 0x08000367   Thumb Code     0  startup_stm32h750xx.o(.text)
    OTG_HS_EP1_OUT_IRQHandler                0x08000367   Thumb Code     0  startup_stm32h750xx.o(.text)
    OTG_HS_IRQHandler                        0x08000367   Thumb Code     0  startup_stm32h750xx.o(.text)
    OTG_HS_WKUP_IRQHandler                   0x08000367   Thumb Code     0  startup_stm32h750xx.o(.text)
    PVD_AVD_IRQHandler                       0x08000367   Thumb Code     0  startup_stm32h750xx.o(.text)
    QUADSPI_IRQHandler                       0x08000367   Thumb Code     0  startup_stm32h750xx.o(.text)
    RCC_IRQHandler                           0x08000367   Thumb Code     0  startup_stm32h750xx.o(.text)
    RTC_Alarm_IRQHandler                     0x08000367   Thumb Code     0  startup_stm32h750xx.o(.text)
    RTC_WKUP_IRQHandler                      0x08000367   Thumb Code     0  startup_stm32h750xx.o(.text)
    SAI1_IRQHandler                          0x08000367   Thumb Code     0  startup_stm32h750xx.o(.text)
    SAI2_IRQHandler                          0x08000367   Thumb Code     0  startup_stm32h750xx.o(.text)
    SAI3_IRQHandler                          0x08000367   Thumb Code     0  startup_stm32h750xx.o(.text)
    SAI4_IRQHandler                          0x08000367   Thumb Code     0  startup_stm32h750xx.o(.text)
    SDMMC1_IRQHandler                        0x08000367   Thumb Code     0  startup_stm32h750xx.o(.text)
    SDMMC2_IRQHandler                        0x08000367   Thumb Code     0  startup_stm32h750xx.o(.text)
    SPDIF_RX_IRQHandler                      0x08000367   Thumb Code     0  startup_stm32h750xx.o(.text)
    SPI1_IRQHandler                          0x08000367   Thumb Code     0  startup_stm32h750xx.o(.text)
    SPI2_IRQHandler                          0x08000367   Thumb Code     0  startup_stm32h750xx.o(.text)
    SPI3_IRQHandler                          0x08000367   Thumb Code     0  startup_stm32h750xx.o(.text)
    SPI4_IRQHandler                          0x08000367   Thumb Code     0  startup_stm32h750xx.o(.text)
    SPI5_IRQHandler                          0x08000367   Thumb Code     0  startup_stm32h750xx.o(.text)
    SPI6_IRQHandler                          0x08000367   Thumb Code     0  startup_stm32h750xx.o(.text)
    SWPMI1_IRQHandler                        0x08000367   Thumb Code     0  startup_stm32h750xx.o(.text)
    TAMP_STAMP_IRQHandler                    0x08000367   Thumb Code     0  startup_stm32h750xx.o(.text)
    TIM15_IRQHandler                         0x08000367   Thumb Code     0  startup_stm32h750xx.o(.text)
    TIM16_IRQHandler                         0x08000367   Thumb Code     0  startup_stm32h750xx.o(.text)
    TIM17_IRQHandler                         0x08000367   Thumb Code     0  startup_stm32h750xx.o(.text)
    TIM1_BRK_IRQHandler                      0x08000367   Thumb Code     0  startup_stm32h750xx.o(.text)
    TIM1_CC_IRQHandler                       0x08000367   Thumb Code     0  startup_stm32h750xx.o(.text)
    TIM1_TRG_COM_IRQHandler                  0x08000367   Thumb Code     0  startup_stm32h750xx.o(.text)
    TIM1_UP_IRQHandler                       0x08000367   Thumb Code     0  startup_stm32h750xx.o(.text)
    TIM2_IRQHandler                          0x08000367   Thumb Code     0  startup_stm32h750xx.o(.text)
    TIM3_IRQHandler                          0x08000367   Thumb Code     0  startup_stm32h750xx.o(.text)
    TIM4_IRQHandler                          0x08000367   Thumb Code     0  startup_stm32h750xx.o(.text)
    TIM5_IRQHandler                          0x08000367   Thumb Code     0  startup_stm32h750xx.o(.text)
    TIM6_DAC_IRQHandler                      0x08000367   Thumb Code     0  startup_stm32h750xx.o(.text)
    TIM7_IRQHandler                          0x08000367   Thumb Code     0  startup_stm32h750xx.o(.text)
    TIM8_BRK_TIM12_IRQHandler                0x08000367   Thumb Code     0  startup_stm32h750xx.o(.text)
    TIM8_CC_IRQHandler                       0x08000367   Thumb Code     0  startup_stm32h750xx.o(.text)
    TIM8_TRG_COM_TIM14_IRQHandler            0x08000367   Thumb Code     0  startup_stm32h750xx.o(.text)
    TIM8_UP_TIM13_IRQHandler                 0x08000367   Thumb Code     0  startup_stm32h750xx.o(.text)
    UART4_IRQHandler                         0x08000367   Thumb Code     0  startup_stm32h750xx.o(.text)
    UART5_IRQHandler                         0x08000367   Thumb Code     0  startup_stm32h750xx.o(.text)
    UART7_IRQHandler                         0x08000367   Thumb Code     0  startup_stm32h750xx.o(.text)
    UART8_IRQHandler                         0x08000367   Thumb Code     0  startup_stm32h750xx.o(.text)
    USART2_IRQHandler                        0x08000367   Thumb Code     0  startup_stm32h750xx.o(.text)
    USART3_IRQHandler                        0x08000367   Thumb Code     0  startup_stm32h750xx.o(.text)
    USART6_IRQHandler                        0x08000367   Thumb Code     0  startup_stm32h750xx.o(.text)
    WAKEUP_PIN_IRQHandler                    0x08000367   Thumb Code     0  startup_stm32h750xx.o(.text)
    WWDG_IRQHandler                          0x08000367   Thumb Code     0  startup_stm32h750xx.o(.text)
    __user_initial_stackheap                 0x08000369   Thumb Code     0  startup_stm32h750xx.o(.text)
    __use_no_semihosting                     0x0800038d   Thumb Code     2  use_no_semi_2.o(.text)
    __aeabi_uldivmod                         0x0800038f   Thumb Code     0  lludivv7m.o(.text)
    _ll_udiv                                 0x0800038f   Thumb Code   238  lludivv7m.o(.text)
    __2printf                                0x0800047d   Thumb Code    20  noretval__2printf.o(.text)
    __2snprintf                              0x08000495   Thumb Code    48  noretval__2snprintf.o(.text)
    _printf_str                              0x080004c9   Thumb Code    82  _printf_str.o(.text)
    _printf_int_dec                          0x0800051d   Thumb Code   104  _printf_dec.o(.text)
    _printf_int_hex                          0x08000595   Thumb Code    84  _printf_hex_int.o(.text)
    _printf_longlong_hex                     0x08000595   Thumb Code     0  _printf_hex_int.o(.text)
    __printf                                 0x080005ed   Thumb Code   388  __printf_flags_ss_wp.o(.text)
    __aeabi_memcpy                           0x08000775   Thumb Code     0  rt_memcpy_v6.o(.text)
    __rt_memcpy                              0x08000775   Thumb Code   138  rt_memcpy_v6.o(.text)
    _memcpy_lastbytes                        0x080007db   Thumb Code     0  rt_memcpy_v6.o(.text)
    __aeabi_memcpy4                          0x080007ff   Thumb Code     0  rt_memcpy_w.o(.text)
    __aeabi_memcpy8                          0x080007ff   Thumb Code     0  rt_memcpy_w.o(.text)
    __rt_memcpy_w                            0x080007ff   Thumb Code   100  rt_memcpy_w.o(.text)
    _memcpy_lastbytes_aligned                0x08000847   Thumb Code     0  rt_memcpy_w.o(.text)
    __aeabi_memclr4                          0x08000863   Thumb Code     0  rt_memclr_w.o(.text)
    __aeabi_memclr8                          0x08000863   Thumb Code     0  rt_memclr_w.o(.text)
    __rt_memclr_w                            0x08000863   Thumb Code    78  rt_memclr_w.o(.text)
    _memset_w                                0x08000867   Thumb Code     0  rt_memclr_w.o(.text)
    __use_two_region_memory                  0x080008b1   Thumb Code     2  heapauxi.o(.text)
    __rt_heap_escrow$2region                 0x080008b3   Thumb Code     2  heapauxi.o(.text)
    __rt_heap_expand$2region                 0x080008b5   Thumb Code     2  heapauxi.o(.text)
    __semihosting$guard                      0x080008b7   Thumb Code     0  use_no_semi.o(.text)
    __use_no_semihosting_swi                 0x080008b7   Thumb Code     2  use_no_semi.o(.text)
    _printf_int_common                       0x080008b9   Thumb Code   178  _printf_intcommon.o(.text)
    _printf_char_common                      0x08000977   Thumb Code    32  _printf_char_common.o(.text)
    _sputc                                   0x0800099d   Thumb Code    10  _sputc.o(.text)
    _snputc                                  0x080009a7   Thumb Code    16  _snputc.o(.text)
    _printf_cs_common                        0x080009b7   Thumb Code    20  _printf_char.o(.text)
    _printf_char                             0x080009cb   Thumb Code    16  _printf_char.o(.text)
    _printf_string                           0x080009db   Thumb Code     8  _printf_char.o(.text)
    _printf_char_file                        0x080009e5   Thumb Code    32  _printf_char_file.o(.text)
    ferror                                   0x08000a09   Thumb Code     8  ferror.o(.text)
    __user_setup_stackheap                   0x08000a11   Thumb Code    74  sys_stackheap_outer.o(.text)
    exit                                     0x08000a5b   Thumb Code    18  exit.o(.text)
    __user_libspace                          0x08000a6d   Thumb Code     8  libspace.o(.text)
    __user_perproc_libspace                  0x08000a6d   Thumb Code     0  libspace.o(.text)
    __user_perthread_libspace                0x08000a6d   Thumb Code     0  libspace.o(.text)
    BusFault_Handler                         0x08000a75   Thumb Code     4  stm32h7xx_it.o(i.BusFault_Handler)
    DebugMon_Handler                         0x08000a79   Thumb Code     2  stm32h7xx_it.o(i.DebugMon_Handler)
    FMC_NORSRAM_Extended_Timing_Init         0x08000a7d   Thumb Code    62  stm32h7xx_ll_fmc.o(i.FMC_NORSRAM_Extended_Timing_Init)
    FMC_NORSRAM_Init                         0x08000ac1   Thumb Code   146  stm32h7xx_ll_fmc.o(i.FMC_NORSRAM_Init)
    FMC_NORSRAM_Timing_Init                  0x08000b59   Thumb Code   102  stm32h7xx_ll_fmc.o(i.FMC_NORSRAM_Timing_Init)
    HAL_DMA_Abort_IT                         0x08000bc1   Thumb Code   906  stm32h7xx_hal_dma.o(i.HAL_DMA_Abort_IT)
    HAL_EnableCompensationCell               0x08000f59   Thumb Code    14  stm32h7xx_hal.o(i.HAL_EnableCompensationCell)
    HAL_GPIO_Init                            0x08000f6d   Thumb Code   468  stm32h7xx_hal_gpio.o(i.HAL_GPIO_Init)
    HAL_GPIO_ReadPin                         0x08001175   Thumb Code    16  stm32h7xx_hal_gpio.o(i.HAL_GPIO_ReadPin)
    HAL_GPIO_WritePin                        0x08001185   Thumb Code    12  stm32h7xx_hal_gpio.o(i.HAL_GPIO_WritePin)
    HAL_GetREVID                             0x08001191   Thumb Code     8  stm32h7xx_hal.o(i.HAL_GetREVID)
    HAL_GetTick                              0x0800119d   Thumb Code     6  stm32h7xx_hal.o(i.HAL_GetTick)
    HAL_IncTick                              0x080011a9   Thumb Code    16  stm32h7xx_hal.o(i.HAL_IncTick)
    HAL_Init                                 0x080011c1   Thumb Code    80  stm32h7xx_hal.o(i.HAL_Init)
    HAL_InitTick                             0x08001221   Thumb Code    74  stm32h7xx_hal.o(i.HAL_InitTick)
    HAL_MPU_ConfigRegion                     0x08001279   Thumb Code    88  stm32h7xx_hal_cortex.o(i.HAL_MPU_ConfigRegion)
    HAL_MPU_Disable                          0x080012d5   Thumb Code    38  stm32h7xx_hal_cortex.o(i.HAL_MPU_Disable)
    HAL_MPU_Enable                           0x08001301   Thumb Code    58  stm32h7xx_hal_cortex.o(i.HAL_MPU_Enable)
    HAL_MspInit                              0x08001341   Thumb Code     2  stm32h7xx_hal.o(i.HAL_MspInit)
    HAL_NVIC_EnableIRQ                       0x08001343   Thumb Code    32  stm32h7xx_hal_cortex.o(i.HAL_NVIC_EnableIRQ)
    HAL_NVIC_SetPriority                     0x08001363   Thumb Code   122  stm32h7xx_hal_cortex.o(i.HAL_NVIC_SetPriority)
    HAL_NVIC_SetPriorityGrouping             0x080013dd   Thumb Code    32  stm32h7xx_hal_cortex.o(i.HAL_NVIC_SetPriorityGrouping)
    HAL_PWREx_EnableUSBVoltageDetector       0x08001405   Thumb Code    14  stm32h7xx_hal_pwr_ex.o(i.HAL_PWREx_EnableUSBVoltageDetector)
    HAL_QSPI_Command                         0x08001419   Thumb Code   164  stm32h7xx_hal_qspi.o(i.HAL_QSPI_Command)
    HAL_QSPI_Init                            0x080014bd   Thumb Code   206  stm32h7xx_hal_qspi.o(i.HAL_QSPI_Init)
    HAL_QSPI_MspInit                         0x08001595   Thumb Code   232  qspi.o(i.HAL_QSPI_MspInit)
    HAL_QSPI_Receive                         0x0800168d   Thumb Code   228  stm32h7xx_hal_qspi.o(i.HAL_QSPI_Receive)
    HAL_QSPI_SetTimeout                      0x08001771   Thumb Code     4  stm32h7xx_hal_qspi.o(i.HAL_QSPI_SetTimeout)
    HAL_QSPI_Transmit                        0x08001775   Thumb Code   212  stm32h7xx_hal_qspi.o(i.HAL_QSPI_Transmit)
    HAL_RCCEx_GetD1SysClockFreq              0x08001849   Thumb Code    34  stm32h7xx_hal_rcc_ex.o(i.HAL_RCCEx_GetD1SysClockFreq)
    HAL_RCCEx_GetD3PCLK1Freq                 0x08001879   Thumb Code    26  stm32h7xx_hal_rcc_ex.o(i.HAL_RCCEx_GetD3PCLK1Freq)
    HAL_RCCEx_GetPLL2ClockFreq               0x0800189d   Thumb Code   536  stm32h7xx_hal_rcc_ex.o(i.HAL_RCCEx_GetPLL2ClockFreq)
    HAL_RCCEx_GetPLL3ClockFreq               0x08001acd   Thumb Code   536  stm32h7xx_hal_rcc_ex.o(i.HAL_RCCEx_GetPLL3ClockFreq)
    HAL_RCCEx_PeriphCLKConfig                0x08001cfd   Thumb Code  2842  stm32h7xx_hal_rcc_ex.o(i.HAL_RCCEx_PeriphCLKConfig)
    HAL_RCC_ClockConfig                      0x0800281d   Thumb Code   748  stm32h7xx_hal_rcc.o(i.HAL_RCC_ClockConfig)
    HAL_RCC_GetHCLKFreq                      0x08002b1d   Thumb Code    34  stm32h7xx_hal_rcc.o(i.HAL_RCC_GetHCLKFreq)
    HAL_RCC_GetPCLK1Freq                     0x08002b4d   Thumb Code    26  stm32h7xx_hal_rcc.o(i.HAL_RCC_GetPCLK1Freq)
    HAL_RCC_GetPCLK2Freq                     0x08002b71   Thumb Code    26  stm32h7xx_hal_rcc.o(i.HAL_RCC_GetPCLK2Freq)
    HAL_RCC_GetSysClockFreq                  0x08002b95   Thumb Code   524  stm32h7xx_hal_rcc.o(i.HAL_RCC_GetSysClockFreq)
    HAL_RCC_OscConfig                        0x08002dc1   Thumb Code  1910  stm32h7xx_hal_rcc.o(i.HAL_RCC_OscConfig)
    HAL_SRAM_Init                            0x08003541   Thumb Code   106  stm32h7xx_hal_sram.o(i.HAL_SRAM_Init)
    HAL_SRAM_MspInit                         0x080035b1   Thumb Code   140  lcd.o(i.HAL_SRAM_MspInit)
    HAL_SYSTICK_Config                       0x08003649   Thumb Code    52  stm32h7xx_hal_cortex.o(i.HAL_SYSTICK_Config)
    HAL_TIM_PWM_ConfigChannel                0x0800367d   Thumb Code   372  stm32h7xx_hal_tim.o(i.HAL_TIM_PWM_ConfigChannel)
    HAL_TIM_PWM_Init                         0x080037f1   Thumb Code    52  stm32h7xx_hal_tim.o(i.HAL_TIM_PWM_Init)
    HAL_TIM_PWM_MspInit                      0x08003825   Thumb Code     2  stm32h7xx_hal_tim.o(i.HAL_TIM_PWM_MspInit)
    HAL_TIM_PWM_Start                        0x08003829   Thumb Code   112  stm32h7xx_hal_tim.o(i.HAL_TIM_PWM_Start)
    HAL_TIM_PWM_Stop                         0x080038b1   Thumb Code   150  stm32h7xx_hal_tim.o(i.HAL_TIM_PWM_Stop)
    HAL_UARTEx_RxFifoFullCallback            0x0800395d   Thumb Code     2  stm32h7xx_hal_uart_ex.o(i.HAL_UARTEx_RxFifoFullCallback)
    HAL_UARTEx_TxFifoEmptyCallback           0x0800395f   Thumb Code     2  stm32h7xx_hal_uart_ex.o(i.HAL_UARTEx_TxFifoEmptyCallback)
    HAL_UARTEx_WakeupCallback                0x08003961   Thumb Code     2  stm32h7xx_hal_uart_ex.o(i.HAL_UARTEx_WakeupCallback)
    HAL_UART_ErrorCallback                   0x08003963   Thumb Code     2  stm32h7xx_hal_uart.o(i.HAL_UART_ErrorCallback)
    HAL_UART_IRQHandler                      0x08003965   Thumb Code   512  stm32h7xx_hal_uart.o(i.HAL_UART_IRQHandler)
    HAL_UART_Init                            0x08003b71   Thumb Code   120  stm32h7xx_hal_uart.o(i.HAL_UART_Init)
    HAL_UART_MspInit                         0x08003be9   Thumb Code   180  usart.o(i.HAL_UART_MspInit)
    HAL_UART_Receive_IT                      0x08003ca9   Thumb Code   300  stm32h7xx_hal_uart.o(i.HAL_UART_Receive_IT)
    HAL_UART_RxCpltCallback                  0x08003de5   Thumb Code   134  usart.o(i.HAL_UART_RxCpltCallback)
    HAL_UART_TxCpltCallback                  0x08003e81   Thumb Code     2  stm32h7xx_hal_uart.o(i.HAL_UART_TxCpltCallback)
    HardFault_Handler                        0x08003e83   Thumb Code     4  stm32h7xx_it.o(i.HardFault_Handler)
    MemManage_Handler                        0x08003e89   Thumb Code   102  mpu.o(i.MemManage_Handler)
    NMI_Handler                              0x08003f29   Thumb Code     2  stm32h7xx_it.o(i.NMI_Handler)
    PendSV_Handler                           0x08003f2b   Thumb Code     2  stm32h7xx_it.o(i.PendSV_Handler)
    SVC_Handler                              0x080045bd   Thumb Code     2  stm32h7xx_it.o(i.SVC_Handler)
    SysTick_Handler                          0x080045bf   Thumb Code     8  stm32h7xx_it.o(i.SysTick_Handler)
    SystemInit                               0x080045c9   Thumb Code   146  system_stm32h7xx.o(i.SystemInit)
    TIM_Base_SetConfig                       0x08004671   Thumb Code   170  stm32h7xx_hal_tim.o(i.TIM_Base_SetConfig)
    TIM_CCxChannelCmd                        0x0800473d   Thumb Code    34  stm32h7xx_hal_tim.o(i.TIM_CCxChannelCmd)
    TIM_OC2_SetConfig                        0x0800480d   Thumb Code   156  stm32h7xx_hal_tim.o(i.TIM_OC2_SetConfig)
    UART_AdvFeatureConfig                    0x08004ab9   Thumb Code   248  stm32h7xx_hal_uart.o(i.UART_AdvFeatureConfig)
    UART_CheckIdleState                      0x08004bb1   Thumb Code   116  stm32h7xx_hal_uart.o(i.UART_CheckIdleState)
    UART_SetConfig                           0x08004ecd   Thumb Code  5860  stm32h7xx_hal_uart.o(i.UART_SetConfig)
    UART_WaitOnFlagUntilTimeout              0x080065bd   Thumb Code   190  stm32h7xx_hal_uart.o(i.UART_WaitOnFlagUntilTimeout)
    USART1_IRQHandler                        0x0800667d   Thumb Code    10  usart.o(i.USART1_IRQHandler)
    UsageFault_Handler                       0x0800668d   Thumb Code     4  stm32h7xx_it.o(i.UsageFault_Handler)
    _is_digit                                0x080066c9   Thumb Code    14  __printf_wp.o(i._is_digit)
    _sys_exit                                0x080066d7   Thumb Code     4  usart.o(i._sys_exit)
    beep_init                                0x080066dd   Thumb Code    74  beep.o(i.beep_init)
    comp_buzzer_init                         0x08006731   Thumb Code     8  comp_buzzer.o(i.comp_buzzer_init)
    comp_buzzer_set                          0x08006739   Thumb Code    36  comp_buzzer.o(i.comp_buzzer_set)
    comp_hanzi_show_utf8                     0x080068bd   Thumb Code   196  comp_hanzi.o(i.comp_hanzi_show_utf8)
    comp_keys_init                           0x08006989   Thumb Code   154  comp_keys.o(i.comp_keys_init)
    comp_keys_poll_event                     0x08006a41   Thumb Code   170  comp_keys.o(i.comp_keys_poll_event)
    comp_keys_read_mask                      0x08006afd   Thumb Code     6  comp_keys.o(i.comp_keys_read_mask)
    comp_led_init                            0x08006b41   Thumb Code   180  comp_led.o(i.comp_led_init)
    comp_led_set                             0x08006c05   Thumb Code    42  comp_led.o(i.comp_led_set)
    comp_led_set_mask                        0x08006c39   Thumb Code    32  comp_led.o(i.comp_led_set_mask)
    comp_max7219_clear                       0x08006c59   Thumb Code    24  comp_max7219.o(i.comp_max7219_clear)
    comp_max7219_init                        0x08006c71   Thumb Code   216  comp_max7219.o(i.comp_max7219_init)
    comp_max7219_set_digit                   0x08006d59   Thumb Code    24  comp_max7219.o(i.comp_max7219_set_digit)
    comp_max7219_set_intensity               0x08006d71   Thumb Code    20  comp_max7219.o(i.comp_max7219_set_intensity)
    comp_max7219_show_fixed1                 0x08006d85   Thumb Code   188  comp_max7219.o(i.comp_max7219_show_fixed1)
    comp_nvm_init                            0x08006ed1   Thumb Code    28  comp_nvm.o(i.comp_nvm_init)
    comp_nvm_read                            0x08006ef1   Thumb Code    38  comp_nvm.o(i.comp_nvm_read)
    comp_nvm_write                           0x08006f1d   Thumb Code    36  comp_nvm.o(i.comp_nvm_write)
    comp_pwm_init                            0x08006f45   Thumb Code   274  comp_pwm.o(i.comp_pwm_init)
    comp_pwm_set_duty                        0x08007075   Thumb Code    44  comp_pwm.o(i.comp_pwm_set_duty)
    comp_pwm_stop                            0x080070ad   Thumb Code    84  comp_pwm.o(i.comp_pwm_stop)
    delay_init                               0x08007111   Thumb Code     6  delay.o(i.delay_init)
    delay_ms                                 0x0800711d   Thumb Code    18  delay.o(i.delay_ms)
    delay_us                                 0x08007131   Thumb Code    68  delay.o(i.delay_us)
    exam2025_init                            0x080071f5   Thumb Code   212  exam_2025.o(i.exam2025_init)
    exam2025_process                         0x08007469   Thumb Code    60  exam_2025.o(i.exam2025_process)
    exam2025_set_aa_tenths                   0x08007719   Thumb Code   126  exam_2025.o(i.exam2025_set_aa_tenths)
    exam2025_start_led_sequence              0x08007885   Thumb Code    40  exam_2025.o(i.exam2025_start_led_sequence)
    exam2025_uart_send_line                  0x080078bd   Thumb Code    20  exam_2025.o(i.exam2025_uart_send_line)
    fputc                                    0x080078d9   Thumb Code    22  usart.o(i.fputc)
    lcd_clear                                0x080078f5   Thumb Code    42  lcd.o(i.lcd_clear)
    lcd_display_dir                          0x08007929   Thumb Code   360  lcd.o(i.lcd_display_dir)
    lcd_draw_point                           0x08007a95   Thumb Code    26  lcd.o(i.lcd_draw_point)
    lcd_ex_ili9341_reginit                   0x08007ab5   Thumb Code   556  lcd.o(i.lcd_ex_ili9341_reginit)
    lcd_ex_ili9806_reginit                   0x08007ce1   Thumb Code   832  lcd.o(i.lcd_ex_ili9806_reginit)
    lcd_ex_nt35310_reginit                   0x08008021   Thumb Code  3826  lcd.o(i.lcd_ex_nt35310_reginit)
    lcd_ex_nt35510_reginit                   0x08008f13   Thumb Code  3836  lcd.o(i.lcd_ex_nt35510_reginit)
    lcd_ex_ssd1963_reginit                   0x08009e0f   Thumb Code   366  lcd.o(i.lcd_ex_ssd1963_reginit)
    lcd_ex_st7789_reginit                    0x08009f7d   Thumb Code   424  lcd.o(i.lcd_ex_st7789_reginit)
    lcd_ex_st7796_reginit                    0x0800a125   Thumb Code   454  lcd.o(i.lcd_ex_st7796_reginit)
    lcd_fill                                 0x0800a2ed   Thumb Code    80  lcd.o(i.lcd_fill)
    lcd_init                                 0x0800a341   Thumb Code  1290  lcd.o(i.lcd_init)
    lcd_scan_dir                             0x0800a87d   Thumb Code   568  lcd.o(i.lcd_scan_dir)
    lcd_set_cursor                           0x0800aab9   Thumb Code   282  lcd.o(i.lcd_set_cursor)
    lcd_show_char                            0x0800abd9   Thumb Code   294  lcd.o(i.lcd_show_char)
    lcd_show_string                          0x0800ad19   Thumb Code   106  lcd.o(i.lcd_show_string)
    lcd_ssd_backlight_set                    0x0800ad85   Thumb Code    72  lcd.o(i.lcd_ssd_backlight_set)
    lcd_wr_data                              0x0800add5   Thumb Code    18  lcd.o(i.lcd_wr_data)
    lcd_wr_regno                             0x0800aded   Thumb Code    18  lcd.o(i.lcd_wr_regno)
    lcd_write_ram_prepare                    0x0800ae05   Thumb Code    10  lcd.o(i.lcd_write_ram_prepare)
    lcd_write_reg                            0x0800ae19   Thumb Code    10  lcd.o(i.lcd_write_reg)
    led_init                                 0x0800ae29   Thumb Code   186  led.o(i.led_init)
    main                                     0x0800aef1   Thumb Code   108  competition_main.o(i.main)
    mpu_memory_protection                    0x0800af5d   Thumb Code   186  mpu.o(i.mpu_memory_protection)
    mpu_set_protection                       0x0800b017   Thumb Code    94  mpu.o(i.mpu_set_protection)
    norflash_erase_sector                    0x0800b075   Thumb Code    44  norflash.o(i.norflash_erase_sector)
    norflash_ex_read                         0x0800b1b9   Thumb Code    44  norflash_ex.o(i.norflash_ex_read)
    norflash_ex_read_id                      0x0800b1e5   Thumb Code    28  norflash_ex.o(i.norflash_ex_read_id)
    norflash_ex_write                        0x0800b201   Thumb Code    40  norflash_ex.o(i.norflash_ex_write)
    norflash_read                            0x0800b229   Thumb Code    46  norflash.o(i.norflash_read)
    norflash_read_id                         0x0800b25d   Thumb Code    56  norflash.o(i.norflash_read_id)
    norflash_read_sr                         0x0800b299   Thumb Code    68  norflash.o(i.norflash_read_sr)
    norflash_write                           0x0800b2f1   Thumb Code   180  norflash.o(i.norflash_write)
    norflash_write_enable                    0x0800b3a9   Thumb Code    16  norflash.o(i.norflash_write_enable)
    qspi_init                                0x0800b439   Thumb Code    56  qspi.o(i.qspi_init)
    qspi_receive                             0x0800b479   Thumb Code    36  qspi.o(i.qspi_receive)
    qspi_send_cmd                            0x0800b4a1   Thumb Code   250  qspi.o(i.qspi_send_cmd)
    qspi_transmit                            0x0800b5a1   Thumb Code    36  qspi.o(i.qspi_transmit)
    qspi_wait_flag                           0x0800b5c9   Thumb Code    48  qspi.o(i.qspi_wait_flag)
    sys_cache_enable                         0x0800b5fd   Thumb Code    24  sys.o(i.sys_cache_enable)
    sys_intx_disable                         0x0800b619   Thumb Code     4  sys.o(i.sys_intx_disable)
    sys_intx_enable                          0x0800b61d   Thumb Code     4  sys.o(i.sys_intx_enable)
    sys_qspi_enable_memmapmode               0x0800b621   Thumb Code   434  sys.o(i.sys_qspi_enable_memmapmode)
    sys_stm32_clock_init                     0x0800b7f9   Thumb Code   344  sys.o(i.sys_stm32_clock_init)
    usart_init                               0x0800b961   Thumb Code    44  usart.o(i.usart_init)
    _fp_init                                 0x0800b999   Thumb Code    10  fpinit.o(x$fpl$fpinit)
    __fplib_config_fpu_vfp                   0x0800b9a1   Thumb Code     0  fpinit.o(x$fpl$fpinit)
    __fplib_config_pureend_doubles           0x0800b9a1   Thumb Code     0  fpinit.o(x$fpl$fpinit)
    D1CorePrescTable                         0x0800b9a2   Data          16  system_stm32h7xx.o(.constdata)
    asc2_1206                                0x0800b9b2   Data        1140  lcd.o(.constdata)
    asc2_1608                                0x0800be26   Data        1520  lcd.o(.constdata)
    asc2_2412                                0x0800c416   Data        3420  lcd.o(.constdata)
    asc2_3216                                0x0800d172   Data       12160  lcd.o(.constdata)
    Region$$Table$$Base                      0x08010b54   Number         0  anon$$obj.o(Region$$Table)
    Region$$Table$$Limit                     0x08010b74   Number         0  anon$$obj.o(Region$$Table)
    SystemCoreClock                          0x20000014   Data           4  system_stm32h7xx.o(.data)
    SystemD2Clock                            0x20000018   Data           4  system_stm32h7xx.o(.data)
    __stdout                                 0x20000020   Data           4  usart.o(.data)
    g_usart_rx_sta                           0x20000024   Data           2  usart.o(.data)
    g_rx_buffer                              0x20000026   Data           1  usart.o(.data)
    uwTick                                   0x20000028   Data           4  stm32h7xx_hal.o(.data)
    uwTickPrio                               0x2000002c   Data           4  stm32h7xx_hal.o(.data)
    uwTickFreq                               0x20000030   Data           1  stm32h7xx_hal.o(.data)
    g_point_color                            0x20000034   Data           4  lcd.o(.data)
    g_back_color                             0x20000038   Data           4  lcd.o(.data)
    g_norflash_type                          0x2000003c   Data           2  norflash.o(.data)
    g_norflash_addrw                         0x2000003e   Data           1  norflash.o(.data)
    g_usart_rx_buf                           0x2000006c   Data         200  usart.o(.bss)
    g_uart1_handle                           0x20000134   Data         140  usart.o(.bss)
    g_sram_handle                            0x200001c0   Data          76  lcd.o(.bss)
    lcddev                                   0x2000020c   Data          14  lcd.o(.bss)
    g_qspi_handle                            0x2000021c   Data          76  qspi.o(.bss)
    g_norflash_buf                           0x20000268   Data        4096  norflash.o(.bss)
    __libspace_start                         0x200012b8   Data          96  libspace.o(.bss)
    __temporary_stack_top$libspace           0x20001318   Data           0  libspace.o(.bss)



==============================================================================

Memory Map of the image

  Image Entry point : 0x0800034d

  Load Region LR_1 (Base: 0x08000000, Size: 0x00010be0, Max: 0xffffffff, ABSOLUTE)

    Execution Region ER_RO (Exec base: 0x08000000, Load base: 0x08000000, Size: 0x00010b74, Max: 0xffffffff, ABSOLUTE)

    Exec Addr    Load Addr    Size         Type   Attr      Idx    E Section Name        Object

    0x08000000   0x08000000   0x00000298   Data   RO            3    RESET               startup_stm32h750xx.o
    0x08000298   0x08000298   0x00000008   Code   RO         6315  * !!!main             c_w.l(__main.o)
    0x080002a0   0x080002a0   0x00000034   Code   RO         6496    !!!scatter          c_w.l(__scatter.o)
    0x080002d4   0x080002d4   0x0000001a   Code   RO         6498    !!handler_copy      c_w.l(__scatter_copy.o)
    0x080002ee   0x080002ee   0x00000002   PAD
    0x080002f0   0x080002f0   0x0000001c   Code   RO         6500    !!handler_zi        c_w.l(__scatter_zi.o)
    0x0800030c   0x0800030c   0x00000000   Code   RO         6306    .ARM.Collect$$_printf_percent$$00000000  c_w.l(_printf_percent.o)
    0x0800030c   0x0800030c   0x00000006   Code   RO         6305    .ARM.Collect$$_printf_percent$$0000000A  c_w.l(_printf_u.o)
    0x08000312   0x08000312   0x00000006   Code   RO         6304    .ARM.Collect$$_printf_percent$$0000000C  c_w.l(_printf_x.o)
    0x08000318   0x08000318   0x00000006   Code   RO         6303    .ARM.Collect$$_printf_percent$$00000014  c_w.l(_printf_s.o)
    0x0800031e   0x0800031e   0x00000004   Code   RO         6336    .ARM.Collect$$_printf_percent$$00000017  c_w.l(_printf_percent_end.o)
    0x08000322   0x08000322   0x00000002   Code   RO         6373    .ARM.Collect$$libinit$$00000000  c_w.l(libinit.o)
    0x08000324   0x08000324   0x00000004   Code   RO         6385    .ARM.Collect$$libinit$$00000001  c_w.l(libinit2.o)
    0x08000328   0x08000328   0x00000000   Code   RO         6388    .ARM.Collect$$libinit$$00000004  c_w.l(libinit2.o)
    0x08000328   0x08000328   0x00000000   Code   RO         6391    .ARM.Collect$$libinit$$0000000A  c_w.l(libinit2.o)
    0x08000328   0x08000328   0x00000000   Code   RO         6393    .ARM.Collect$$libinit$$0000000C  c_w.l(libinit2.o)
    0x08000328   0x08000328   0x00000000   Code   RO         6395    .ARM.Collect$$libinit$$0000000E  c_w.l(libinit2.o)
    0x08000328   0x08000328   0x00000000   Code   RO         6398    .ARM.Collect$$libinit$$00000011  c_w.l(libinit2.o)
    0x08000328   0x08000328   0x00000000   Code   RO         6400    .ARM.Collect$$libinit$$00000013  c_w.l(libinit2.o)
    0x08000328   0x08000328   0x00000000   Code   RO         6402    .ARM.Collect$$libinit$$00000015  c_w.l(libinit2.o)
    0x08000328   0x08000328   0x00000000   Code   RO         6404    .ARM.Collect$$libinit$$00000017  c_w.l(libinit2.o)
    0x08000328   0x08000328   0x00000000   Code   RO         6406    .ARM.Collect$$libinit$$00000019  c_w.l(libinit2.o)
    0x08000328   0x08000328   0x00000000   Code   RO         6408    .ARM.Collect$$libinit$$0000001B  c_w.l(libinit2.o)
    0x08000328   0x08000328   0x00000000   Code   RO         6410    .ARM.Collect$$libinit$$0000001D  c_w.l(libinit2.o)
    0x08000328   0x08000328   0x00000000   Code   RO         6412    .ARM.Collect$$libinit$$0000001F  c_w.l(libinit2.o)
    0x08000328   0x08000328   0x00000000   Code   RO         6414    .ARM.Collect$$libinit$$00000021  c_w.l(libinit2.o)
    0x08000328   0x08000328   0x00000000   Code   RO         6416    .ARM.Collect$$libinit$$00000023  c_w.l(libinit2.o)
    0x08000328   0x08000328   0x00000000   Code   RO         6418    .ARM.Collect$$libinit$$00000025  c_w.l(libinit2.o)
    0x08000328   0x08000328   0x00000000   Code   RO         6422    .ARM.Collect$$libinit$$0000002C  c_w.l(libinit2.o)
    0x08000328   0x08000328   0x00000000   Code   RO         6424    .ARM.Collect$$libinit$$0000002E  c_w.l(libinit2.o)
    0x08000328   0x08000328   0x00000000   Code   RO         6426    .ARM.Collect$$libinit$$00000030  c_w.l(libinit2.o)
    0x08000328   0x08000328   0x00000000   Code   RO         6428    .ARM.Collect$$libinit$$00000032  c_w.l(libinit2.o)
    0x08000328   0x08000328   0x00000002   Code   RO         6429    .ARM.Collect$$libinit$$00000033  c_w.l(libinit2.o)
    0x0800032a   0x0800032a   0x00000002   Code   RO         6453    .ARM.Collect$$libshutdown$$00000000  c_w.l(libshutdown.o)
    0x0800032c   0x0800032c   0x00000000   Code   RO         6477    .ARM.Collect$$libshutdown$$00000002  c_w.l(libshutdown2.o)
    0x0800032c   0x0800032c   0x00000000   Code   RO         6479    .ARM.Collect$$libshutdown$$00000004  c_w.l(libshutdown2.o)
    0x0800032c   0x0800032c   0x00000000   Code   RO         6481    .ARM.Collect$$libshutdown$$00000006  c_w.l(libshutdown2.o)
    0x0800032c   0x0800032c   0x00000000   Code   RO         6484    .ARM.Collect$$libshutdown$$00000009  c_w.l(libshutdown2.o)
    0x0800032c   0x0800032c   0x00000000   Code   RO         6487    .ARM.Collect$$libshutdown$$0000000C  c_w.l(libshutdown2.o)
    0x0800032c   0x0800032c   0x00000000   Code   RO         6489    .ARM.Collect$$libshutdown$$0000000E  c_w.l(libshutdown2.o)
    0x0800032c   0x0800032c   0x00000000   Code   RO         6492    .ARM.Collect$$libshutdown$$00000011  c_w.l(libshutdown2.o)
    0x0800032c   0x0800032c   0x00000002   Code   RO         6493    .ARM.Collect$$libshutdown$$00000012  c_w.l(libshutdown2.o)
    0x0800032e   0x0800032e   0x00000000   Code   RO         6319    .ARM.Collect$$rtentry$$00000000  c_w.l(__rtentry.o)
    0x0800032e   0x0800032e   0x00000000   Code   RO         6338    .ARM.Collect$$rtentry$$00000002  c_w.l(__rtentry2.o)
    0x0800032e   0x0800032e   0x00000006   Code   RO         6350    .ARM.Collect$$rtentry$$00000004  c_w.l(__rtentry4.o)
    0x08000334   0x08000334   0x00000000   Code   RO         6340    .ARM.Collect$$rtentry$$00000009  c_w.l(__rtentry2.o)
    0x08000334   0x08000334   0x00000004   Code   RO         6341    .ARM.Collect$$rtentry$$0000000A  c_w.l(__rtentry2.o)
    0x08000338   0x08000338   0x00000000   Code   RO         6343    .ARM.Collect$$rtentry$$0000000C  c_w.l(__rtentry2.o)
    0x08000338   0x08000338   0x00000008   Code   RO         6344    .ARM.Collect$$rtentry$$0000000D  c_w.l(__rtentry2.o)
    0x08000340   0x08000340   0x00000002   Code   RO         6377    .ARM.Collect$$rtexit$$00000000  c_w.l(rtexit.o)
    0x08000342   0x08000342   0x00000000   Code   RO         6431    .ARM.Collect$$rtexit$$00000002  c_w.l(rtexit2.o)
    0x08000342   0x08000342   0x00000004   Code   RO         6432    .ARM.Collect$$rtexit$$00000003  c_w.l(rtexit2.o)
    0x08000346   0x08000346   0x00000006   Code   RO         6433    .ARM.Collect$$rtexit$$00000004  c_w.l(rtexit2.o)
    0x0800034c   0x0800034c   0x00000040   Code   RO            4  * .text               startup_stm32h750xx.o
    0x0800038c   0x0800038c   0x00000002   Code   RO         6238    .text               c_w.l(use_no_semi_2.o)
    0x0800038e   0x0800038e   0x000000ee   Code   RO         6240    .text               c_w.l(lludivv7m.o)
    0x0800047c   0x0800047c   0x00000018   Code   RO         6248    .text               c_w.l(noretval__2printf.o)
    0x08000494   0x08000494   0x00000034   Code   RO         6252    .text               c_w.l(noretval__2snprintf.o)
    0x080004c8   0x080004c8   0x00000052   Code   RO         6258    .text               c_w.l(_printf_str.o)
    0x0800051a   0x0800051a   0x00000002   PAD
    0x0800051c   0x0800051c   0x00000078   Code   RO         6260    .text               c_w.l(_printf_dec.o)
    0x08000594   0x08000594   0x00000058   Code   RO         6265    .text               c_w.l(_printf_hex_int.o)
    0x080005ec   0x080005ec   0x00000188   Code   RO         6300    .text               c_w.l(__printf_flags_ss_wp.o)
    0x08000774   0x08000774   0x0000008a   Code   RO         6307    .text               c_w.l(rt_memcpy_v6.o)
    0x080007fe   0x080007fe   0x00000064   Code   RO         6309    .text               c_w.l(rt_memcpy_w.o)
    0x08000862   0x08000862   0x0000004e   Code   RO         6311    .text               c_w.l(rt_memclr_w.o)
    0x080008b0   0x080008b0   0x00000006   Code   RO         6313    .text               c_w.l(heapauxi.o)
    0x080008b6   0x080008b6   0x00000002   Code   RO         6317    .text               c_w.l(use_no_semi.o)
    0x080008b8   0x080008b8   0x000000b2   Code   RO         6324    .text               c_w.l(_printf_intcommon.o)
    0x0800096a   0x0800096a   0x00000002   PAD
    0x0800096c   0x0800096c   0x00000030   Code   RO         6326    .text               c_w.l(_printf_char_common.o)
    0x0800099c   0x0800099c   0x0000000a   Code   RO         6328    .text               c_w.l(_sputc.o)
    0x080009a6   0x080009a6   0x00000010   Code   RO         6330    .text               c_w.l(_snputc.o)
    0x080009b6   0x080009b6   0x0000002c   Code   RO         6332    .text               c_w.l(_printf_char.o)
    0x080009e2   0x080009e2   0x00000002   PAD
    0x080009e4   0x080009e4   0x00000024   Code   RO         6334    .text               c_w.l(_printf_char_file.o)
    0x08000a08   0x08000a08   0x00000008   Code   RO         6356    .text               c_w.l(ferror.o)
    0x08000a10   0x08000a10   0x0000004a   Code   RO         6360    .text               c_w.l(sys_stackheap_outer.o)
    0x08000a5a   0x08000a5a   0x00000012   Code   RO         6362    .text               c_w.l(exit.o)
    0x08000a6c   0x08000a6c   0x00000008   Code   RO         6374    .text               c_w.l(libspace.o)
    0x08000a74   0x08000a74   0x00000004   Code   RO          517    i.BusFault_Handler  stm32h7xx_it.o
    0x08000a78   0x08000a78   0x00000002   Code   RO          518    i.DebugMon_Handler  stm32h7xx_it.o
    0x08000a7a   0x08000a7a   0x00000002   PAD
    0x08000a7c   0x08000a7c   0x00000044   Code   RO         3289    i.FMC_NORSRAM_Extended_Timing_Init  stm32h7xx_ll_fmc.o
    0x08000ac0   0x08000ac0   0x00000098   Code   RO         3290    i.FMC_NORSRAM_Init  stm32h7xx_ll_fmc.o
    0x08000b58   0x08000b58   0x00000066   Code   RO         3291    i.FMC_NORSRAM_Timing_Init  stm32h7xx_ll_fmc.o
    0x08000bbe   0x08000bbe   0x00000002   PAD
    0x08000bc0   0x08000bc0   0x00000398   Code   RO         1315    i.HAL_DMA_Abort_IT  stm32h7xx_hal_dma.o
    0x08000f58   0x08000f58   0x00000014   Code   RO          843    i.HAL_EnableCompensationCell  stm32h7xx_hal.o
    0x08000f6c   0x08000f6c   0x00000208   Code   RO         1428    i.HAL_GPIO_Init     stm32h7xx_hal_gpio.o
    0x08001174   0x08001174   0x00000010   Code   RO         1430    i.HAL_GPIO_ReadPin  stm32h7xx_hal_gpio.o
    0x08001184   0x08001184   0x0000000c   Code   RO         1432    i.HAL_GPIO_WritePin  stm32h7xx_hal_gpio.o
    0x08001190   0x08001190   0x0000000c   Code   RO          849    i.HAL_GetREVID      stm32h7xx_hal.o
    0x0800119c   0x0800119c   0x0000000c   Code   RO          850    i.HAL_GetTick       stm32h7xx_hal.o
    0x080011a8   0x080011a8   0x00000018   Code   RO          856    i.HAL_IncTick       stm32h7xx_hal.o
    0x080011c0   0x080011c0   0x00000060   Code   RO          857    i.HAL_Init          stm32h7xx_hal.o
    0x08001220   0x08001220   0x00000058   Code   RO          858    i.HAL_InitTick      stm32h7xx_hal.o
    0x08001278   0x08001278   0x0000005c   Code   RO         1164    i.HAL_MPU_ConfigRegion  stm32h7xx_hal_cortex.o
    0x080012d4   0x080012d4   0x0000002c   Code   RO         1165    i.HAL_MPU_Disable   stm32h7xx_hal_cortex.o
    0x08001300   0x08001300   0x00000040   Code   RO         1166    i.HAL_MPU_Enable    stm32h7xx_hal_cortex.o
    0x08001340   0x08001340   0x00000002   Code   RO          860    i.HAL_MspInit       stm32h7xx_hal.o
    0x08001342   0x08001342   0x00000020   Code   RO         1169    i.HAL_NVIC_EnableIRQ  stm32h7xx_hal_cortex.o
    0x08001362   0x08001362   0x0000007a   Code   RO         1175    i.HAL_NVIC_SetPriority  stm32h7xx_hal_cortex.o
    0x080013dc   0x080013dc   0x00000028   Code   RO         1176    i.HAL_NVIC_SetPriorityGrouping  stm32h7xx_hal_cortex.o
    0x08001404   0x08001404   0x00000014   Code   RO         1633    i.HAL_PWREx_EnableUSBVoltageDetector  stm32h7xx_hal_pwr_ex.o
    0x08001418   0x08001418   0x000000a4   Code   RO         3963    i.HAL_QSPI_Command  stm32h7xx_hal_qspi.o
    0x080014bc   0x080014bc   0x000000d8   Code   RO         3972    i.HAL_QSPI_Init     stm32h7xx_hal_qspi.o
    0x08001594   0x08001594   0x000000f8   Code   RO         5622    i.HAL_QSPI_MspInit  qspi.o
    0x0800168c   0x0800168c   0x000000e4   Code   RO         3976    i.HAL_QSPI_Receive  stm32h7xx_hal_qspi.o
    0x08001770   0x08001770   0x00000004   Code   RO         3982    i.HAL_QSPI_SetTimeout  stm32h7xx_hal_qspi.o
    0x08001774   0x08001774   0x000000d4   Code   RO         3985    i.HAL_QSPI_Transmit  stm32h7xx_hal_qspi.o
    0x08001848   0x08001848   0x00000030   Code   RO         1983    i.HAL_RCCEx_GetD1SysClockFreq  stm32h7xx_hal_rcc_ex.o
    0x08001878   0x08001878   0x00000024   Code   RO         1984    i.HAL_RCCEx_GetD3PCLK1Freq  stm32h7xx_hal_rcc_ex.o
    0x0800189c   0x0800189c   0x00000230   Code   RO         1986    i.HAL_RCCEx_GetPLL2ClockFreq  stm32h7xx_hal_rcc_ex.o
    0x08001acc   0x08001acc   0x00000230   Code   RO         1987    i.HAL_RCCEx_GetPLL3ClockFreq  stm32h7xx_hal_rcc_ex.o
    0x08001cfc   0x08001cfc   0x00000b20   Code   RO         1991    i.HAL_RCCEx_PeriphCLKConfig  stm32h7xx_hal_rcc_ex.o
    0x0800281c   0x0800281c   0x00000300   Code   RO         1870    i.HAL_RCC_ClockConfig  stm32h7xx_hal_rcc.o
    0x08002b1c   0x08002b1c   0x00000030   Code   RO         1875    i.HAL_RCC_GetHCLKFreq  stm32h7xx_hal_rcc.o
    0x08002b4c   0x08002b4c   0x00000024   Code   RO         1877    i.HAL_RCC_GetPCLK1Freq  stm32h7xx_hal_rcc.o
    0x08002b70   0x08002b70   0x00000024   Code   RO         1878    i.HAL_RCC_GetPCLK2Freq  stm32h7xx_hal_rcc.o
    0x08002b94   0x08002b94   0x0000022c   Code   RO         1879    i.HAL_RCC_GetSysClockFreq  stm32h7xx_hal_rcc.o
    0x08002dc0   0x08002dc0   0x00000780   Code   RO         1882    i.HAL_RCC_OscConfig  stm32h7xx_hal_rcc.o
    0x08003540   0x08003540   0x00000070   Code   RO         3150    i.HAL_SRAM_Init     stm32h7xx_hal_sram.o
    0x080035b0   0x080035b0   0x00000098   Code   RO         5246    i.HAL_SRAM_MspInit  lcd.o
    0x08003648   0x08003648   0x00000034   Code   RO         1180    i.HAL_SYSTICK_Config  stm32h7xx_hal_cortex.o
    0x0800367c   0x0800367c   0x00000174   Code   RO         4268    i.HAL_TIM_PWM_ConfigChannel  stm32h7xx_hal_tim.o
    0x080037f0   0x080037f0   0x00000034   Code   RO         4271    i.HAL_TIM_PWM_Init  stm32h7xx_hal_tim.o
    0x08003824   0x08003824   0x00000002   Code   RO         4273    i.HAL_TIM_PWM_MspInit  stm32h7xx_hal_tim.o
    0x08003826   0x08003826   0x00000002   PAD
    0x08003828   0x08003828   0x00000088   Code   RO         4276    i.HAL_TIM_PWM_Start  stm32h7xx_hal_tim.o
    0x080038b0   0x080038b0   0x000000ac   Code   RO         4279    i.HAL_TIM_PWM_Stop  stm32h7xx_hal_tim.o
    0x0800395c   0x0800395c   0x00000002   Code   RO         2542    i.HAL_UARTEx_RxFifoFullCallback  stm32h7xx_hal_uart_ex.o
    0x0800395e   0x0800395e   0x00000002   Code   RO         2546    i.HAL_UARTEx_TxFifoEmptyCallback  stm32h7xx_hal_uart_ex.o
    0x08003960   0x08003960   0x00000002   Code   RO         2547    i.HAL_UARTEx_WakeupCallback  stm32h7xx_hal_uart_ex.o
    0x08003962   0x08003962   0x00000002   Code   RO         2161    i.HAL_UART_ErrorCallback  stm32h7xx_hal_uart.o
    0x08003964   0x08003964   0x0000020c   Code   RO         2164    i.HAL_UART_IRQHandler  stm32h7xx_hal_uart.o
    0x08003b70   0x08003b70   0x00000078   Code   RO         2165    i.HAL_UART_Init     stm32h7xx_hal_uart.o
    0x08003be8   0x08003be8   0x000000c0   Code   RO          750    i.HAL_UART_MspInit  usart.o
    0x08003ca8   0x08003ca8   0x0000013c   Code   RO         2170    i.HAL_UART_Receive_IT  stm32h7xx_hal_uart.o
    0x08003de4   0x08003de4   0x0000009c   Code   RO          751    i.HAL_UART_RxCpltCallback  usart.o
    0x08003e80   0x08003e80   0x00000002   Code   RO         2177    i.HAL_UART_TxCpltCallback  stm32h7xx_hal_uart.o
    0x08003e82   0x08003e82   0x00000004   Code   RO          519    i.HardFault_Handler  stm32h7xx_it.o
    0x08003e86   0x08003e86   0x00000002   PAD
    0x08003e88   0x08003e88   0x000000a0   Code   RO         5206    i.MemManage_Handler  mpu.o
    0x08003f28   0x08003f28   0x00000002   Code   RO          520    i.NMI_Handler       stm32h7xx_it.o
    0x08003f2a   0x08003f2a   0x00000002   Code   RO          521    i.PendSV_Handler    stm32h7xx_it.o
    0x08003f2c   0x08003f2c   0x000001e8   Code   RO         3989    i.QSPI_Config       stm32h7xx_hal_qspi.o
    0x08004114   0x08004114   0x0000004c   Code   RO         3994    i.QSPI_WaitFlagStateUntilTimeout  stm32h7xx_hal_qspi.o
    0x08004160   0x08004160   0x00000164   Code   RO         1994    i.RCCEx_PLL2_Config  stm32h7xx_hal_rcc_ex.o
    0x080042c4   0x080042c4   0x00000164   Code   RO         1995    i.RCCEx_PLL3_Config  stm32h7xx_hal_rcc_ex.o
    0x08004428   0x08004428   0x0000009c   Code   RO          667    i.SCB_EnableDCache  sys.o
    0x080044c4   0x080044c4   0x0000007c   Code   RO          668    i.SCB_EnableICache  sys.o
    0x08004540   0x08004540   0x0000007c   Code   RO         5793    i.SCB_InvalidateDCache  norflash_ex.o
    0x080045bc   0x080045bc   0x00000002   Code   RO          522    i.SVC_Handler       stm32h7xx_it.o
    0x080045be   0x080045be   0x00000008   Code   RO          523    i.SysTick_Handler   stm32h7xx_it.o
    0x080045c6   0x080045c6   0x00000002   PAD
    0x080045c8   0x080045c8   0x000000a8   Code   RO          587    i.SystemInit        system_stm32h7xx.o
    0x08004670   0x08004670   0x000000cc   Code   RO         4289    i.TIM_Base_SetConfig  stm32h7xx_hal_tim.o
    0x0800473c   0x0800473c   0x00000022   Code   RO         4290    i.TIM_CCxChannelCmd  stm32h7xx_hal_tim.o
    0x0800475e   0x0800475e   0x00000002   PAD
    0x08004760   0x08004760   0x000000ac   Code   RO         4302    i.TIM_OC1_SetConfig  stm32h7xx_hal_tim.o
    0x0800480c   0x0800480c   0x000000b4   Code   RO         4303    i.TIM_OC2_SetConfig  stm32h7xx_hal_tim.o
    0x080048c0   0x080048c0   0x000000b0   Code   RO         4304    i.TIM_OC3_SetConfig  stm32h7xx_hal_tim.o
    0x08004970   0x08004970   0x00000070   Code   RO         4305    i.TIM_OC4_SetConfig  stm32h7xx_hal_tim.o
    0x080049e0   0x080049e0   0x0000006c   Code   RO         4306    i.TIM_OC5_SetConfig  stm32h7xx_hal_tim.o
    0x08004a4c   0x08004a4c   0x0000006c   Code   RO         4307    i.TIM_OC6_SetConfig  stm32h7xx_hal_tim.o
    0x08004ab8   0x08004ab8   0x000000f8   Code   RO         2179    i.UART_AdvFeatureConfig  stm32h7xx_hal_uart.o
    0x08004bb0   0x08004bb0   0x00000074   Code   RO         2180    i.UART_CheckIdleState  stm32h7xx_hal_uart.o
    0x08004c24   0x08004c24   0x00000018   Code   RO         2181    i.UART_DMAAbortOnError  stm32h7xx_hal_uart.o
    0x08004c3c   0x08004c3c   0x00000028   Code   RO         2191    i.UART_EndRxTransfer  stm32h7xx_hal_uart.o
    0x08004c64   0x08004c64   0x00000022   Code   RO         2192    i.UART_EndTransmit_IT  stm32h7xx_hal_uart.o
    0x08004c86   0x08004c86   0x00000070   Code   RO         2194    i.UART_RxISR_16BIT  stm32h7xx_hal_uart.o
    0x08004cf6   0x08004cf6   0x00000002   PAD
    0x08004cf8   0x08004cf8   0x000000b4   Code   RO         2195    i.UART_RxISR_16BIT_FIFOEN  stm32h7xx_hal_uart.o
    0x08004dac   0x08004dac   0x0000006c   Code   RO         2196    i.UART_RxISR_8BIT   stm32h7xx_hal_uart.o
    0x08004e18   0x08004e18   0x000000b4   Code   RO         2197    i.UART_RxISR_8BIT_FIFOEN  stm32h7xx_hal_uart.o
    0x08004ecc   0x08004ecc   0x000016f0   Code   RO         2198    i.UART_SetConfig    stm32h7xx_hal_uart.o
    0x080065bc   0x080065bc   0x000000be   Code   RO         2203    i.UART_WaitOnFlagUntilTimeout  stm32h7xx_hal_uart.o
    0x0800667a   0x0800667a   0x00000002   PAD
    0x0800667c   0x0800667c   0x00000010   Code   RO          752    i.USART1_IRQHandler  usart.o
    0x0800668c   0x0800668c   0x00000004   Code   RO          524    i.UsageFault_Handler  stm32h7xx_it.o
    0x08006690   0x08006690   0x00000010   Code   RO         1182    i.__NVIC_GetPriorityGrouping  stm32h7xx_hal_cortex.o
    0x080066a0   0x080066a0   0x00000028   Code   RO         1183    i.__NVIC_SetPriority  stm32h7xx_hal_cortex.o
    0x080066c8   0x080066c8   0x0000000e   Code   RO         6293    i._is_digit         c_w.l(__printf_wp.o)
    0x080066d6   0x080066d6   0x00000004   Code   RO          754    i._sys_exit         usart.o
    0x080066da   0x080066da   0x00000002   PAD
    0x080066dc   0x080066dc   0x00000054   Code   RO         5507    i.beep_init         beep.o
    0x08006730   0x08006730   0x00000008   Code   RO         5955    i.comp_buzzer_init  comp_buzzer.o
    0x08006738   0x08006738   0x00000028   Code   RO         5956    i.comp_buzzer_set   comp_buzzer.o
    0x08006760   0x08006760   0x00000084   Code   RO         6187    i.comp_hanzi_decode_utf8  comp_hanzi.o
    0x080067e4   0x080067e4   0x00000052   Code   RO         6188    i.comp_hanzi_draw_glyph  comp_hanzi.o
    0x08006836   0x08006836   0x00000056   Code   RO         6189    i.comp_hanzi_draw_missing  comp_hanzi.o
    0x0800688c   0x0800688c   0x00000030   Code   RO         6190    i.comp_hanzi_find   comp_hanzi.o
    0x080068bc   0x080068bc   0x000000cc   Code   RO         6192    i.comp_hanzi_show_utf8  comp_hanzi.o
    0x08006988   0x08006988   0x000000b8   Code   RO         5909    i.comp_keys_init    comp_keys.o
    0x08006a40   0x08006a40   0x000000bc   Code   RO         5910    i.comp_keys_poll_event  comp_keys.o
    0x08006afc   0x08006afc   0x0000000c   Code   RO         5911    i.comp_keys_read_mask  comp_keys.o
    0x08006b08   0x08006b08   0x00000038   Code   RO         5912    i.comp_keys_sample  comp_keys.o
    0x08006b40   0x08006b40   0x000000c4   Code   RO         5864    i.comp_led_init     comp_led.o
    0x08006c04   0x08006c04   0x00000034   Code   RO         5865    i.comp_led_set      comp_led.o
    0x08006c38   0x08006c38   0x00000020   Code   RO         5866    i.comp_led_set_mask  comp_led.o
    0x08006c58   0x08006c58   0x00000018   Code   RO         6128    i.comp_max7219_clear  comp_max7219.o
    0x08006c70   0x08006c70   0x000000e8   Code   RO         6129    i.comp_max7219_init  comp_max7219.o
    0x08006d58   0x08006d58   0x00000018   Code   RO         6130    i.comp_max7219_set_digit  comp_max7219.o
    0x08006d70   0x08006d70   0x00000014   Code   RO         6131    i.comp_max7219_set_intensity  comp_max7219.o
    0x08006d84   0x08006d84   0x000000c4   Code   RO         6132    i.comp_max7219_show_fixed1  comp_max7219.o
    0x08006e48   0x08006e48   0x00000064   Code   RO         6134    i.comp_max7219_write  comp_max7219.o
    0x08006eac   0x08006eac   0x00000022   Code   RO         6030    i.comp_nvm_id_is_valid  comp_nvm.o
    0x08006ece   0x08006ece   0x00000002   PAD
    0x08006ed0   0x08006ed0   0x00000020   Code   RO         6031    i.comp_nvm_init     comp_nvm.o
    0x08006ef0   0x08006ef0   0x0000002c   Code   RO         6032    i.comp_nvm_read     comp_nvm.o
    0x08006f1c   0x08006f1c   0x00000028   Code   RO         6033    i.comp_nvm_write    comp_nvm.o
    0x08006f44   0x08006f44   0x00000130   Code   RO         5990    i.comp_pwm_init     comp_pwm.o
    0x08007074   0x08007074   0x00000038   Code   RO         5991    i.comp_pwm_set_duty  comp_pwm.o
    0x080070ac   0x080070ac   0x00000064   Code   RO         5992    i.comp_pwm_stop     comp_pwm.o
    0x08007110   0x08007110   0x0000000c   Code   RO          624    i.delay_init        delay.o
    0x0800711c   0x0800711c   0x00000012   Code   RO          625    i.delay_ms          delay.o
    0x0800712e   0x0800712e   0x00000002   PAD
    0x08007130   0x08007130   0x00000048   Code   RO          626    i.delay_us          delay.o
    0x08007178   0x08007178   0x0000007c   Code   RO          385    i.exam2025_format_aa  exam_2025.o
    0x080071f4   0x080071f4   0x000001c8   Code   RO          387    i.exam2025_init     exam_2025.o
    0x080073bc   0x080073bc   0x00000094   Code   RO          388    i.exam2025_load_aa  exam_2025.o
    0x08007450   0x08007450   0x00000016   Code   RO          389    i.exam2025_nvm_checksum  exam_2025.o
    0x08007466   0x08007466   0x00000002   PAD
    0x08007468   0x08007468   0x00000040   Code   RO          390    i.exam2025_process  exam_2025.o
    0x080074a8   0x080074a8   0x00000060   Code   RO          391    i.exam2025_process_breathing_led  exam_2025.o
    0x08007508   0x08007508   0x00000064   Code   RO          392    i.exam2025_process_key  exam_2025.o
    0x0800756c   0x0800756c   0x0000008c   Code   RO          393    i.exam2025_process_leds  exam_2025.o
    0x080075f8   0x080075f8   0x00000080   Code   RO          394    i.exam2025_process_uart  exam_2025.o
    0x08007678   0x08007678   0x0000004c   Code   RO          395    i.exam2025_process_uart_line  exam_2025.o
    0x080076c4   0x080076c4   0x00000054   Code   RO          396    i.exam2025_save_aa  exam_2025.o
    0x08007718   0x08007718   0x000000a4   Code   RO          397    i.exam2025_set_aa_tenths  exam_2025.o
    0x080077bc   0x080077bc   0x0000005c   Code   RO          398    i.exam2025_show_aa  exam_2025.o
    0x08007818   0x08007818   0x0000003c   Code   RO          399    i.exam2025_show_send_success  exam_2025.o
    0x08007854   0x08007854   0x00000030   Code   RO          400    i.exam2025_show_uart_status  exam_2025.o
    0x08007884   0x08007884   0x00000038   Code   RO          401    i.exam2025_start_led_sequence  exam_2025.o
    0x080078bc   0x080078bc   0x0000001c   Code   RO          402    i.exam2025_uart_send_line  exam_2025.o
    0x080078d8   0x080078d8   0x0000001c   Code   RO          756    i.fputc             usart.o
    0x080078f4   0x080078f4   0x00000034   Code   RO         5247    i.lcd_clear         lcd.o
    0x08007928   0x08007928   0x0000016c   Code   RO         5249    i.lcd_display_dir   lcd.o
    0x08007a94   0x08007a94   0x00000020   Code   RO         5255    i.lcd_draw_point    lcd.o
    0x08007ab4   0x08007ab4   0x0000022c   Code   RO         5257    i.lcd_ex_ili9341_reginit  lcd.o
    0x08007ce0   0x08007ce0   0x00000340   Code   RO         5258    i.lcd_ex_ili9806_reginit  lcd.o
    0x08008020   0x08008020   0x00000ef2   Code   RO         5259    i.lcd_ex_nt35310_reginit  lcd.o
    0x08008f12   0x08008f12   0x00000efc   Code   RO         5260    i.lcd_ex_nt35510_reginit  lcd.o
    0x08009e0e   0x08009e0e   0x0000016e   Code   RO         5261    i.lcd_ex_ssd1963_reginit  lcd.o
    0x08009f7c   0x08009f7c   0x000001a8   Code   RO         5262    i.lcd_ex_st7789_reginit  lcd.o
    0x0800a124   0x0800a124   0x000001c6   Code   RO         5263    i.lcd_ex_st7796_reginit  lcd.o
    0x0800a2ea   0x0800a2ea   0x00000002   PAD
    0x0800a2ec   0x0800a2ec   0x00000054   Code   RO         5264    i.lcd_fill          lcd.o
    0x0800a340   0x0800a340   0x00000518   Code   RO         5266    i.lcd_init          lcd.o
    0x0800a858   0x0800a858   0x0000000c   Code   RO         5267    i.lcd_opt_delay     lcd.o
    0x0800a864   0x0800a864   0x00000018   Code   RO         5269    i.lcd_rd_data       lcd.o
    0x0800a87c   0x0800a87c   0x0000023c   Code   RO         5271    i.lcd_scan_dir      lcd.o
    0x0800aab8   0x0800aab8   0x00000120   Code   RO         5272    i.lcd_set_cursor    lcd.o
    0x0800abd8   0x0800abd8   0x00000140   Code   RO         5274    i.lcd_show_char     lcd.o
    0x0800ad18   0x0800ad18   0x0000006a   Code   RO         5276    i.lcd_show_string   lcd.o
    0x0800ad82   0x0800ad82   0x00000002   PAD
    0x0800ad84   0x0800ad84   0x00000050   Code   RO         5278    i.lcd_ssd_backlight_set  lcd.o
    0x0800add4   0x0800add4   0x00000018   Code   RO         5279    i.lcd_wr_data       lcd.o
    0x0800adec   0x0800adec   0x00000018   Code   RO         5280    i.lcd_wr_regno      lcd.o
    0x0800ae04   0x0800ae04   0x00000014   Code   RO         5281    i.lcd_write_ram_prepare  lcd.o
    0x0800ae18   0x0800ae18   0x00000010   Code   RO         5282    i.lcd_write_reg     lcd.o
    0x0800ae28   0x0800ae28   0x000000c8   Code   RO         5182    i.led_init          led.o
    0x0800aef0   0x0800aef0   0x0000006c   Code   RO           13    i.main              competition_main.o
    0x0800af5c   0x0800af5c   0x000000ba   Code   RO         5207    i.mpu_memory_protection  mpu.o
    0x0800b016   0x0800b016   0x0000005e   Code   RO         5208    i.mpu_set_protection  mpu.o
    0x0800b074   0x0800b074   0x00000030   Code   RO         5683    i.norflash_erase_sector  norflash.o
    0x0800b0a4   0x0800b0a4   0x00000078   Code   RO         5794    i.norflash_ex_enter_mmap  norflash_ex.o
    0x0800b11c   0x0800b11c   0x0000009c   Code   RO         5797    i.norflash_ex_exit_mmap  norflash_ex.o
    0x0800b1b8   0x0800b1b8   0x0000002c   Code   RO         5798    i.norflash_ex_read  norflash_ex.o
    0x0800b1e4   0x0800b1e4   0x0000001c   Code   RO         5799    i.norflash_ex_read_id  norflash_ex.o
    0x0800b200   0x0800b200   0x00000028   Code   RO         5800    i.norflash_ex_write  norflash_ex.o
    0x0800b228   0x0800b228   0x00000034   Code   RO         5687    i.norflash_read     norflash.o
    0x0800b25c   0x0800b25c   0x0000003c   Code   RO         5688    i.norflash_read_id  norflash.o
    0x0800b298   0x0800b298   0x00000044   Code   RO         5689    i.norflash_read_sr  norflash.o
    0x0800b2dc   0x0800b2dc   0x00000014   Code   RO         5690    i.norflash_wait_busy  norflash.o
    0x0800b2f0   0x0800b2f0   0x000000b8   Code   RO         5691    i.norflash_write    norflash.o
    0x0800b3a8   0x0800b3a8   0x00000010   Code   RO         5693    i.norflash_write_enable  norflash.o
    0x0800b3b8   0x0800b3b8   0x00000046   Code   RO         5694    i.norflash_write_nocheck  norflash.o
    0x0800b3fe   0x0800b3fe   0x00000002   PAD
    0x0800b400   0x0800b400   0x00000038   Code   RO         5695    i.norflash_write_page  norflash.o
    0x0800b438   0x0800b438   0x00000040   Code   RO         5623    i.qspi_init         qspi.o
    0x0800b478   0x0800b478   0x00000028   Code   RO         5624    i.qspi_receive      qspi.o
    0x0800b4a0   0x0800b4a0   0x00000100   Code   RO         5625    i.qspi_send_cmd     qspi.o
    0x0800b5a0   0x0800b5a0   0x00000028   Code   RO         5626    i.qspi_transmit     qspi.o
    0x0800b5c8   0x0800b5c8   0x00000034   Code   RO         5627    i.qspi_wait_flag    qspi.o
    0x0800b5fc   0x0800b5fc   0x0000001c   Code   RO          669    i.sys_cache_enable  sys.o
    0x0800b618   0x0800b618   0x00000004   Code   RO          670    i.sys_intx_disable  sys.o
    0x0800b61c   0x0800b61c   0x00000004   Code   RO          671    i.sys_intx_enable   sys.o
    0x0800b620   0x0800b620   0x000001d8   Code   RO          674    i.sys_qspi_enable_memmapmode  sys.o
    0x0800b7f8   0x0800b7f8   0x00000168   Code   RO          675    i.sys_stm32_clock_init  sys.o
    0x0800b960   0x0800b960   0x00000038   Code   RO          757    i.usart_init        usart.o
    0x0800b998   0x0800b998   0x0000000a   Code   RO         6443    x$fpl$fpinit        fz_wv.l(fpinit.o)
    0x0800b9a2   0x0800b9a2   0x00000010   Data   RO          588    .constdata          system_stm32h7xx.o
    0x0800b9b2   0x0800b9b2   0x00004740   Data   RO         5284    .constdata          lcd.o
    0x080100f2   0x080100f2   0x00000008   Data   RO         5868    .constdata          comp_led.o
    0x080100fa   0x080100fa   0x00000008   Data   RO         5914    .constdata          comp_keys.o
    0x08010102   0x08010102   0x00000a18   Data   RO         6193    .constdata          comp_hanzi.o
    0x08010b1a   0x08010b1a   0x00000028   Data   RO         6266    .constdata          c_w.l(_printf_hex_int.o)
    0x08010b42   0x08010b42   0x00000011   Data   RO         6301    .constdata          c_w.l(__printf_flags_ss_wp.o)
    0x08010b53   0x08010b53   0x00000001   PAD
    0x08010b54   0x08010b54   0x00000020   Data   RO         6494    Region$$Table       anon$$obj.o


    Execution Region ER_RW (Exec base: 0x20000000, Load base: 0x08010b74, Size: 0x0000006c, Max: 0xffffffff, ABSOLUTE)

    Exec Addr    Load Addr    Size         Type   Attr      Idx    E Section Name        Object

    0x20000000   0x08010b74   0x00000012   Data   RW          403    .data               exam_2025.o
    0x20000012   0x08010b86   0x00000002   PAD
    0x20000014   0x08010b88   0x00000008   Data   RW          589    .data               system_stm32h7xx.o
    0x2000001c   0x08010b90   0x00000004   Data   RW          627    .data               delay.o
    0x20000020   0x08010b94   0x00000007   Data   RW          759    .data               usart.o
    0x20000027   0x08010b9b   0x00000001   PAD
    0x20000028   0x08010b9c   0x00000009   Data   RW          879    .data               stm32h7xx_hal.o
    0x20000031   0x08010ba5   0x00000003   PAD
    0x20000034   0x08010ba8   0x00000008   Data   RW         5285    .data               lcd.o
    0x2000003c   0x08010bb0   0x00000003   Data   RW         5698    .data               norflash.o
    0x2000003f   0x08010bb3   0x00000001   PAD
    0x20000040   0x08010bb4   0x00000010   Data   RW         5869    .data               comp_led.o
    0x20000050   0x08010bc4   0x00000013   Data   RW         5915    .data               comp_keys.o
    0x20000063   0x08010bd7   0x00000001   PAD
    0x20000064   0x08010bd8   0x00000005   Data   RW         5994    .data               comp_pwm.o
    0x20000069   0x08010bdd   0x00000001   PAD
    0x2000006a   0x08010bde   0x00000002   Data   RW         6034    .data               comp_nvm.o


    Execution Region ER_ZI (Exec base: 0x2000006c, Load base: 0x08010be0, Size: 0x00001cac, Max: 0xffffffff, ABSOLUTE)

    Exec Addr    Load Addr    Size         Type   Attr      Idx    E Section Name        Object

    0x2000006c        -       0x00000154   Zero   RW          758    .bss                usart.o
    0x200001c0        -       0x0000005a   Zero   RW         5283    .bss                lcd.o
    0x2000021a   0x08010be0   0x00000002   PAD
    0x2000021c        -       0x0000004c   Zero   RW         5628    .bss                qspi.o
    0x20000268        -       0x00001000   Zero   RW         5697    .bss                norflash.o
    0x20001268        -       0x00000010   Zero   RW         5913    .bss                comp_keys.o
    0x20001278        -       0x00000040   Zero   RW         5993    .bss                comp_pwm.o
    0x200012b8        -       0x00000060   Zero   RW         6375    .bss                c_w.l(libspace.o)
    0x20001318        -       0x00000200   Zero   RW            2    HEAP                startup_stm32h750xx.o
    0x20001518        -       0x00000800   Zero   RW            1    STACK               startup_stm32h750xx.o


==============================================================================

Image component sizes


      Code (inc. data)   RO Data    RW Data    ZI Data      Debug   Object Name

        84         10          0          0          0        940   beep.o
        48          4          0          0          0       1157   comp_buzzer.o
       552         14       2584          0          0       5239   comp_hanzi.o
       440         64          8         19         16       3578   comp_keys.o
       280         26          8         16          0       2663   comp_led.o
       596         36          0          0          0       5454   comp_max7219.o
       150         14          0          2          0       3469   comp_nvm.o
       460         58          0          5         64       2940   comp_pwm.o
       108          0          0          0          0    1302474   competition_main.o
       102         10          0          4          0       2043   delay.o
      1886        452          0         18          0      12492   exam_2025.o
     13768        188      18240          8         90      26006   lcd.o
       200         14          0          0          0       1027   led.o
       440         58          0          0          0      37288   mpu.o
       574         24          0          3       4096       6833   norflash.o
       512         26          0          0          0      39651   norflash_ex.o
       700         42          0          0         76       5135   qspi.o
        64         26        664          0       2560        996   startup_stm32h750xx.o
       254         54          0          9          0      23667   stm32h7xx_hal.o
       502         38          0          0          0      41921   stm32h7xx_hal_cortex.o
       920         14          0          0          0       2491   stm32h7xx_hal_dma.o
       548         52          0          0          0       3151   stm32h7xx_hal_gpio.o
        20          6          0          0          0        601   stm32h7xx_hal_pwr_ex.o
      1388         10          0          0          0       7280   stm32h7xx_hal_qspi.o
      3364        100          0          0          0       6904   stm32h7xx_hal_rcc.o
      4764        124          0          0          0       7983   stm32h7xx_hal_rcc_ex.o
       112          6          0          0          0       1280   stm32h7xx_hal_sram.o
      1828        214          0          0          0      10469   stm32h7xx_hal_tim.o
      8068        194          0          0          0      17260   stm32h7xx_hal_uart.o
         6          0          0          0          0       2313   stm32h7xx_hal_uart_ex.o
        28          0          0          0          0       3934   stm32h7xx_it.o
       322         12          0          0          0       3788   stm32h7xx_ll_fmc.o
      1148         74          0          0          0      40347   sys.o
       168         22         16          8          0       1594   system_stm32h7xx.o
       452         58          0          7        340       5805   usart.o

    ----------------------------------------------------------------------
     44886       2044      21552        108       7244    1640173   Object Totals
         0          0         32          0          0          0   (incl. Generated)
        30          0          0          9          2          0   (incl. Padding)

    ----------------------------------------------------------------------

      Code (inc. data)   RO Data    RW Data    ZI Data      Debug   Library Member Name

         8          0          0          0          0         68   __main.o
       392          4         17          0          0         92   __printf_flags_ss_wp.o
        14          0          0          0          0         68   __printf_wp.o
         0          0          0          0          0          0   __rtentry.o
        12          0          0          0          0          0   __rtentry2.o
         6          0          0          0          0          0   __rtentry4.o
        52          8          0          0          0          0   __scatter.o
        26          0          0          0          0          0   __scatter_copy.o
        28          0          0          0          0          0   __scatter_zi.o
        44          0          0          0          0        108   _printf_char.o
        48          6          0          0          0         96   _printf_char_common.o
        36          4          0          0          0         80   _printf_char_file.o
       120         16          0          0          0         92   _printf_dec.o
        88          4         40          0          0         88   _printf_hex_int.o
       178          0          0          0          0         88   _printf_intcommon.o
         0          0          0          0          0          0   _printf_percent.o
         4          0          0          0          0          0   _printf_percent_end.o
         6          0          0          0          0          0   _printf_s.o
        82          0          0          0          0         80   _printf_str.o
         6          0          0          0          0          0   _printf_u.o
         6          0          0          0          0          0   _printf_x.o
        16          0          0          0          0         68   _snputc.o
        10          0          0          0          0         68   _sputc.o
        18          0          0          0          0         80   exit.o
         8          0          0          0          0         68   ferror.o
         6          0          0          0          0        152   heapauxi.o
         2          0          0          0          0          0   libinit.o
         6          0          0          0          0          0   libinit2.o
         2          0          0          0          0          0   libshutdown.o
         2          0          0          0          0          0   libshutdown2.o
         8          4          0          0         96         68   libspace.o
       238          0          0          0          0        100   lludivv7m.o
        24          4          0          0          0         84   noretval__2printf.o
        52          4          0          0          0         84   noretval__2snprintf.o
        78          0          0          0          0         80   rt_memclr_w.o
       138          0          0          0          0         68   rt_memcpy_v6.o
       100          0          0          0          0         80   rt_memcpy_w.o
         2          0          0          0          0          0   rtexit.o
        10          0          0          0          0          0   rtexit2.o
        74          0          0          0          0         80   sys_stackheap_outer.o
         2          0          0          0          0         68   use_no_semi.o
         2          0          0          0          0         68   use_no_semi_2.o
        10          0          0          0          0        116   fpinit.o

    ----------------------------------------------------------------------
      1972         54         58          0         96       2192   Library Totals
         8          0          1          0          0          0   (incl. Padding)

    ----------------------------------------------------------------------

      Code (inc. data)   RO Data    RW Data    ZI Data      Debug   Library Name

      1954         54         57          0         96       2076   c_w.l
        10          0          0          0          0        116   fz_wv.l

    ----------------------------------------------------------------------
      1972         54         58          0         96       2192   Library Totals

    ----------------------------------------------------------------------

==============================================================================


      Code (inc. data)   RO Data    RW Data    ZI Data      Debug   

     46858       2098      21610        108       7340    1622473   Grand Totals
     46858       2098      21610        108       7340    1622473   ELF Image Totals
     46858       2098      21610        108          0          0   ROM Totals

==============================================================================

    Total RO  Size (Code + RO Data)                68468 (  66.86kB)
    Total RW  Size (RW Data + ZI Data)              7448 (   7.27kB)
    Total ROM Size (Code + RO Data + RW Data)      68576 (  66.97kB)

==============================================================================

