<html>
<body>
<pre>
<h1>µVision Build Log</h1>
<h2>Tool Versions:</h2>
IDE-Version: ¦ÌVision V5.36.0.0
Copyright (C) 2021 ARM Ltd and ARM Germany GmbH. All rights reserved.
License Information: XB G, HEU, LIC=IK1BF-6EZL9-UHH8H-WCYFD-YCSLB-XKJET
 
Tool Versions:
Toolchain:       MDK-ARM Plus  Version: 5.36.0.0
Toolchain Path:  D:\Keil5\ARM\ARMCC\Bin
C Compiler:      Armcc.exe V5.06 update 7 (build 960)
Assembler:       Armasm.exe V5.06 update 7 (build 960)
Linker/Locator:  ArmLink.exe V5.06 update 7 (build 960)
Library Manager: ArmAr.exe V5.06 update 7 (build 960)
Hex Converter:   FromElf.exe V5.06 update 7 (build 960)
CPU DLL:         SARMCM3.DLL V5.36.0.0
Dialog DLL:      DCM.DLL V1.17.3.0
Target DLL:      CMSIS_AGDI.dll V1.33.0.0
Dialog DLL:      TCM.DLL V1.53.0.0
 
<h2>Project:</h2>
D:\MiniPro_H750\MiniPro_H750_data\CompetitionBase_MDK\Projects\MDK-ARM\atk_h750.uvprojx
Project File Date:  08/08/2026

<h2>Output:</h2>
*** Using Compiler 'V5.06 update 7 (build 960)', folder: 'D:\Keil5\ARM\ARMCC\Bin'
Rebuild target 'LCD'
assembling startup_stm32h750xx.s...
compiling competition_main.c...
compiling stm32h7xx_it.c...
compiling stm32h7xx_hal.c...
compiling stm32h7xx_hal_gpio.c...
compiling sys.c...
compiling stm32h7xx_hal_pwr_ex.c...
compiling stm32h7xx_hal_pwr.c...
compiling system_stm32h7xx.c...
compiling stm32h7xx_hal_uart_ex.c...
compiling exam_2025.c...
compiling stm32h7xx_hal_rcc_ex.c...
compiling usart.c...
compiling stm32h7xx_hal_uart.c...
compiling stm32h7xx_hal_usart_ex.c...
compiling stm32h7xx_hal_rcc.c...
compiling delay.c...
compiling stm32h7xx_hal_cortex.c...
compiling stm32h7xx_hal_usart.c...
compiling stm32h7xx_hal_dma.c...
compiling stm32h7xx_hal_sram.c...
compiling stm32h7xx_ll_fmc.c...
compiling stm32h7xx_hal_mdma.c...
compiling stm32h7xx_hal_tim_ex.c...
compiling stm32h7xx_hal_adc.c...
compiling led.c...
compiling stm32h7xx_hal_qspi.c...
compiling stm32h7xx_hal_adc_ex.c...
compiling stm32h7xx_hal_tim.c...
compiling beep.c...
compiling mpu.c...
compiling adc3.c...
compiling qspi.c...
compiling comp_led.c...
compiling lsens.c...
compiling norflash.c...
compiling comp_buzzer.c...
compiling comp_keys.c...
compiling comp_pwm.c...
compiling norflash_ex.c...
compiling comp_nvm.c...
compiling lcd.c...
compiling comp_max7219.c...
compiling comp_ui.c...
compiling comp_hanzi.c...
linking...
Program Size: Code=46858 RO-data=21610 RW-data=108 ZI-data=7340  
FromELF: creating hex file...
"..\..\Output\atk_h750.axf" - 0 Error(s), 0 Warning(s).

<h2>Software Packages used:</h2>

Package Vendor: Keil
                https://www.keil.com/pack/Keil.STM32H7xx_DFP.4.1.3.pack
                Keil.STM32H7xx_DFP.4.1.3
                STMicroelectronics STM32H7 Series Device Support

<h2>Collection of Component include folders:</h2>

<h2>Collection of Component Files used:</h2>
Build Time Elapsed:  00:00:06
</pre>
</body>
</html>
